<?xml version="1.0" encoding="UTF-8"?>
<testsuites name="jest tests" tests="1213" failures="0" time="6.862">
  <testsuite name="Test cases for undefined" errors="0" failures="0" skipped="0" timestamp="2019-03-22T20:58:23" time="2.379" tests="21">
    <testcase classname="Test cases for undefined should return &apos;A&apos; for &apos;undefined&apos; @2018-01-06T00:00:00.000-05:00" name="Test cases for undefined should return &apos;A&apos; for &apos;undefined&apos; @2018-01-06T00:00:00.000-05:00" time="0.008">
    </testcase>
    <testcase classname="Test cases for undefined should return &apos;A&apos; for &apos;undefined&apos; @2018-01-06T23:59:59.999-05:00" name="Test cases for undefined should return &apos;A&apos; for &apos;undefined&apos; @2018-01-06T23:59:59.999-05:00" time="0.001">
    </testcase>
    <testcase classname="Test cases for undefined should return &apos;G&apos; for &apos;undefined&apos; @2018-01-13T00:00:00.000-05:00" name="Test cases for undefined should return &apos;G&apos; for &apos;undefined&apos; @2018-01-13T00:00:00.000-05:00" time="0.001">
    </testcase>
    <testcase classname="Test cases for undefined should return &apos;G&apos; for &apos;undefined&apos; @2018-01-13T23:59:59.999-05:00" name="Test cases for undefined should return &apos;G&apos; for &apos;undefined&apos; @2018-01-13T23:59:59.999-05:00" time="0">
    </testcase>
    <testcase classname="Test cases for undefined should return &apos;B&apos; for &apos;undefined&apos; @2018-04-07T00:00:00.000-05:00" name="Test cases for undefined should return &apos;B&apos; for &apos;undefined&apos; @2018-04-07T00:00:00.000-05:00" time="0.001">
    </testcase>
    <testcase classname="Test cases for undefined should return &apos;B&apos; for &apos;undefined&apos; @2018-04-07T23:59:59.999-05:00" name="Test cases for undefined should return &apos;B&apos; for &apos;undefined&apos; @2018-04-07T23:59:59.999-05:00" time="0.001">
    </testcase>
    <testcase classname="Test cases for undefined should return &apos;C&apos; for &apos;undefined&apos; @2018-04-09T00:00:00.000-05:00" name="Test cases for undefined should return &apos;C&apos; for &apos;undefined&apos; @2018-04-09T00:00:00.000-05:00" time="0.001">
    </testcase>
    <testcase classname="Test cases for undefined should return &apos;C&apos; for &apos;undefined&apos; @2018-04-09T23:59:59.999-05:00" name="Test cases for undefined should return &apos;C&apos; for &apos;undefined&apos; @2018-04-09T23:59:59.999-05:00" time="0">
    </testcase>
    <testcase classname="Test cases for undefined should return &apos;F&apos; for &apos;undefined&apos; @2018-05-16T00:00:00.000-05:00" name="Test cases for undefined should return &apos;F&apos; for &apos;undefined&apos; @2018-05-16T00:00:00.000-05:00" time="0.001">
    </testcase>
    <testcase classname="Test cases for undefined should return &apos;F&apos; for &apos;undefined&apos; @2018-05-16T23:59:59.999-05:00" name="Test cases for undefined should return &apos;F&apos; for &apos;undefined&apos; @2018-05-16T23:59:59.999-05:00" time="0.001">
    </testcase>
    <testcase classname="Test cases for undefined should return &apos;B&apos; for &apos;undefined&apos; @2018-06-14T00:00:00.000-05:00" name="Test cases for undefined should return &apos;B&apos; for &apos;undefined&apos; @2018-06-14T00:00:00.000-05:00" time="0.006">
    </testcase>
    <testcase classname="Test cases for undefined should return &apos;B&apos; for &apos;undefined&apos; @2018-06-14T23:59:59.999-05:00" name="Test cases for undefined should return &apos;B&apos; for &apos;undefined&apos; @2018-06-14T23:59:59.999-05:00" time="0.001">
    </testcase>
    <testcase classname="Test cases for undefined should return &apos;H&apos; for &apos;undefined&apos; @2018-06-09T00:00:00.000-05:00" name="Test cases for undefined should return &apos;H&apos; for &apos;undefined&apos; @2018-06-09T00:00:00.000-05:00" time="0.001">
    </testcase>
    <testcase classname="Test cases for undefined should return &apos;H&apos; for &apos;undefined&apos; @2018-06-09T23:59:59.999-05:00" name="Test cases for undefined should return &apos;H&apos; for &apos;undefined&apos; @2018-06-09T23:59:59.999-05:00" time="0.001">
    </testcase>
    <testcase classname="Test cases for undefined should return &apos;G&apos; for &apos;undefined&apos; @2018-12-29T00:00:00.000-05:00" name="Test cases for undefined should return &apos;G&apos; for &apos;undefined&apos; @2018-12-29T00:00:00.000-05:00" time="0.002">
    </testcase>
    <testcase classname="Test cases for undefined should return &apos;G&apos; for &apos;undefined&apos; @2018-12-29T23:59:59.999-05:00" name="Test cases for undefined should return &apos;G&apos; for &apos;undefined&apos; @2018-12-29T23:59:59.999-05:00" time="0.001">
    </testcase>
    <testcase classname="&apos;pyp&apos; should be a function for [object Object] should be a function" name="&apos;pyp&apos; should be a function for [object Object] should be a function" time="0">
    </testcase>
    <testcase classname="Test for [object Object] info Should return an array for &apos;vehicleClasses&apos; of [object Object]" name="Test for [object Object] info Should return an array for &apos;vehicleClasses&apos; of [object Object]" time="0">
    </testcase>
    <testcase classname="Test for [object Object] info Should return scheme info of [object Object]" name="Test for [object Object] info Should return scheme info of [object Object]" time="0.001">
    </testcase>
    <testcase classname="Test for [object Object] info Should return decrees info for [object Object]" name="Test for [object Object] info Should return decrees info for [object Object]" time="0.001">
    </testcase>
    <testcase classname="Test for [object Object] info Should return hours info for [object Object]" name="Test for [object Object] info Should return hours info for [object Object]" time="0.002">
    </testcase>
  </testsuite>
  <testsuite name="Test cases for undefined" errors="0" failures="0" skipped="0" timestamp="2019-03-22T20:58:23" time="2.385" tests="21">
    <testcase classname="Test cases for undefined should return &apos;9-0&apos; for &apos;undefined&apos; @2018-04-07T00:00:00.000-05:00" name="Test cases for undefined should return &apos;9-0&apos; for &apos;undefined&apos; @2018-04-07T00:00:00.000-05:00" time="0.009">
    </testcase>
    <testcase classname="Test cases for undefined should return &apos;9-0&apos; for &apos;undefined&apos; @2018-04-07T23:59:59.999-05:00" name="Test cases for undefined should return &apos;9-0&apos; for &apos;undefined&apos; @2018-04-07T23:59:59.999-05:00" time="0.001">
    </testcase>
    <testcase classname="Test cases for undefined should return &apos;3-4&apos; for &apos;undefined&apos; @2018-03-26T00:00:00.000-05:00" name="Test cases for undefined should return &apos;3-4&apos; for &apos;undefined&apos; @2018-03-26T00:00:00.000-05:00" time="0">
    </testcase>
    <testcase classname="Test cases for undefined should return &apos;3-4&apos; for &apos;undefined&apos; @2018-03-26T23:59:59.999-05:00" name="Test cases for undefined should return &apos;3-4&apos; for &apos;undefined&apos; @2018-03-26T23:59:59.999-05:00" time="0">
    </testcase>
    <testcase classname="Test cases for undefined should return &apos;5-6&apos; for &apos;undefined&apos; @2018-04-02T00:00:00.000-05:00" name="Test cases for undefined should return &apos;5-6&apos; for &apos;undefined&apos; @2018-04-02T00:00:00.000-05:00" time="0">
    </testcase>
    <testcase classname="Test cases for undefined should return &apos;5-6&apos; for &apos;undefined&apos; @2018-04-02T23:59:59.999-05:00" name="Test cases for undefined should return &apos;5-6&apos; for &apos;undefined&apos; @2018-04-02T23:59:59.999-05:00" time="0.001">
    </testcase>
    <testcase classname="Test cases for undefined should return &apos;5-6&apos; for &apos;undefined&apos; @2018-04-09T00:00:00.000-05:00" name="Test cases for undefined should return &apos;5-6&apos; for &apos;undefined&apos; @2018-04-09T00:00:00.000-05:00" time="0">
    </testcase>
    <testcase classname="Test cases for undefined should return &apos;5-6&apos; for &apos;undefined&apos; @2018-04-09T23:59:59.999-05:00" name="Test cases for undefined should return &apos;5-6&apos; for &apos;undefined&apos; @2018-04-09T23:59:59.999-05:00" time="0.001">
    </testcase>
    <testcase classname="Test cases for undefined should return &apos;9-0&apos; for &apos;undefined&apos; @2018-05-16T00:00:00.000-05:00" name="Test cases for undefined should return &apos;9-0&apos; for &apos;undefined&apos; @2018-05-16T00:00:00.000-05:00" time="0">
    </testcase>
    <testcase classname="Test cases for undefined should return &apos;9-0&apos; for &apos;undefined&apos; @2018-05-16T23:59:59.999-05:00" name="Test cases for undefined should return &apos;9-0&apos; for &apos;undefined&apos; @2018-05-16T23:59:59.999-05:00" time="0.006">
    </testcase>
    <testcase classname="Test cases for undefined should return &apos;9-0&apos; for &apos;undefined&apos; @2018-07-03T00:00:00.000-05:00" name="Test cases for undefined should return &apos;9-0&apos; for &apos;undefined&apos; @2018-07-03T00:00:00.000-05:00" time="0.001">
    </testcase>
    <testcase classname="Test cases for undefined should return &apos;9-0&apos; for &apos;undefined&apos; @2018-07-03T23:59:59.999-05:00" name="Test cases for undefined should return &apos;9-0&apos; for &apos;undefined&apos; @2018-07-03T23:59:59.999-05:00" time="0">
    </testcase>
    <testcase classname="Test cases for undefined should return &apos;5-6&apos; for &apos;undefined&apos; @2018-07-07T00:00:00.000-05:00" name="Test cases for undefined should return &apos;5-6&apos; for &apos;undefined&apos; @2018-07-07T00:00:00.000-05:00" time="0">
    </testcase>
    <testcase classname="Test cases for undefined should return &apos;5-6&apos; for &apos;undefined&apos; @2018-07-07T23:59:59.999-05:00" name="Test cases for undefined should return &apos;5-6&apos; for &apos;undefined&apos; @2018-07-07T23:59:59.999-05:00" time="0.001">
    </testcase>
    <testcase classname="Test cases for undefined should return &apos;9-0&apos; for &apos;undefined&apos; @2018-10-01T00:00:00.000-05:00" name="Test cases for undefined should return &apos;9-0&apos; for &apos;undefined&apos; @2018-10-01T00:00:00.000-05:00" time="0">
    </testcase>
    <testcase classname="Test cases for undefined should return &apos;9-0&apos; for &apos;undefined&apos; @2018-10-01T23:59:59.999-05:00" name="Test cases for undefined should return &apos;9-0&apos; for &apos;undefined&apos; @2018-10-01T23:59:59.999-05:00" time="0">
    </testcase>
    <testcase classname="&apos;pyp&apos; should be a function for [object Object] should be a function" name="&apos;pyp&apos; should be a function for [object Object] should be a function" time="0">
    </testcase>
    <testcase classname="Test for [object Object] info Should return an array for &apos;vehicleClasses&apos; of [object Object]" name="Test for [object Object] info Should return an array for &apos;vehicleClasses&apos; of [object Object]" time="0">
    </testcase>
    <testcase classname="Test for [object Object] info Should return scheme info of [object Object]" name="Test for [object Object] info Should return scheme info of [object Object]" time="0.001">
    </testcase>
    <testcase classname="Test for [object Object] info Should return decrees info for [object Object]" name="Test for [object Object] info Should return decrees info for [object Object]" time="0.002">
    </testcase>
    <testcase classname="Test for [object Object] info Should return hours info for [object Object]" name="Test for [object Object] info Should return hours info for [object Object]" time="0.002">
    </testcase>
  </testsuite>
  <testsuite name="Test cases for undefined" errors="0" failures="0" skipped="0" timestamp="2019-03-22T20:58:23" time="2.377" tests="11">
    <testcase classname="Test cases for undefined should return &apos;1-3&apos; for &apos;undefined&apos; @2018-04-09T00:00:00.000-05:00" name="Test cases for undefined should return &apos;1-3&apos; for &apos;undefined&apos; @2018-04-09T00:00:00.000-05:00" time="0.007">
    </testcase>
    <testcase classname="Test cases for undefined should return &apos;1-3&apos; for &apos;undefined&apos; @2018-04-09T23:59:59.999-05:00" name="Test cases for undefined should return &apos;1-3&apos; for &apos;undefined&apos; @2018-04-09T23:59:59.999-05:00" time="0.002">
    </testcase>
    <testcase classname="Test cases for undefined should return &apos;5-7&apos; for &apos;undefined&apos; @2018-05-16T00:00:00.000-05:00" name="Test cases for undefined should return &apos;5-7&apos; for &apos;undefined&apos; @2018-05-16T00:00:00.000-05:00" time="0">
    </testcase>
    <testcase classname="Test cases for undefined should return &apos;5-7&apos; for &apos;undefined&apos; @2018-05-16T23:59:59.999-05:00" name="Test cases for undefined should return &apos;5-7&apos; for &apos;undefined&apos; @2018-05-16T23:59:59.999-05:00" time="0.001">
    </testcase>
    <testcase classname="Test cases for undefined should return &apos;0-1-2-3-4-5-6-7-8-9&apos; for &apos;undefined&apos; @2019-01-30T00:00:00.000-05:00" name="Test cases for undefined should return &apos;0-1-2-3-4-5-6-7-8-9&apos; for &apos;undefined&apos; @2019-01-30T00:00:00.000-05:00" time="0">
    </testcase>
    <testcase classname="Test cases for undefined should return &apos;0-1-2-3-4-5-6-7-8-9&apos; for &apos;undefined&apos; @2019-01-30T23:59:59.999-05:00" name="Test cases for undefined should return &apos;0-1-2-3-4-5-6-7-8-9&apos; for &apos;undefined&apos; @2019-01-30T23:59:59.999-05:00" time="0.001">
    </testcase>
    <testcase classname="&apos;pyp&apos; should be a function for [object Object] should be a function" name="&apos;pyp&apos; should be a function for [object Object] should be a function" time="0.001">
    </testcase>
    <testcase classname="Test for [object Object] info Should return an array for &apos;vehicleClasses&apos; of [object Object]" name="Test for [object Object] info Should return an array for &apos;vehicleClasses&apos; of [object Object]" time="0">
    </testcase>
    <testcase classname="Test for [object Object] info Should return scheme info of [object Object]" name="Test for [object Object] info Should return scheme info of [object Object]" time="0.001">
    </testcase>
    <testcase classname="Test for [object Object] info Should return decrees info for [object Object]" name="Test for [object Object] info Should return decrees info for [object Object]" time="0.001">
    </testcase>
    <testcase classname="Test for [object Object] info Should return hours info for [object Object]" name="Test for [object Object] info Should return hours info for [object Object]" time="0.002">
    </testcase>
  </testsuite>
  <testsuite name="Test cases for undefined" errors="0" failures="0" skipped="0" timestamp="2019-03-22T20:58:23" time="2.384" tests="17">
    <testcase classname="Test cases for undefined should return &apos;1-3-5-7-9&apos; for &apos;undefined&apos; @2019-02-23T00:00:00.000-05:00" name="Test cases for undefined should return &apos;1-3-5-7-9&apos; for &apos;undefined&apos; @2019-02-23T00:00:00.000-05:00" time="0.008">
    </testcase>
    <testcase classname="Test cases for undefined should return &apos;1-3-5-7-9&apos; for &apos;undefined&apos; @2019-02-23T23:59:59.999-05:00" name="Test cases for undefined should return &apos;1-3-5-7-9&apos; for &apos;undefined&apos; @2019-02-23T23:59:59.999-05:00" time="0.001">
    </testcase>
    <testcase classname="Test cases for undefined should return &apos;1-3-5-7-9&apos; for &apos;undefined&apos; @2019-03-09T00:00:00.000-05:00" name="Test cases for undefined should return &apos;1-3-5-7-9&apos; for &apos;undefined&apos; @2019-03-09T00:00:00.000-05:00" time="0">
    </testcase>
    <testcase classname="Test cases for undefined should return &apos;1-3-5-7-9&apos; for &apos;undefined&apos; @2019-03-09T23:59:59.999-05:00" name="Test cases for undefined should return &apos;1-3-5-7-9&apos; for &apos;undefined&apos; @2019-03-09T23:59:59.999-05:00" time="0.006">
    </testcase>
    <testcase classname="Test cases for undefined should return &apos;1-3-5-7-9&apos; for &apos;undefined&apos; @2019-03-23T00:00:00.000-05:00" name="Test cases for undefined should return &apos;1-3-5-7-9&apos; for &apos;undefined&apos; @2019-03-23T00:00:00.000-05:00" time="0">
    </testcase>
    <testcase classname="Test cases for undefined should return &apos;1-3-5-7-9&apos; for &apos;undefined&apos; @2019-03-23T23:59:59.999-05:00" name="Test cases for undefined should return &apos;1-3-5-7-9&apos; for &apos;undefined&apos; @2019-03-23T23:59:59.999-05:00" time="0.001">
    </testcase>
    <testcase classname="Test cases for undefined should return &apos;0-2-4-6-8&apos; for &apos;undefined&apos; @2019-03-02T00:00:00.000-05:00" name="Test cases for undefined should return &apos;0-2-4-6-8&apos; for &apos;undefined&apos; @2019-03-02T00:00:00.000-05:00" time="0">
    </testcase>
    <testcase classname="Test cases for undefined should return &apos;0-2-4-6-8&apos; for &apos;undefined&apos; @2019-03-02T23:59:59.999-05:00" name="Test cases for undefined should return &apos;0-2-4-6-8&apos; for &apos;undefined&apos; @2019-03-02T23:59:59.999-05:00" time="0">
    </testcase>
    <testcase classname="Test cases for undefined should return &apos;0-2-4-6-8&apos; for &apos;undefined&apos; @2019-03-16T00:00:00.000-05:00" name="Test cases for undefined should return &apos;0-2-4-6-8&apos; for &apos;undefined&apos; @2019-03-16T00:00:00.000-05:00" time="0.001">
    </testcase>
    <testcase classname="Test cases for undefined should return &apos;0-2-4-6-8&apos; for &apos;undefined&apos; @2019-03-16T23:59:59.999-05:00" name="Test cases for undefined should return &apos;0-2-4-6-8&apos; for &apos;undefined&apos; @2019-03-16T23:59:59.999-05:00" time="0">
    </testcase>
    <testcase classname="Test cases for undefined should return &apos;0-2-4-6-8&apos; for &apos;undefined&apos; @2019-03-30T00:00:00.000-05:00" name="Test cases for undefined should return &apos;0-2-4-6-8&apos; for &apos;undefined&apos; @2019-03-30T00:00:00.000-05:00" time="0.001">
    </testcase>
    <testcase classname="Test cases for undefined should return &apos;0-2-4-6-8&apos; for &apos;undefined&apos; @2019-03-30T23:59:59.999-05:00" name="Test cases for undefined should return &apos;0-2-4-6-8&apos; for &apos;undefined&apos; @2019-03-30T23:59:59.999-05:00" time="0">
    </testcase>
    <testcase classname="&apos;pyp&apos; should be a function for [object Object] should be a function" name="&apos;pyp&apos; should be a function for [object Object] should be a function" time="0.001">
    </testcase>
    <testcase classname="Test for [object Object] info Should return an array for &apos;vehicleClasses&apos; of [object Object]" name="Test for [object Object] info Should return an array for &apos;vehicleClasses&apos; of [object Object]" time="0">
    </testcase>
    <testcase classname="Test for [object Object] info Should return scheme info of [object Object]" name="Test for [object Object] info Should return scheme info of [object Object]" time="0.001">
    </testcase>
    <testcase classname="Test for [object Object] info Should return decrees info for [object Object]" name="Test for [object Object] info Should return decrees info for [object Object]" time="0.001">
    </testcase>
    <testcase classname="Test for [object Object] info Should return hours info for [object Object]" name="Test for [object Object] info Should return hours info for [object Object]" time="0.002">
    </testcase>
  </testsuite>
  <testsuite name="Test cases for undefined" errors="0" failures="0" skipped="0" timestamp="2019-03-22T20:58:23" time="2.39" tests="21">
    <testcase classname="Test cases for undefined should return &apos;9-0&apos; for &apos;undefined&apos; @2018-04-07T00:00:00.000-05:00" name="Test cases for undefined should return &apos;9-0&apos; for &apos;undefined&apos; @2018-04-07T00:00:00.000-05:00" time="0.008">
    </testcase>
    <testcase classname="Test cases for undefined should return &apos;9-0&apos; for &apos;undefined&apos; @2018-04-07T23:59:59.999-05:00" name="Test cases for undefined should return &apos;9-0&apos; for &apos;undefined&apos; @2018-04-07T23:59:59.999-05:00" time="0.001">
    </testcase>
    <testcase classname="Test cases for undefined should return &apos;3-4&apos; for &apos;undefined&apos; @2018-03-26T00:00:00.000-05:00" name="Test cases for undefined should return &apos;3-4&apos; for &apos;undefined&apos; @2018-03-26T00:00:00.000-05:00" time="0.001">
    </testcase>
    <testcase classname="Test cases for undefined should return &apos;3-4&apos; for &apos;undefined&apos; @2018-03-26T23:59:59.999-05:00" name="Test cases for undefined should return &apos;3-4&apos; for &apos;undefined&apos; @2018-03-26T23:59:59.999-05:00" time="0">
    </testcase>
    <testcase classname="Test cases for undefined should return &apos;5-6&apos; for &apos;undefined&apos; @2018-04-02T00:00:00.000-05:00" name="Test cases for undefined should return &apos;5-6&apos; for &apos;undefined&apos; @2018-04-02T00:00:00.000-05:00" time="0.001">
    </testcase>
    <testcase classname="Test cases for undefined should return &apos;5-6&apos; for &apos;undefined&apos; @2018-04-02T23:59:59.999-05:00" name="Test cases for undefined should return &apos;5-6&apos; for &apos;undefined&apos; @2018-04-02T23:59:59.999-05:00" time="0">
    </testcase>
    <testcase classname="Test cases for undefined should return &apos;5-6&apos; for &apos;undefined&apos; @2018-04-09T00:00:00.000-05:00" name="Test cases for undefined should return &apos;5-6&apos; for &apos;undefined&apos; @2018-04-09T00:00:00.000-05:00" time="0.001">
    </testcase>
    <testcase classname="Test cases for undefined should return &apos;5-6&apos; for &apos;undefined&apos; @2018-04-09T23:59:59.999-05:00" name="Test cases for undefined should return &apos;5-6&apos; for &apos;undefined&apos; @2018-04-09T23:59:59.999-05:00" time="0">
    </testcase>
    <testcase classname="Test cases for undefined should return &apos;9-0&apos; for &apos;undefined&apos; @2018-05-16T00:00:00.000-05:00" name="Test cases for undefined should return &apos;9-0&apos; for &apos;undefined&apos; @2018-05-16T00:00:00.000-05:00" time="0">
    </testcase>
    <testcase classname="Test cases for undefined should return &apos;9-0&apos; for &apos;undefined&apos; @2018-05-16T23:59:59.999-05:00" name="Test cases for undefined should return &apos;9-0&apos; for &apos;undefined&apos; @2018-05-16T23:59:59.999-05:00" time="0.001">
    </testcase>
    <testcase classname="Test cases for undefined should return &apos;9-0&apos; for &apos;undefined&apos; @2018-07-03T00:00:00.000-05:00" name="Test cases for undefined should return &apos;9-0&apos; for &apos;undefined&apos; @2018-07-03T00:00:00.000-05:00" time="0">
    </testcase>
    <testcase classname="Test cases for undefined should return &apos;9-0&apos; for &apos;undefined&apos; @2018-07-03T23:59:59.999-05:00" name="Test cases for undefined should return &apos;9-0&apos; for &apos;undefined&apos; @2018-07-03T23:59:59.999-05:00" time="0.001">
    </testcase>
    <testcase classname="Test cases for undefined should return &apos;5-6&apos; for &apos;undefined&apos; @2018-07-07T00:00:00.000-05:00" name="Test cases for undefined should return &apos;5-6&apos; for &apos;undefined&apos; @2018-07-07T00:00:00.000-05:00" time="0">
    </testcase>
    <testcase classname="Test cases for undefined should return &apos;5-6&apos; for &apos;undefined&apos; @2018-07-07T23:59:59.999-05:00" name="Test cases for undefined should return &apos;5-6&apos; for &apos;undefined&apos; @2018-07-07T23:59:59.999-05:00" time="0">
    </testcase>
    <testcase classname="Test cases for undefined should return &apos;9-0&apos; for &apos;undefined&apos; @2018-10-01T00:00:00.000-05:00" name="Test cases for undefined should return &apos;9-0&apos; for &apos;undefined&apos; @2018-10-01T00:00:00.000-05:00" time="0.001">
    </testcase>
    <testcase classname="Test cases for undefined should return &apos;9-0&apos; for &apos;undefined&apos; @2018-10-01T23:59:59.999-05:00" name="Test cases for undefined should return &apos;9-0&apos; for &apos;undefined&apos; @2018-10-01T23:59:59.999-05:00" time="0">
    </testcase>
    <testcase classname="&apos;pyp&apos; should be a function for [object Object] should be a function" name="&apos;pyp&apos; should be a function for [object Object] should be a function" time="0">
    </testcase>
    <testcase classname="Test for [object Object] info Should return an array for &apos;vehicleClasses&apos; of [object Object]" name="Test for [object Object] info Should return an array for &apos;vehicleClasses&apos; of [object Object]" time="0">
    </testcase>
    <testcase classname="Test for [object Object] info Should return scheme info of [object Object]" name="Test for [object Object] info Should return scheme info of [object Object]" time="0.001">
    </testcase>
    <testcase classname="Test for [object Object] info Should return decrees info for [object Object]" name="Test for [object Object] info Should return decrees info for [object Object]" time="0.002">
    </testcase>
    <testcase classname="Test for [object Object] info Should return hours info for [object Object]" name="Test for [object Object] info Should return hours info for [object Object]" time="0.001">
    </testcase>
  </testsuite>
  <testsuite name="Test cases for undefined" errors="0" failures="0" skipped="0" timestamp="2019-03-22T20:58:24" time="2.412" tests="11">
    <testcase classname="Test cases for undefined should return &apos;3-4&apos; for &apos;undefined&apos; @2018-04-07T00:00:00.000-05:00" name="Test cases for undefined should return &apos;3-4&apos; for &apos;undefined&apos; @2018-04-07T00:00:00.000-05:00" time="0.008">
    </testcase>
    <testcase classname="Test cases for undefined should return &apos;3-4&apos; for &apos;undefined&apos; @2018-04-07T23:59:59.999-05:00" name="Test cases for undefined should return &apos;3-4&apos; for &apos;undefined&apos; @2018-04-07T23:59:59.999-05:00" time="0.001">
    </testcase>
    <testcase classname="Test cases for undefined should return &apos;5-6&apos; for &apos;undefined&apos; @2018-04-09T00:00:00.000-05:00" name="Test cases for undefined should return &apos;5-6&apos; for &apos;undefined&apos; @2018-04-09T00:00:00.000-05:00" time="0.001">
    </testcase>
    <testcase classname="Test cases for undefined should return &apos;5-6&apos; for &apos;undefined&apos; @2018-04-09T23:59:59.999-05:00" name="Test cases for undefined should return &apos;5-6&apos; for &apos;undefined&apos; @2018-04-09T23:59:59.999-05:00" time="0">
    </testcase>
    <testcase classname="Test cases for undefined should return &apos;9-0&apos; for &apos;undefined&apos; @2018-05-16T00:00:00.000-05:00" name="Test cases for undefined should return &apos;9-0&apos; for &apos;undefined&apos; @2018-05-16T00:00:00.000-05:00" time="0.001">
    </testcase>
    <testcase classname="Test cases for undefined should return &apos;9-0&apos; for &apos;undefined&apos; @2018-05-16T23:59:59.999-05:00" name="Test cases for undefined should return &apos;9-0&apos; for &apos;undefined&apos; @2018-05-16T23:59:59.999-05:00" time="0">
    </testcase>
    <testcase classname="&apos;pyp&apos; should be a function for [object Object] should be a function" name="&apos;pyp&apos; should be a function for [object Object] should be a function" time="0">
    </testcase>
    <testcase classname="Test for [object Object] info Should return an array for &apos;vehicleClasses&apos; of [object Object]" name="Test for [object Object] info Should return an array for &apos;vehicleClasses&apos; of [object Object]" time="0">
    </testcase>
    <testcase classname="Test for [object Object] info Should return scheme info of [object Object]" name="Test for [object Object] info Should return scheme info of [object Object]" time="0.002">
    </testcase>
    <testcase classname="Test for [object Object] info Should return decrees info for [object Object]" name="Test for [object Object] info Should return decrees info for [object Object]" time="0.008">
    </testcase>
    <testcase classname="Test for [object Object] info Should return hours info for [object Object]" name="Test for [object Object] info Should return hours info for [object Object]" time="0.002">
    </testcase>
  </testsuite>
  <testsuite name="Test cases for undefined" errors="0" failures="0" skipped="0" timestamp="2019-03-22T20:58:24" time="2.424" tests="29">
    <testcase classname="Test cases for undefined should return &apos;1-3-5-7-9- azul&apos; for &apos;undefined&apos; @2018-01-01T00:00:00.000-05:00" name="Test cases for undefined should return &apos;1-3-5-7-9- azul&apos; for &apos;undefined&apos; @2018-01-01T00:00:00.000-05:00" time="0.007">
    </testcase>
    <testcase classname="Test cases for undefined should return &apos;1-3-5-7-9- azul&apos; for &apos;undefined&apos; @2018-01-01T23:59:59.999-05:00" name="Test cases for undefined should return &apos;1-3-5-7-9- azul&apos; for &apos;undefined&apos; @2018-01-01T23:59:59.999-05:00" time="0.001">
    </testcase>
    <testcase classname="Test cases for undefined should return &apos;1-3-5-7-9- azul&apos; for &apos;undefined&apos; @2018-03-19T00:00:00.000-05:00" name="Test cases for undefined should return &apos;1-3-5-7-9- azul&apos; for &apos;undefined&apos; @2018-03-19T00:00:00.000-05:00" time="0.001">
    </testcase>
    <testcase classname="Test cases for undefined should return &apos;1-3-5-7-9- azul&apos; for &apos;undefined&apos; @2018-03-19T23:59:59.999-05:00" name="Test cases for undefined should return &apos;1-3-5-7-9- azul&apos; for &apos;undefined&apos; @2018-03-19T23:59:59.999-05:00" time="0">
    </testcase>
    <testcase classname="Test cases for undefined should return &apos;1-3-5-7-9- azul&apos; for &apos;undefined&apos; @2018-04-07T00:00:00.000-05:00" name="Test cases for undefined should return &apos;1-3-5-7-9- azul&apos; for &apos;undefined&apos; @2018-04-07T00:00:00.000-05:00" time="0.001">
    </testcase>
    <testcase classname="Test cases for undefined should return &apos;1-3-5-7-9- azul&apos; for &apos;undefined&apos; @2018-04-07T23:59:59.999-05:00" name="Test cases for undefined should return &apos;1-3-5-7-9- azul&apos; for &apos;undefined&apos; @2018-04-07T23:59:59.999-05:00" time="0">
    </testcase>
    <testcase classname="Test cases for undefined should return &apos;0-2-4-6-8- naranja&apos; for &apos;undefined&apos; @2018-02-04T00:00:00.000-05:00" name="Test cases for undefined should return &apos;0-2-4-6-8- naranja&apos; for &apos;undefined&apos; @2018-02-04T00:00:00.000-05:00" time="0">
    </testcase>
    <testcase classname="Test cases for undefined should return &apos;0-2-4-6-8- naranja&apos; for &apos;undefined&apos; @2018-02-04T23:59:59.999-05:00" name="Test cases for undefined should return &apos;0-2-4-6-8- naranja&apos; for &apos;undefined&apos; @2018-02-04T23:59:59.999-05:00" time="0.001">
    </testcase>
    <testcase classname="Test cases for undefined should return &apos;1-3-5-7-9- azul&apos; for &apos;undefined&apos; @2018-04-09T00:00:00.000-05:00" name="Test cases for undefined should return &apos;1-3-5-7-9- azul&apos; for &apos;undefined&apos; @2018-04-09T00:00:00.000-05:00" time="0">
    </testcase>
    <testcase classname="Test cases for undefined should return &apos;1-3-5-7-9- azul&apos; for &apos;undefined&apos; @2018-04-09T23:59:59.999-05:00" name="Test cases for undefined should return &apos;1-3-5-7-9- azul&apos; for &apos;undefined&apos; @2018-04-09T23:59:59.999-05:00" time="0.001">
    </testcase>
    <testcase classname="Test cases for undefined should return &apos;0-2-4-6-8- naranja&apos; for &apos;undefined&apos; @2018-05-16T00:00:00.000-05:00" name="Test cases for undefined should return &apos;0-2-4-6-8- naranja&apos; for &apos;undefined&apos; @2018-05-16T00:00:00.000-05:00" time="0">
    </testcase>
    <testcase classname="Test cases for undefined should return &apos;0-2-4-6-8- naranja&apos; for &apos;undefined&apos; @2018-05-16T23:59:59.999-05:00" name="Test cases for undefined should return &apos;0-2-4-6-8- naranja&apos; for &apos;undefined&apos; @2018-05-16T23:59:59.999-05:00" time="0.001">
    </testcase>
    <testcase classname="Test cases for undefined should return &apos;0-2-4-6-8- naranja&apos; for &apos;undefined&apos; @2018-01-31T00:00:00.000-05:00" name="Test cases for undefined should return &apos;0-2-4-6-8- naranja&apos; for &apos;undefined&apos; @2018-01-31T00:00:00.000-05:00" time="0">
    </testcase>
    <testcase classname="Test cases for undefined should return &apos;0-2-4-6-8- naranja&apos; for &apos;undefined&apos; @2018-01-31T23:59:59.999-05:00" name="Test cases for undefined should return &apos;0-2-4-6-8- naranja&apos; for &apos;undefined&apos; @2018-01-31T23:59:59.999-05:00" time="0">
    </testcase>
    <testcase classname="Test cases for undefined should return &apos;1-3-5-7-9- azul&apos; for &apos;undefined&apos; @2018-03-31T00:00:00.000-05:00" name="Test cases for undefined should return &apos;1-3-5-7-9- azul&apos; for &apos;undefined&apos; @2018-03-31T00:00:00.000-05:00" time="0.001">
    </testcase>
    <testcase classname="Test cases for undefined should return &apos;1-3-5-7-9- azul&apos; for &apos;undefined&apos; @2018-03-31T23:59:59.999-05:00" name="Test cases for undefined should return &apos;1-3-5-7-9- azul&apos; for &apos;undefined&apos; @2018-03-31T23:59:59.999-05:00" time="0">
    </testcase>
    <testcase classname="Test cases for undefined should return &apos;0-2-4-6-8- naranja&apos; for &apos;undefined&apos; @2018-07-31T00:00:00.000-05:00" name="Test cases for undefined should return &apos;0-2-4-6-8- naranja&apos; for &apos;undefined&apos; @2018-07-31T00:00:00.000-05:00" time="0">
    </testcase>
    <testcase classname="Test cases for undefined should return &apos;0-2-4-6-8- naranja&apos; for &apos;undefined&apos; @2018-07-31T23:59:59.999-05:00" name="Test cases for undefined should return &apos;0-2-4-6-8- naranja&apos; for &apos;undefined&apos; @2018-07-31T23:59:59.999-05:00" time="0.001">
    </testcase>
    <testcase classname="Test cases for undefined should return &apos;1-3-5-7-9- azul&apos; for &apos;undefined&apos; @2018-08-31T00:00:00.000-05:00" name="Test cases for undefined should return &apos;1-3-5-7-9- azul&apos; for &apos;undefined&apos; @2018-08-31T00:00:00.000-05:00" time="0">
    </testcase>
    <testcase classname="Test cases for undefined should return &apos;1-3-5-7-9- azul&apos; for &apos;undefined&apos; @2018-08-31T23:59:59.999-05:00" name="Test cases for undefined should return &apos;1-3-5-7-9- azul&apos; for &apos;undefined&apos; @2018-08-31T23:59:59.999-05:00" time="0">
    </testcase>
    <testcase classname="Test cases for undefined should return &apos;0-2-4-6-8- naranja&apos; for &apos;undefined&apos; @2018-10-31T00:00:00.000-05:00" name="Test cases for undefined should return &apos;0-2-4-6-8- naranja&apos; for &apos;undefined&apos; @2018-10-31T00:00:00.000-05:00" time="0">
    </testcase>
    <testcase classname="Test cases for undefined should return &apos;0-2-4-6-8- naranja&apos; for &apos;undefined&apos; @2018-10-31T23:59:59.999-05:00" name="Test cases for undefined should return &apos;0-2-4-6-8- naranja&apos; for &apos;undefined&apos; @2018-10-31T23:59:59.999-05:00" time="0.001">
    </testcase>
    <testcase classname="Test cases for undefined should return &apos;1-3-5-7-9- azul&apos; for &apos;undefined&apos; @2018-12-31T00:00:00.000-05:00" name="Test cases for undefined should return &apos;1-3-5-7-9- azul&apos; for &apos;undefined&apos; @2018-12-31T00:00:00.000-05:00" time="0">
    </testcase>
    <testcase classname="Test cases for undefined should return &apos;1-3-5-7-9- azul&apos; for &apos;undefined&apos; @2018-12-31T23:59:59.999-05:00" name="Test cases for undefined should return &apos;1-3-5-7-9- azul&apos; for &apos;undefined&apos; @2018-12-31T23:59:59.999-05:00" time="0">
    </testcase>
    <testcase classname="&apos;pyp&apos; should be a function for [object Object] should be a function" name="&apos;pyp&apos; should be a function for [object Object] should be a function" time="0">
    </testcase>
    <testcase classname="Test for [object Object] info Should return an array for &apos;vehicleClasses&apos; of [object Object]" name="Test for [object Object] info Should return an array for &apos;vehicleClasses&apos; of [object Object]" time="0">
    </testcase>
    <testcase classname="Test for [object Object] info Should return scheme info of [object Object]" name="Test for [object Object] info Should return scheme info of [object Object]" time="0.001">
    </testcase>
    <testcase classname="Test for [object Object] info Should return decrees info for [object Object]" name="Test for [object Object] info Should return decrees info for [object Object]" time="0.002">
    </testcase>
    <testcase classname="Test for [object Object] info Should return hours info for [object Object]" name="Test for [object Object] info Should return hours info for [object Object]" time="0.001">
    </testcase>
  </testsuite>
  <testsuite name="Test cases for undefined" errors="0" failures="0" skipped="0" timestamp="2019-03-22T20:58:24" time="2.475" tests="21">
    <testcase classname="Test cases for undefined should return &apos;7-8&apos; for &apos;undefined&apos; @2018-01-01T00:00:00.000-05:00" name="Test cases for undefined should return &apos;7-8&apos; for &apos;undefined&apos; @2018-01-01T00:00:00.000-05:00" time="0.008">
    </testcase>
    <testcase classname="Test cases for undefined should return &apos;7-8&apos; for &apos;undefined&apos; @2018-01-01T23:59:59.999-05:00" name="Test cases for undefined should return &apos;7-8&apos; for &apos;undefined&apos; @2018-01-01T23:59:59.999-05:00" time="0.001">
    </testcase>
    <testcase classname="Test cases for undefined should return &apos;9-0&apos; for &apos;undefined&apos; @2018-07-31T00:00:00.000-05:00" name="Test cases for undefined should return &apos;9-0&apos; for &apos;undefined&apos; @2018-07-31T00:00:00.000-05:00" time="0">
    </testcase>
    <testcase classname="Test cases for undefined should return &apos;9-0&apos; for &apos;undefined&apos; @2018-07-31T23:59:59.999-05:00" name="Test cases for undefined should return &apos;9-0&apos; for &apos;undefined&apos; @2018-07-31T23:59:59.999-05:00" time="0.001">
    </testcase>
    <testcase classname="Test cases for undefined should return &apos;3-4&apos; for &apos;undefined&apos; @2018-01-04T00:00:00.000-05:00" name="Test cases for undefined should return &apos;3-4&apos; for &apos;undefined&apos; @2018-01-04T00:00:00.000-05:00" time="0">
    </testcase>
    <testcase classname="Test cases for undefined should return &apos;3-4&apos; for &apos;undefined&apos; @2018-01-04T23:59:59.999-05:00" name="Test cases for undefined should return &apos;3-4&apos; for &apos;undefined&apos; @2018-01-04T23:59:59.999-05:00" time="0.001">
    </testcase>
    <testcase classname="Test cases for undefined should return &apos;5-6&apos; for &apos;undefined&apos; @2018-01-05T00:00:00.000-05:00" name="Test cases for undefined should return &apos;5-6&apos; for &apos;undefined&apos; @2018-01-05T00:00:00.000-05:00" time="0">
    </testcase>
    <testcase classname="Test cases for undefined should return &apos;5-6&apos; for &apos;undefined&apos; @2018-01-05T23:59:59.999-05:00" name="Test cases for undefined should return &apos;5-6&apos; for &apos;undefined&apos; @2018-01-05T23:59:59.999-05:00" time="0">
    </testcase>
    <testcase classname="Test cases for undefined should return &apos;3-4&apos; for &apos;undefined&apos; @2018-03-15T00:00:00.000-05:00" name="Test cases for undefined should return &apos;3-4&apos; for &apos;undefined&apos; @2018-03-15T00:00:00.000-05:00" time="0.001">
    </testcase>
    <testcase classname="Test cases for undefined should return &apos;3-4&apos; for &apos;undefined&apos; @2018-03-15T23:59:59.999-05:00" name="Test cases for undefined should return &apos;3-4&apos; for &apos;undefined&apos; @2018-03-15T23:59:59.999-05:00" time="0">
    </testcase>
    <testcase classname="Test cases for undefined should return &apos;3-4&apos; for &apos;undefined&apos; @2018-08-01T00:00:00.000-05:00" name="Test cases for undefined should return &apos;3-4&apos; for &apos;undefined&apos; @2018-08-01T00:00:00.000-05:00" time="0.001">
    </testcase>
    <testcase classname="Test cases for undefined should return &apos;3-4&apos; for &apos;undefined&apos; @2018-08-01T23:59:59.999-05:00" name="Test cases for undefined should return &apos;3-4&apos; for &apos;undefined&apos; @2018-08-01T23:59:59.999-05:00" time="0">
    </testcase>
    <testcase classname="Test cases for undefined should return &apos;5-6&apos; for &apos;undefined&apos; @2018-08-02T00:00:00.000-05:00" name="Test cases for undefined should return &apos;5-6&apos; for &apos;undefined&apos; @2018-08-02T00:00:00.000-05:00" time="0.001">
    </testcase>
    <testcase classname="Test cases for undefined should return &apos;5-6&apos; for &apos;undefined&apos; @2018-08-02T23:59:59.999-05:00" name="Test cases for undefined should return &apos;5-6&apos; for &apos;undefined&apos; @2018-08-02T23:59:59.999-05:00" time="0">
    </testcase>
    <testcase classname="Test cases for undefined should return &apos;9-0&apos; for &apos;undefined&apos; @2019-01-07T00:00:00.000-05:00" name="Test cases for undefined should return &apos;9-0&apos; for &apos;undefined&apos; @2019-01-07T00:00:00.000-05:00" time="0">
    </testcase>
    <testcase classname="Test cases for undefined should return &apos;9-0&apos; for &apos;undefined&apos; @2019-01-07T23:59:59.999-05:00" name="Test cases for undefined should return &apos;9-0&apos; for &apos;undefined&apos; @2019-01-07T23:59:59.999-05:00" time="0.001">
    </testcase>
    <testcase classname="&apos;pyp&apos; should be a function for [object Object] should be a function" name="&apos;pyp&apos; should be a function for [object Object] should be a function" time="0">
    </testcase>
    <testcase classname="Test for [object Object] info Should return an array for &apos;vehicleClasses&apos; of [object Object]" name="Test for [object Object] info Should return an array for &apos;vehicleClasses&apos; of [object Object]" time="0.001">
    </testcase>
    <testcase classname="Test for [object Object] info Should return scheme info of [object Object]" name="Test for [object Object] info Should return scheme info of [object Object]" time="0.001">
    </testcase>
    <testcase classname="Test for [object Object] info Should return decrees info for [object Object]" name="Test for [object Object] info Should return decrees info for [object Object]" time="0.001">
    </testcase>
    <testcase classname="Test for [object Object] info Should return hours info for [object Object]" name="Test for [object Object] info Should return hours info for [object Object]" time="0.001">
    </testcase>
  </testsuite>
  <testsuite name="Test cases for undefined" errors="0" failures="0" skipped="0" timestamp="2019-03-22T20:58:24" time="2.526" tests="21">
    <testcase classname="Test cases for undefined should return &apos;7-8&apos; for &apos;undefined&apos; @2018-01-01T00:00:00.000-05:00" name="Test cases for undefined should return &apos;7-8&apos; for &apos;undefined&apos; @2018-01-01T00:00:00.000-05:00" time="0.007">
    </testcase>
    <testcase classname="Test cases for undefined should return &apos;7-8&apos; for &apos;undefined&apos; @2018-01-01T23:59:59.999-05:00" name="Test cases for undefined should return &apos;7-8&apos; for &apos;undefined&apos; @2018-01-01T23:59:59.999-05:00" time="0">
    </testcase>
    <testcase classname="Test cases for undefined should return &apos;9-0&apos; for &apos;undefined&apos; @2018-07-31T00:00:00.000-05:00" name="Test cases for undefined should return &apos;9-0&apos; for &apos;undefined&apos; @2018-07-31T00:00:00.000-05:00" time="0.001">
    </testcase>
    <testcase classname="Test cases for undefined should return &apos;9-0&apos; for &apos;undefined&apos; @2018-07-31T23:59:59.999-05:00" name="Test cases for undefined should return &apos;9-0&apos; for &apos;undefined&apos; @2018-07-31T23:59:59.999-05:00" time="0">
    </testcase>
    <testcase classname="Test cases for undefined should return &apos;3-4&apos; for &apos;undefined&apos; @2018-01-04T00:00:00.000-05:00" name="Test cases for undefined should return &apos;3-4&apos; for &apos;undefined&apos; @2018-01-04T00:00:00.000-05:00" time="0.001">
    </testcase>
    <testcase classname="Test cases for undefined should return &apos;3-4&apos; for &apos;undefined&apos; @2018-01-04T23:59:59.999-05:00" name="Test cases for undefined should return &apos;3-4&apos; for &apos;undefined&apos; @2018-01-04T23:59:59.999-05:00" time="0">
    </testcase>
    <testcase classname="Test cases for undefined should return &apos;5-6&apos; for &apos;undefined&apos; @2018-01-05T00:00:00.000-05:00" name="Test cases for undefined should return &apos;5-6&apos; for &apos;undefined&apos; @2018-01-05T00:00:00.000-05:00" time="0.001">
    </testcase>
    <testcase classname="Test cases for undefined should return &apos;5-6&apos; for &apos;undefined&apos; @2018-01-05T23:59:59.999-05:00" name="Test cases for undefined should return &apos;5-6&apos; for &apos;undefined&apos; @2018-01-05T23:59:59.999-05:00" time="0">
    </testcase>
    <testcase classname="Test cases for undefined should return &apos;3-4&apos; for &apos;undefined&apos; @2018-03-15T00:00:00.000-05:00" name="Test cases for undefined should return &apos;3-4&apos; for &apos;undefined&apos; @2018-03-15T00:00:00.000-05:00" time="0">
    </testcase>
    <testcase classname="Test cases for undefined should return &apos;3-4&apos; for &apos;undefined&apos; @2018-03-15T23:59:59.999-05:00" name="Test cases for undefined should return &apos;3-4&apos; for &apos;undefined&apos; @2018-03-15T23:59:59.999-05:00" time="0.001">
    </testcase>
    <testcase classname="Test cases for undefined should return &apos;3-4&apos; for &apos;undefined&apos; @2018-08-01T00:00:00.000-05:00" name="Test cases for undefined should return &apos;3-4&apos; for &apos;undefined&apos; @2018-08-01T00:00:00.000-05:00" time="0">
    </testcase>
    <testcase classname="Test cases for undefined should return &apos;3-4&apos; for &apos;undefined&apos; @2018-08-01T23:59:59.999-05:00" name="Test cases for undefined should return &apos;3-4&apos; for &apos;undefined&apos; @2018-08-01T23:59:59.999-05:00" time="0.001">
    </testcase>
    <testcase classname="Test cases for undefined should return &apos;5-6&apos; for &apos;undefined&apos; @2018-08-02T00:00:00.000-05:00" name="Test cases for undefined should return &apos;5-6&apos; for &apos;undefined&apos; @2018-08-02T00:00:00.000-05:00" time="0">
    </testcase>
    <testcase classname="Test cases for undefined should return &apos;5-6&apos; for &apos;undefined&apos; @2018-08-02T23:59:59.999-05:00" name="Test cases for undefined should return &apos;5-6&apos; for &apos;undefined&apos; @2018-08-02T23:59:59.999-05:00" time="0">
    </testcase>
    <testcase classname="Test cases for undefined should return &apos;9-0&apos; for &apos;undefined&apos; @2019-01-07T00:00:00.000-05:00" name="Test cases for undefined should return &apos;9-0&apos; for &apos;undefined&apos; @2019-01-07T00:00:00.000-05:00" time="0.001">
    </testcase>
    <testcase classname="Test cases for undefined should return &apos;9-0&apos; for &apos;undefined&apos; @2019-01-07T23:59:59.999-05:00" name="Test cases for undefined should return &apos;9-0&apos; for &apos;undefined&apos; @2019-01-07T23:59:59.999-05:00" time="0">
    </testcase>
    <testcase classname="&apos;pyp&apos; should be a function for [object Object] should be a function" name="&apos;pyp&apos; should be a function for [object Object] should be a function" time="0">
    </testcase>
    <testcase classname="Test for [object Object] info Should return an array for &apos;vehicleClasses&apos; of [object Object]" name="Test for [object Object] info Should return an array for &apos;vehicleClasses&apos; of [object Object]" time="0">
    </testcase>
    <testcase classname="Test for [object Object] info Should return scheme info of [object Object]" name="Test for [object Object] info Should return scheme info of [object Object]" time="0.001">
    </testcase>
    <testcase classname="Test for [object Object] info Should return decrees info for [object Object]" name="Test for [object Object] info Should return decrees info for [object Object]" time="0.001">
    </testcase>
    <testcase classname="Test for [object Object] info Should return hours info for [object Object]" name="Test for [object Object] info Should return hours info for [object Object]" time="0.002">
    </testcase>
  </testsuite>
  <testsuite name="Test cases for undefined" errors="0" failures="0" skipped="0" timestamp="2019-03-22T20:58:24" time="2.588" tests="117">
    <testcase classname="Test cases for undefined should return &apos;3&apos; for &apos;undefined&apos; @2018-02-01T00:00:00.000-05:00" name="Test cases for undefined should return &apos;3&apos; for &apos;undefined&apos; @2018-02-01T00:00:00.000-05:00" time="0.009">
    </testcase>
    <testcase classname="Test cases for undefined should return &apos;3&apos; for &apos;undefined&apos; @2018-02-01T23:59:59.999-05:00" name="Test cases for undefined should return &apos;3&apos; for &apos;undefined&apos; @2018-02-01T23:59:59.999-05:00" time="0.001">
    </testcase>
    <testcase classname="Test cases for undefined should return &apos;0&apos; for &apos;undefined&apos; @2018-02-06T00:00:00.000-05:00" name="Test cases for undefined should return &apos;0&apos; for &apos;undefined&apos; @2018-02-06T00:00:00.000-05:00" time="0">
    </testcase>
    <testcase classname="Test cases for undefined should return &apos;0&apos; for &apos;undefined&apos; @2018-02-06T23:59:59.999-05:00" name="Test cases for undefined should return &apos;0&apos; for &apos;undefined&apos; @2018-02-06T23:59:59.999-05:00" time="0.001">
    </testcase>
    <testcase classname="Test cases for undefined should return &apos;7&apos; for &apos;undefined&apos; @2018-03-01T00:00:00.000-05:00" name="Test cases for undefined should return &apos;7&apos; for &apos;undefined&apos; @2018-03-01T00:00:00.000-05:00" time="0">
    </testcase>
    <testcase classname="Test cases for undefined should return &apos;7&apos; for &apos;undefined&apos; @2018-03-01T23:59:59.999-05:00" name="Test cases for undefined should return &apos;7&apos; for &apos;undefined&apos; @2018-03-01T23:59:59.999-05:00" time="0">
    </testcase>
    <testcase classname="Test cases for undefined should return &apos;5&apos; for &apos;undefined&apos; @2018-03-14T00:00:00.000-05:00" name="Test cases for undefined should return &apos;5&apos; for &apos;undefined&apos; @2018-03-14T00:00:00.000-05:00" time="0">
    </testcase>
    <testcase classname="Test cases for undefined should return &apos;5&apos; for &apos;undefined&apos; @2018-03-14T23:59:59.999-05:00" name="Test cases for undefined should return &apos;5&apos; for &apos;undefined&apos; @2018-03-14T23:59:59.999-05:00" time="0">
    </testcase>
    <testcase classname="Test cases for undefined should return &apos;1&apos; for &apos;undefined&apos; @2018-04-06T00:00:00.000-05:00" name="Test cases for undefined should return &apos;1&apos; for &apos;undefined&apos; @2018-04-06T00:00:00.000-05:00" time="0.001">
    </testcase>
    <testcase classname="Test cases for undefined should return &apos;1&apos; for &apos;undefined&apos; @2018-04-06T23:59:59.999-05:00" name="Test cases for undefined should return &apos;1&apos; for &apos;undefined&apos; @2018-04-06T23:59:59.999-05:00" time="0">
    </testcase>
    <testcase classname="Test cases for undefined should return &apos;2&apos; for &apos;undefined&apos; @2018-04-30T00:00:00.000-05:00" name="Test cases for undefined should return &apos;2&apos; for &apos;undefined&apos; @2018-04-30T00:00:00.000-05:00" time="0.001">
    </testcase>
    <testcase classname="Test cases for undefined should return &apos;2&apos; for &apos;undefined&apos; @2018-04-30T23:59:59.999-05:00" name="Test cases for undefined should return &apos;2&apos; for &apos;undefined&apos; @2018-04-30T23:59:59.999-05:00" time="0">
    </testcase>
    <testcase classname="Test cases for undefined should return &apos;9&apos; for &apos;undefined&apos; @2018-05-02T00:00:00.000-05:00" name="Test cases for undefined should return &apos;9&apos; for &apos;undefined&apos; @2018-05-02T00:00:00.000-05:00" time="0.001">
    </testcase>
    <testcase classname="Test cases for undefined should return &apos;9&apos; for &apos;undefined&apos; @2018-05-02T23:59:59.999-05:00" name="Test cases for undefined should return &apos;9&apos; for &apos;undefined&apos; @2018-05-02T23:59:59.999-05:00" time="0">
    </testcase>
    <testcase classname="Test cases for undefined should return &apos;2&apos; for &apos;undefined&apos; @2018-05-08T00:00:00.000-05:00" name="Test cases for undefined should return &apos;2&apos; for &apos;undefined&apos; @2018-05-08T00:00:00.000-05:00" time="0.001">
    </testcase>
    <testcase classname="Test cases for undefined should return &apos;2&apos; for &apos;undefined&apos; @2018-05-08T23:59:59.999-05:00" name="Test cases for undefined should return &apos;2&apos; for &apos;undefined&apos; @2018-05-08T23:59:59.999-05:00" time="0">
    </testcase>
    <testcase classname="Test cases for undefined should return &apos;8&apos; for &apos;undefined&apos; @2018-05-09T00:00:00.000-05:00" name="Test cases for undefined should return &apos;8&apos; for &apos;undefined&apos; @2018-05-09T00:00:00.000-05:00" time="0">
    </testcase>
    <testcase classname="Test cases for undefined should return &apos;8&apos; for &apos;undefined&apos; @2018-05-09T23:59:59.999-05:00" name="Test cases for undefined should return &apos;8&apos; for &apos;undefined&apos; @2018-05-09T23:59:59.999-05:00" time="0">
    </testcase>
    <testcase classname="Test cases for undefined should return &apos;4&apos; for &apos;undefined&apos; @2018-05-10T00:00:00.000-05:00" name="Test cases for undefined should return &apos;4&apos; for &apos;undefined&apos; @2018-05-10T00:00:00.000-05:00" time="0.001">
    </testcase>
    <testcase classname="Test cases for undefined should return &apos;4&apos; for &apos;undefined&apos; @2018-05-10T23:59:59.999-05:00" name="Test cases for undefined should return &apos;4&apos; for &apos;undefined&apos; @2018-05-10T23:59:59.999-05:00" time="0">
    </testcase>
    <testcase classname="Test cases for undefined should return &apos;9&apos; for &apos;undefined&apos; @2018-05-31T00:00:00.000-05:00" name="Test cases for undefined should return &apos;9&apos; for &apos;undefined&apos; @2018-05-31T00:00:00.000-05:00" time="0">
    </testcase>
    <testcase classname="Test cases for undefined should return &apos;9&apos; for &apos;undefined&apos; @2018-05-31T23:59:59.999-05:00" name="Test cases for undefined should return &apos;9&apos; for &apos;undefined&apos; @2018-05-31T23:59:59.999-05:00" time="0.001">
    </testcase>
    <testcase classname="Test cases for undefined should return &apos;3&apos; for &apos;undefined&apos; @2018-06-28T00:00:00.000-05:00" name="Test cases for undefined should return &apos;3&apos; for &apos;undefined&apos; @2018-06-28T00:00:00.000-05:00" time="0">
    </testcase>
    <testcase classname="Test cases for undefined should return &apos;3&apos; for &apos;undefined&apos; @2018-06-28T23:59:59.999-05:00" name="Test cases for undefined should return &apos;3&apos; for &apos;undefined&apos; @2018-06-28T23:59:59.999-05:00" time="0.001">
    </testcase>
    <testcase classname="Test cases for undefined should return &apos;6&apos; for &apos;undefined&apos; @2018-07-04T00:00:00.000-05:00" name="Test cases for undefined should return &apos;6&apos; for &apos;undefined&apos; @2018-07-04T00:00:00.000-05:00" time="0">
    </testcase>
    <testcase classname="Test cases for undefined should return &apos;6&apos; for &apos;undefined&apos; @2018-07-04T23:59:59.999-05:00" name="Test cases for undefined should return &apos;6&apos; for &apos;undefined&apos; @2018-07-04T23:59:59.999-05:00" time="0">
    </testcase>
    <testcase classname="Test cases for undefined should return &apos;4&apos; for &apos;undefined&apos; @2018-07-30T00:00:00.000-05:00" name="Test cases for undefined should return &apos;4&apos; for &apos;undefined&apos; @2018-07-30T00:00:00.000-05:00" time="0.001">
    </testcase>
    <testcase classname="Test cases for undefined should return &apos;4&apos; for &apos;undefined&apos; @2018-07-30T23:59:59.999-05:00" name="Test cases for undefined should return &apos;4&apos; for &apos;undefined&apos; @2018-07-30T23:59:59.999-05:00" time="0.001">
    </testcase>
    <testcase classname="Test cases for undefined should return &apos;8&apos; for &apos;undefined&apos; @2018-08-03T00:00:00.000-05:00" name="Test cases for undefined should return &apos;8&apos; for &apos;undefined&apos; @2018-08-03T00:00:00.000-05:00" time="0">
    </testcase>
    <testcase classname="Test cases for undefined should return &apos;8&apos; for &apos;undefined&apos; @2018-08-03T23:59:59.999-05:00" name="Test cases for undefined should return &apos;8&apos; for &apos;undefined&apos; @2018-08-03T23:59:59.999-05:00" time="0">
    </testcase>
    <testcase classname="Test cases for undefined should return &apos;5&apos; for &apos;undefined&apos; @2018-08-29T00:00:00.000-05:00" name="Test cases for undefined should return &apos;5&apos; for &apos;undefined&apos; @2018-08-29T00:00:00.000-05:00" time="0">
    </testcase>
    <testcase classname="Test cases for undefined should return &apos;5&apos; for &apos;undefined&apos; @2018-08-29T23:59:59.999-05:00" name="Test cases for undefined should return &apos;5&apos; for &apos;undefined&apos; @2018-08-29T23:59:59.999-05:00" time="0">
    </testcase>
    <testcase classname="Test cases for undefined should return &apos;3&apos; for &apos;undefined&apos; @2018-09-04T00:00:00.000-05:00" name="Test cases for undefined should return &apos;3&apos; for &apos;undefined&apos; @2018-09-04T00:00:00.000-05:00" time="0">
    </testcase>
    <testcase classname="Test cases for undefined should return &apos;3&apos; for &apos;undefined&apos; @2018-09-04T23:59:59.999-05:00" name="Test cases for undefined should return &apos;3&apos; for &apos;undefined&apos; @2018-09-04T23:59:59.999-05:00" time="0.001">
    </testcase>
    <testcase classname="Test cases for undefined should return &apos;0&apos; for &apos;undefined&apos; @2018-09-20T00:00:00.000-05:00" name="Test cases for undefined should return &apos;0&apos; for &apos;undefined&apos; @2018-09-20T00:00:00.000-05:00" time="0">
    </testcase>
    <testcase classname="Test cases for undefined should return &apos;0&apos; for &apos;undefined&apos; @2018-09-20T23:59:59.999-05:00" name="Test cases for undefined should return &apos;0&apos; for &apos;undefined&apos; @2018-09-20T23:59:59.999-05:00" time="0.001">
    </testcase>
    <testcase classname="Test cases for undefined should return &apos;6&apos; for &apos;undefined&apos; @2018-09-28T00:00:00.000-05:00" name="Test cases for undefined should return &apos;6&apos; for &apos;undefined&apos; @2018-09-28T00:00:00.000-05:00" time="0">
    </testcase>
    <testcase classname="Test cases for undefined should return &apos;6&apos; for &apos;undefined&apos; @2018-09-28T23:59:59.999-05:00" name="Test cases for undefined should return &apos;6&apos; for &apos;undefined&apos; @2018-09-28T23:59:59.999-05:00" time="0">
    </testcase>
    <testcase classname="Test cases for undefined should return &apos;3&apos; for &apos;undefined&apos; @2018-10-03T00:00:00.000-05:00" name="Test cases for undefined should return &apos;3&apos; for &apos;undefined&apos; @2018-10-03T00:00:00.000-05:00" time="0.001">
    </testcase>
    <testcase classname="Test cases for undefined should return &apos;3&apos; for &apos;undefined&apos; @2018-10-03T23:59:59.999-05:00" name="Test cases for undefined should return &apos;3&apos; for &apos;undefined&apos; @2018-10-03T23:59:59.999-05:00" time="0">
    </testcase>
    <testcase classname="Test cases for undefined should return &apos;0&apos; for &apos;undefined&apos; @2018-10-05T00:00:00.000-05:00" name="Test cases for undefined should return &apos;0&apos; for &apos;undefined&apos; @2018-10-05T00:00:00.000-05:00" time="0">
    </testcase>
    <testcase classname="Test cases for undefined should return &apos;0&apos; for &apos;undefined&apos; @2018-10-05T23:59:59.999-05:00" name="Test cases for undefined should return &apos;0&apos; for &apos;undefined&apos; @2018-10-05T23:59:59.999-05:00" time="0">
    </testcase>
    <testcase classname="Test cases for undefined should return &apos;1&apos; for &apos;undefined&apos; @2018-10-29T00:00:00.000-05:00" name="Test cases for undefined should return &apos;1&apos; for &apos;undefined&apos; @2018-10-29T00:00:00.000-05:00" time="0">
    </testcase>
    <testcase classname="Test cases for undefined should return &apos;1&apos; for &apos;undefined&apos; @2018-10-29T23:59:59.999-05:00" name="Test cases for undefined should return &apos;1&apos; for &apos;undefined&apos; @2018-10-29T23:59:59.999-05:00" time="0.001">
    </testcase>
    <testcase classname="Test cases for undefined should return &apos;7&apos; for &apos;undefined&apos; @2018-10-30T00:00:00.000-05:00" name="Test cases for undefined should return &apos;7&apos; for &apos;undefined&apos; @2018-10-30T00:00:00.000-05:00" time="0">
    </testcase>
    <testcase classname="Test cases for undefined should return &apos;7&apos; for &apos;undefined&apos; @2018-10-30T23:59:59.999-05:00" name="Test cases for undefined should return &apos;7&apos; for &apos;undefined&apos; @2018-10-30T23:59:59.999-05:00" time="0">
    </testcase>
    <testcase classname="Test cases for undefined should return &apos;9&apos; for &apos;undefined&apos; @2018-11-01T00:00:00.000-05:00" name="Test cases for undefined should return &apos;9&apos; for &apos;undefined&apos; @2018-11-01T00:00:00.000-05:00" time="0">
    </testcase>
    <testcase classname="Test cases for undefined should return &apos;9&apos; for &apos;undefined&apos; @2018-11-01T23:59:59.999-05:00" name="Test cases for undefined should return &apos;9&apos; for &apos;undefined&apos; @2018-11-01T23:59:59.999-05:00" time="0.001">
    </testcase>
    <testcase classname="Test cases for undefined should return &apos;4&apos; for &apos;undefined&apos; @2018-11-09T00:00:00.000-05:00" name="Test cases for undefined should return &apos;4&apos; for &apos;undefined&apos; @2018-11-09T00:00:00.000-05:00" time="0">
    </testcase>
    <testcase classname="Test cases for undefined should return &apos;4&apos; for &apos;undefined&apos; @2018-11-09T23:59:59.999-05:00" name="Test cases for undefined should return &apos;4&apos; for &apos;undefined&apos; @2018-11-09T23:59:59.999-05:00" time="0">
    </testcase>
    <testcase classname="Test cases for undefined should return &apos;1&apos; for &apos;undefined&apos; @2018-11-27T00:00:00.000-05:00" name="Test cases for undefined should return &apos;1&apos; for &apos;undefined&apos; @2018-11-27T00:00:00.000-05:00" time="0">
    </testcase>
    <testcase classname="Test cases for undefined should return &apos;1&apos; for &apos;undefined&apos; @2018-11-27T23:59:59.999-05:00" name="Test cases for undefined should return &apos;1&apos; for &apos;undefined&apos; @2018-11-27T23:59:59.999-05:00" time="0.001">
    </testcase>
    <testcase classname="Test cases for undefined should return &apos;4&apos; for &apos;undefined&apos; @2018-12-03T00:00:00.000-05:00" name="Test cases for undefined should return &apos;4&apos; for &apos;undefined&apos; @2018-12-03T00:00:00.000-05:00" time="0">
    </testcase>
    <testcase classname="Test cases for undefined should return &apos;4&apos; for &apos;undefined&apos; @2018-12-03T23:59:59.999-05:00" name="Test cases for undefined should return &apos;4&apos; for &apos;undefined&apos; @2018-12-03T23:59:59.999-05:00" time="0">
    </testcase>
    <testcase classname="Test cases for undefined should return &apos;2&apos; for &apos;undefined&apos; @2018-12-06T00:00:00.000-05:00" name="Test cases for undefined should return &apos;2&apos; for &apos;undefined&apos; @2018-12-06T00:00:00.000-05:00" time="0">
    </testcase>
    <testcase classname="Test cases for undefined should return &apos;2&apos; for &apos;undefined&apos; @2018-12-06T23:59:59.999-05:00" name="Test cases for undefined should return &apos;2&apos; for &apos;undefined&apos; @2018-12-06T23:59:59.999-05:00" time="0.001">
    </testcase>
    <testcase classname="Test cases for undefined should return &apos;9&apos; for &apos;undefined&apos; @2018-12-10T00:00:00.000-05:00" name="Test cases for undefined should return &apos;9&apos; for &apos;undefined&apos; @2018-12-10T00:00:00.000-05:00" time="0">
    </testcase>
    <testcase classname="Test cases for undefined should return &apos;9&apos; for &apos;undefined&apos; @2018-12-10T23:59:59.999-05:00" name="Test cases for undefined should return &apos;9&apos; for &apos;undefined&apos; @2018-12-10T23:59:59.999-05:00" time="0">
    </testcase>
    <testcase classname="Test cases for undefined should return &apos;0&apos; for &apos;undefined&apos; @2018-12-11T00:00:00.000-05:00" name="Test cases for undefined should return &apos;0&apos; for &apos;undefined&apos; @2018-12-11T00:00:00.000-05:00" time="0">
    </testcase>
    <testcase classname="Test cases for undefined should return &apos;0&apos; for &apos;undefined&apos; @2018-12-11T23:59:59.999-05:00" name="Test cases for undefined should return &apos;0&apos; for &apos;undefined&apos; @2018-12-11T23:59:59.999-05:00" time="0">
    </testcase>
    <testcase classname="Test cases for undefined should return &apos;1&apos; for &apos;undefined&apos; @2018-12-12T00:00:00.000-05:00" name="Test cases for undefined should return &apos;1&apos; for &apos;undefined&apos; @2018-12-12T00:00:00.000-05:00" time="0.001">
    </testcase>
    <testcase classname="Test cases for undefined should return &apos;1&apos; for &apos;undefined&apos; @2018-12-12T23:59:59.999-05:00" name="Test cases for undefined should return &apos;1&apos; for &apos;undefined&apos; @2018-12-12T23:59:59.999-05:00" time="0">
    </testcase>
    <testcase classname="Test cases for undefined should return &apos;7&apos; for &apos;undefined&apos; @2018-12-13T00:00:00.000-05:00" name="Test cases for undefined should return &apos;7&apos; for &apos;undefined&apos; @2018-12-13T00:00:00.000-05:00" time="0">
    </testcase>
    <testcase classname="Test cases for undefined should return &apos;7&apos; for &apos;undefined&apos; @2018-12-13T23:59:59.999-05:00" name="Test cases for undefined should return &apos;7&apos; for &apos;undefined&apos; @2018-12-13T23:59:59.999-05:00" time="0.001">
    </testcase>
    <testcase classname="Test cases for undefined should return &apos;0&apos; for &apos;undefined&apos; @2018-12-11T00:00:00.000-05:00" name="Test cases for undefined should return &apos;0&apos; for &apos;undefined&apos; @2018-12-11T00:00:00.000-05:00" time="0">
    </testcase>
    <testcase classname="Test cases for undefined should return &apos;0&apos; for &apos;undefined&apos; @2018-12-11T23:59:59.999-05:00" name="Test cases for undefined should return &apos;0&apos; for &apos;undefined&apos; @2018-12-11T23:59:59.999-05:00" time="0">
    </testcase>
    <testcase classname="Test cases for undefined should return &apos;6&apos; for &apos;undefined&apos; @2018-12-19T00:00:00.000-05:00" name="Test cases for undefined should return &apos;6&apos; for &apos;undefined&apos; @2018-12-19T00:00:00.000-05:00" time="0">
    </testcase>
    <testcase classname="Test cases for undefined should return &apos;6&apos; for &apos;undefined&apos; @2018-12-19T23:59:59.999-05:00" name="Test cases for undefined should return &apos;6&apos; for &apos;undefined&apos; @2018-12-19T23:59:59.999-05:00" time="0.001">
    </testcase>
    <testcase classname="Test cases for undefined should return &apos;3&apos; for &apos;undefined&apos; @2018-12-28T00:00:00.000-05:00" name="Test cases for undefined should return &apos;3&apos; for &apos;undefined&apos; @2018-12-28T00:00:00.000-05:00" time="0">
    </testcase>
    <testcase classname="Test cases for undefined should return &apos;3&apos; for &apos;undefined&apos; @2018-12-28T23:59:59.999-05:00" name="Test cases for undefined should return &apos;3&apos; for &apos;undefined&apos; @2018-12-28T23:59:59.999-05:00" time="0">
    </testcase>
    <testcase classname="Test cases for undefined should return &apos;2&apos; for &apos;undefined&apos; @2019-01-03T00:00:00.000-05:00" name="Test cases for undefined should return &apos;2&apos; for &apos;undefined&apos; @2019-01-03T00:00:00.000-05:00" time="0.001">
    </testcase>
    <testcase classname="Test cases for undefined should return &apos;2&apos; for &apos;undefined&apos; @2019-01-03T23:59:59.999-05:00" name="Test cases for undefined should return &apos;2&apos; for &apos;undefined&apos; @2019-01-03T23:59:59.999-05:00" time="0">
    </testcase>
    <testcase classname="Test cases for undefined should return &apos;8&apos; for &apos;undefined&apos; @2019-01-04T00:00:00.000-05:00" name="Test cases for undefined should return &apos;8&apos; for &apos;undefined&apos; @2019-01-04T00:00:00.000-05:00" time="0">
    </testcase>
    <testcase classname="Test cases for undefined should return &apos;8&apos; for &apos;undefined&apos; @2019-01-04T23:59:59.999-05:00" name="Test cases for undefined should return &apos;8&apos; for &apos;undefined&apos; @2019-01-04T23:59:59.999-05:00" time="0">
    </testcase>
    <testcase classname="Test cases for undefined should return &apos;4&apos; for &apos;undefined&apos; @2019-01-08T00:00:00.000-05:00" name="Test cases for undefined should return &apos;4&apos; for &apos;undefined&apos; @2019-01-08T00:00:00.000-05:00" time="0.001">
    </testcase>
    <testcase classname="Test cases for undefined should return &apos;4&apos; for &apos;undefined&apos; @2019-01-08T23:59:59.999-05:00" name="Test cases for undefined should return &apos;4&apos; for &apos;undefined&apos; @2019-01-08T23:59:59.999-05:00" time="0">
    </testcase>
    <testcase classname="Test cases for undefined should return &apos;5&apos; for &apos;undefined&apos; @2019-01-09T00:00:00.000-05:00" name="Test cases for undefined should return &apos;5&apos; for &apos;undefined&apos; @2019-01-09T00:00:00.000-05:00" time="0">
    </testcase>
    <testcase classname="Test cases for undefined should return &apos;5&apos; for &apos;undefined&apos; @2019-01-09T23:59:59.999-05:00" name="Test cases for undefined should return &apos;5&apos; for &apos;undefined&apos; @2019-01-09T23:59:59.999-05:00" time="0">
    </testcase>
    <testcase classname="Test cases for undefined should return &apos;1&apos; for &apos;undefined&apos; @2019-01-10T00:00:00.000-05:00" name="Test cases for undefined should return &apos;1&apos; for &apos;undefined&apos; @2019-01-10T00:00:00.000-05:00" time="0.001">
    </testcase>
    <testcase classname="Test cases for undefined should return &apos;1&apos; for &apos;undefined&apos; @2019-01-10T23:59:59.999-05:00" name="Test cases for undefined should return &apos;1&apos; for &apos;undefined&apos; @2019-01-10T23:59:59.999-05:00" time="0">
    </testcase>
    <testcase classname="Test cases for undefined should return &apos;7&apos; for &apos;undefined&apos; @2019-01-11T00:00:00.000-05:00" name="Test cases for undefined should return &apos;7&apos; for &apos;undefined&apos; @2019-01-11T00:00:00.000-05:00" time="0">
    </testcase>
    <testcase classname="Test cases for undefined should return &apos;7&apos; for &apos;undefined&apos; @2019-01-11T23:59:59.999-05:00" name="Test cases for undefined should return &apos;7&apos; for &apos;undefined&apos; @2019-01-11T23:59:59.999-05:00" time="0">
    </testcase>
    <testcase classname="Test cases for undefined should return &apos;8&apos; for &apos;undefined&apos; @2019-01-14T00:00:00.000-05:00" name="Test cases for undefined should return &apos;8&apos; for &apos;undefined&apos; @2019-01-14T00:00:00.000-05:00" time="0">
    </testcase>
    <testcase classname="Test cases for undefined should return &apos;8&apos; for &apos;undefined&apos; @2019-01-14T23:59:59.999-05:00" name="Test cases for undefined should return &apos;8&apos; for &apos;undefined&apos; @2019-01-14T23:59:59.999-05:00" time="0.001">
    </testcase>
    <testcase classname="Test cases for undefined should return &apos;9&apos; for &apos;undefined&apos; @2019-01-15T00:00:00.000-05:00" name="Test cases for undefined should return &apos;9&apos; for &apos;undefined&apos; @2019-01-15T00:00:00.000-05:00" time="0">
    </testcase>
    <testcase classname="Test cases for undefined should return &apos;9&apos; for &apos;undefined&apos; @2019-01-15T23:59:59.999-05:00" name="Test cases for undefined should return &apos;9&apos; for &apos;undefined&apos; @2019-01-15T23:59:59.999-05:00" time="0">
    </testcase>
    <testcase classname="Test cases for undefined should return &apos;0&apos; for &apos;undefined&apos; @2019-01-16T00:00:00.000-05:00" name="Test cases for undefined should return &apos;0&apos; for &apos;undefined&apos; @2019-01-16T00:00:00.000-05:00" time="0">
    </testcase>
    <testcase classname="Test cases for undefined should return &apos;0&apos; for &apos;undefined&apos; @2019-01-16T23:59:59.999-05:00" name="Test cases for undefined should return &apos;0&apos; for &apos;undefined&apos; @2019-01-16T23:59:59.999-05:00" time="0">
    </testcase>
    <testcase classname="Test cases for undefined should return &apos;0&apos; for &apos;undefined&apos; @2019-01-16T00:00:00.000-05:00" name="Test cases for undefined should return &apos;0&apos; for &apos;undefined&apos; @2019-01-16T00:00:00.000-05:00" time="0.001">
    </testcase>
    <testcase classname="Test cases for undefined should return &apos;0&apos; for &apos;undefined&apos; @2019-01-16T23:59:59.999-05:00" name="Test cases for undefined should return &apos;0&apos; for &apos;undefined&apos; @2019-01-16T23:59:59.999-05:00" time="0">
    </testcase>
    <testcase classname="Test cases for undefined should return &apos;6&apos; for &apos;undefined&apos; @2019-01-17T00:00:00.000-05:00" name="Test cases for undefined should return &apos;6&apos; for &apos;undefined&apos; @2019-01-17T00:00:00.000-05:00" time="0">
    </testcase>
    <testcase classname="Test cases for undefined should return &apos;6&apos; for &apos;undefined&apos; @2019-01-17T23:59:59.999-05:00" name="Test cases for undefined should return &apos;6&apos; for &apos;undefined&apos; @2019-01-17T23:59:59.999-05:00" time="0">
    </testcase>
    <testcase classname="Test cases for undefined should return &apos;2&apos; for &apos;undefined&apos; @2019-01-18T00:00:00.000-05:00" name="Test cases for undefined should return &apos;2&apos; for &apos;undefined&apos; @2019-01-18T00:00:00.000-05:00" time="0.001">
    </testcase>
    <testcase classname="Test cases for undefined should return &apos;2&apos; for &apos;undefined&apos; @2019-01-18T23:59:59.999-05:00" name="Test cases for undefined should return &apos;2&apos; for &apos;undefined&apos; @2019-01-18T23:59:59.999-05:00" time="0">
    </testcase>
    <testcase classname="Test cases for undefined should return &apos;3&apos; for &apos;undefined&apos; @2019-01-21T00:00:00.000-05:00" name="Test cases for undefined should return &apos;3&apos; for &apos;undefined&apos; @2019-01-21T00:00:00.000-05:00" time="0">
    </testcase>
    <testcase classname="Test cases for undefined should return &apos;3&apos; for &apos;undefined&apos; @2019-01-21T23:59:59.999-05:00" name="Test cases for undefined should return &apos;3&apos; for &apos;undefined&apos; @2019-01-21T23:59:59.999-05:00" time="0">
    </testcase>
    <testcase classname="Test cases for undefined should return &apos;4&apos; for &apos;undefined&apos; @2019-01-22T00:00:00.000-05:00" name="Test cases for undefined should return &apos;4&apos; for &apos;undefined&apos; @2019-01-22T00:00:00.000-05:00" time="0">
    </testcase>
    <testcase classname="Test cases for undefined should return &apos;4&apos; for &apos;undefined&apos; @2019-01-22T23:59:59.999-05:00" name="Test cases for undefined should return &apos;4&apos; for &apos;undefined&apos; @2019-01-22T23:59:59.999-05:00" time="0.001">
    </testcase>
    <testcase classname="Test cases for undefined should return &apos;5&apos; for &apos;undefined&apos; @2019-01-23T00:00:00.000-05:00" name="Test cases for undefined should return &apos;5&apos; for &apos;undefined&apos; @2019-01-23T00:00:00.000-05:00" time="0">
    </testcase>
    <testcase classname="Test cases for undefined should return &apos;5&apos; for &apos;undefined&apos; @2019-01-23T23:59:59.999-05:00" name="Test cases for undefined should return &apos;5&apos; for &apos;undefined&apos; @2019-01-23T23:59:59.999-05:00" time="0">
    </testcase>
    <testcase classname="Test cases for undefined should return &apos;1&apos; for &apos;undefined&apos; @2019-01-24T00:00:00.000-05:00" name="Test cases for undefined should return &apos;1&apos; for &apos;undefined&apos; @2019-01-24T00:00:00.000-05:00" time="0">
    </testcase>
    <testcase classname="Test cases for undefined should return &apos;1&apos; for &apos;undefined&apos; @2019-01-24T23:59:59.999-05:00" name="Test cases for undefined should return &apos;1&apos; for &apos;undefined&apos; @2019-01-24T23:59:59.999-05:00" time="0.001">
    </testcase>
    <testcase classname="Test cases for undefined should return &apos;7&apos; for &apos;undefined&apos; @2019-01-25T00:00:00.000-05:00" name="Test cases for undefined should return &apos;7&apos; for &apos;undefined&apos; @2019-01-25T00:00:00.000-05:00" time="0">
    </testcase>
    <testcase classname="Test cases for undefined should return &apos;7&apos; for &apos;undefined&apos; @2019-01-25T23:59:59.999-05:00" name="Test cases for undefined should return &apos;7&apos; for &apos;undefined&apos; @2019-01-25T23:59:59.999-05:00" time="0">
    </testcase>
    <testcase classname="Test cases for undefined should return &apos;8&apos; for &apos;undefined&apos; @2019-01-28T00:00:00.000-05:00" name="Test cases for undefined should return &apos;8&apos; for &apos;undefined&apos; @2019-01-28T00:00:00.000-05:00" time="0">
    </testcase>
    <testcase classname="Test cases for undefined should return &apos;8&apos; for &apos;undefined&apos; @2019-01-28T23:59:59.999-05:00" name="Test cases for undefined should return &apos;8&apos; for &apos;undefined&apos; @2019-01-28T23:59:59.999-05:00" time="0.001">
    </testcase>
    <testcase classname="Test cases for undefined should return &apos;9&apos; for &apos;undefined&apos; @2019-01-29T00:00:00.000-05:00" name="Test cases for undefined should return &apos;9&apos; for &apos;undefined&apos; @2019-01-29T00:00:00.000-05:00" time="0">
    </testcase>
    <testcase classname="Test cases for undefined should return &apos;9&apos; for &apos;undefined&apos; @2019-01-29T23:59:59.999-05:00" name="Test cases for undefined should return &apos;9&apos; for &apos;undefined&apos; @2019-01-29T23:59:59.999-05:00" time="0">
    </testcase>
    <testcase classname="Test cases for undefined should return &apos;0&apos; for &apos;undefined&apos; @2019-01-30T00:00:00.000-05:00" name="Test cases for undefined should return &apos;0&apos; for &apos;undefined&apos; @2019-01-30T00:00:00.000-05:00" time="0">
    </testcase>
    <testcase classname="Test cases for undefined should return &apos;0&apos; for &apos;undefined&apos; @2019-01-30T23:59:59.999-05:00" name="Test cases for undefined should return &apos;0&apos; for &apos;undefined&apos; @2019-01-30T23:59:59.999-05:00" time="0.001">
    </testcase>
    <testcase classname="Test cases for undefined should return &apos;6&apos; for &apos;undefined&apos; @2019-01-31T00:00:00.000-05:00" name="Test cases for undefined should return &apos;6&apos; for &apos;undefined&apos; @2019-01-31T00:00:00.000-05:00" time="0">
    </testcase>
    <testcase classname="Test cases for undefined should return &apos;6&apos; for &apos;undefined&apos; @2019-01-31T23:59:59.999-05:00" name="Test cases for undefined should return &apos;6&apos; for &apos;undefined&apos; @2019-01-31T23:59:59.999-05:00" time="0">
    </testcase>
    <testcase classname="&apos;pyp&apos; should be a function for [object Object] should be a function" name="&apos;pyp&apos; should be a function for [object Object] should be a function" time="0">
    </testcase>
    <testcase classname="Test for [object Object] info Should return an array for &apos;vehicleClasses&apos; of [object Object]" name="Test for [object Object] info Should return an array for &apos;vehicleClasses&apos; of [object Object]" time="0">
    </testcase>
    <testcase classname="Test for [object Object] info Should return scheme info of [object Object]" name="Test for [object Object] info Should return scheme info of [object Object]" time="0.001">
    </testcase>
    <testcase classname="Test for [object Object] info Should return decrees info for [object Object]" name="Test for [object Object] info Should return decrees info for [object Object]" time="0.001">
    </testcase>
    <testcase classname="Test for [object Object] info Should return hours info for [object Object]" name="Test for [object Object] info Should return hours info for [object Object]" time="0">
    </testcase>
  </testsuite>
  <testsuite name="Test cases for undefined" errors="0" failures="0" skipped="0" timestamp="2019-03-22T20:58:26" time="0.304" tests="17">
    <testcase classname="Test cases for undefined should return &apos;1-3-5-7-9&apos; for &apos;undefined&apos; @2019-02-23T00:00:00.000-05:00" name="Test cases for undefined should return &apos;1-3-5-7-9&apos; for &apos;undefined&apos; @2019-02-23T00:00:00.000-05:00" time="0.002">
    </testcase>
    <testcase classname="Test cases for undefined should return &apos;1-3-5-7-9&apos; for &apos;undefined&apos; @2019-02-23T23:59:59.999-05:00" name="Test cases for undefined should return &apos;1-3-5-7-9&apos; for &apos;undefined&apos; @2019-02-23T23:59:59.999-05:00" time="0.001">
    </testcase>
    <testcase classname="Test cases for undefined should return &apos;1-3-5-7-9&apos; for &apos;undefined&apos; @2019-03-09T00:00:00.000-05:00" name="Test cases for undefined should return &apos;1-3-5-7-9&apos; for &apos;undefined&apos; @2019-03-09T00:00:00.000-05:00" time="0">
    </testcase>
    <testcase classname="Test cases for undefined should return &apos;1-3-5-7-9&apos; for &apos;undefined&apos; @2019-03-09T23:59:59.999-05:00" name="Test cases for undefined should return &apos;1-3-5-7-9&apos; for &apos;undefined&apos; @2019-03-09T23:59:59.999-05:00" time="0.001">
    </testcase>
    <testcase classname="Test cases for undefined should return &apos;1-3-5-7-9&apos; for &apos;undefined&apos; @2019-03-23T00:00:00.000-05:00" name="Test cases for undefined should return &apos;1-3-5-7-9&apos; for &apos;undefined&apos; @2019-03-23T00:00:00.000-05:00" time="0">
    </testcase>
    <testcase classname="Test cases for undefined should return &apos;1-3-5-7-9&apos; for &apos;undefined&apos; @2019-03-23T23:59:59.999-05:00" name="Test cases for undefined should return &apos;1-3-5-7-9&apos; for &apos;undefined&apos; @2019-03-23T23:59:59.999-05:00" time="0.001">
    </testcase>
    <testcase classname="Test cases for undefined should return &apos;0-2-4-6-8&apos; for &apos;undefined&apos; @2019-03-02T00:00:00.000-05:00" name="Test cases for undefined should return &apos;0-2-4-6-8&apos; for &apos;undefined&apos; @2019-03-02T00:00:00.000-05:00" time="0">
    </testcase>
    <testcase classname="Test cases for undefined should return &apos;0-2-4-6-8&apos; for &apos;undefined&apos; @2019-03-02T23:59:59.999-05:00" name="Test cases for undefined should return &apos;0-2-4-6-8&apos; for &apos;undefined&apos; @2019-03-02T23:59:59.999-05:00" time="0.001">
    </testcase>
    <testcase classname="Test cases for undefined should return &apos;0-2-4-6-8&apos; for &apos;undefined&apos; @2019-03-16T00:00:00.000-05:00" name="Test cases for undefined should return &apos;0-2-4-6-8&apos; for &apos;undefined&apos; @2019-03-16T00:00:00.000-05:00" time="0">
    </testcase>
    <testcase classname="Test cases for undefined should return &apos;0-2-4-6-8&apos; for &apos;undefined&apos; @2019-03-16T23:59:59.999-05:00" name="Test cases for undefined should return &apos;0-2-4-6-8&apos; for &apos;undefined&apos; @2019-03-16T23:59:59.999-05:00" time="0">
    </testcase>
    <testcase classname="Test cases for undefined should return &apos;0-2-4-6-8&apos; for &apos;undefined&apos; @2019-03-30T00:00:00.000-05:00" name="Test cases for undefined should return &apos;0-2-4-6-8&apos; for &apos;undefined&apos; @2019-03-30T00:00:00.000-05:00" time="0.001">
    </testcase>
    <testcase classname="Test cases for undefined should return &apos;0-2-4-6-8&apos; for &apos;undefined&apos; @2019-03-30T23:59:59.999-05:00" name="Test cases for undefined should return &apos;0-2-4-6-8&apos; for &apos;undefined&apos; @2019-03-30T23:59:59.999-05:00" time="0">
    </testcase>
    <testcase classname="&apos;pyp&apos; should be a function for [object Object] should be a function" name="&apos;pyp&apos; should be a function for [object Object] should be a function" time="0.001">
    </testcase>
    <testcase classname="Test for [object Object] info Should return an array for &apos;vehicleClasses&apos; of [object Object]" name="Test for [object Object] info Should return an array for &apos;vehicleClasses&apos; of [object Object]" time="0">
    </testcase>
    <testcase classname="Test for [object Object] info Should return scheme info of [object Object]" name="Test for [object Object] info Should return scheme info of [object Object]" time="0.001">
    </testcase>
    <testcase classname="Test for [object Object] info Should return decrees info for [object Object]" name="Test for [object Object] info Should return decrees info for [object Object]" time="0.001">
    </testcase>
    <testcase classname="Test for [object Object] info Should return hours info for [object Object]" name="Test for [object Object] info Should return hours info for [object Object]" time="0.004">
    </testcase>
  </testsuite>
  <testsuite name="Test cases for undefined" errors="0" failures="0" skipped="0" timestamp="2019-03-22T20:58:26" time="0.305" tests="25">
    <testcase classname="Test cases for undefined should return &apos;3&apos; for &apos;undefined&apos; @2018-01-06T00:00:00.000-05:00" name="Test cases for undefined should return &apos;3&apos; for &apos;undefined&apos; @2018-01-06T00:00:00.000-05:00" time="0.002">
    </testcase>
    <testcase classname="Test cases for undefined should return &apos;3&apos; for &apos;undefined&apos; @2018-01-06T23:59:59.999-05:00" name="Test cases for undefined should return &apos;3&apos; for &apos;undefined&apos; @2018-01-06T23:59:59.999-05:00" time="0.001">
    </testcase>
    <testcase classname="Test cases for undefined should return &apos;0&apos; for &apos;undefined&apos; @2018-04-07T00:00:00.000-05:00" name="Test cases for undefined should return &apos;0&apos; for &apos;undefined&apos; @2018-04-07T00:00:00.000-05:00" time="0">
    </testcase>
    <testcase classname="Test cases for undefined should return &apos;0&apos; for &apos;undefined&apos; @2018-04-07T23:59:59.999-05:00" name="Test cases for undefined should return &apos;0&apos; for &apos;undefined&apos; @2018-04-07T23:59:59.999-05:00" time="0.001">
    </testcase>
    <testcase classname="Test cases for undefined should return &apos;2&apos; for &apos;undefined&apos; @2018-02-04T00:00:00.000-05:00" name="Test cases for undefined should return &apos;2&apos; for &apos;undefined&apos; @2018-02-04T00:00:00.000-05:00" time="0">
    </testcase>
    <testcase classname="Test cases for undefined should return &apos;2&apos; for &apos;undefined&apos; @2018-02-04T23:59:59.999-05:00" name="Test cases for undefined should return &apos;2&apos; for &apos;undefined&apos; @2018-02-04T23:59:59.999-05:00" time="0.001">
    </testcase>
    <testcase classname="Test cases for undefined should return &apos;1-2&apos; for &apos;undefined&apos; @2018-04-09T00:00:00.000-05:00" name="Test cases for undefined should return &apos;1-2&apos; for &apos;undefined&apos; @2018-04-09T00:00:00.000-05:00" time="0.001">
    </testcase>
    <testcase classname="Test cases for undefined should return &apos;1-2&apos; for &apos;undefined&apos; @2018-04-09T23:59:59.999-05:00" name="Test cases for undefined should return &apos;1-2&apos; for &apos;undefined&apos; @2018-04-09T23:59:59.999-05:00" time="0">
    </testcase>
    <testcase classname="Test cases for undefined should return &apos;5-6&apos; for &apos;undefined&apos; @2018-05-16T00:00:00.000-05:00" name="Test cases for undefined should return &apos;5-6&apos; for &apos;undefined&apos; @2018-05-16T00:00:00.000-05:00" time="0.001">
    </testcase>
    <testcase classname="Test cases for undefined should return &apos;5-6&apos; for &apos;undefined&apos; @2018-05-16T23:59:59.999-05:00" name="Test cases for undefined should return &apos;5-6&apos; for &apos;undefined&apos; @2018-05-16T23:59:59.999-05:00" time="0">
    </testcase>
    <testcase classname="Test cases for undefined should return &apos;5-6&apos; for &apos;undefined&apos; @2018-06-14T00:00:00.000-05:00" name="Test cases for undefined should return &apos;5-6&apos; for &apos;undefined&apos; @2018-06-14T00:00:00.000-05:00" time="0.001">
    </testcase>
    <testcase classname="Test cases for undefined should return &apos;5-6&apos; for &apos;undefined&apos; @2018-06-14T23:59:59.999-05:00" name="Test cases for undefined should return &apos;5-6&apos; for &apos;undefined&apos; @2018-06-14T23:59:59.999-05:00" time="0">
    </testcase>
    <testcase classname="Test cases for undefined should return &apos;8&apos; for &apos;undefined&apos; @2018-06-09T00:00:00.000-05:00" name="Test cases for undefined should return &apos;8&apos; for &apos;undefined&apos; @2018-06-09T00:00:00.000-05:00" time="0">
    </testcase>
    <testcase classname="Test cases for undefined should return &apos;8&apos; for &apos;undefined&apos; @2018-06-09T23:59:59.999-05:00" name="Test cases for undefined should return &apos;8&apos; for &apos;undefined&apos; @2018-06-09T23:59:59.999-05:00" time="0">
    </testcase>
    <testcase classname="Test cases for undefined should return &apos;5&apos; for &apos;undefined&apos; @2018-12-29T00:00:00.000-05:00" name="Test cases for undefined should return &apos;5&apos; for &apos;undefined&apos; @2018-12-29T00:00:00.000-05:00" time="0.001">
    </testcase>
    <testcase classname="Test cases for undefined should return &apos;5&apos; for &apos;undefined&apos; @2018-12-29T23:59:59.999-05:00" name="Test cases for undefined should return &apos;5&apos; for &apos;undefined&apos; @2018-12-29T23:59:59.999-05:00" time="0">
    </testcase>
    <testcase classname="Test cases for undefined should return &apos;6&apos; for &apos;undefined&apos; @2018-12-30T00:00:00.000-05:00" name="Test cases for undefined should return &apos;6&apos; for &apos;undefined&apos; @2018-12-30T00:00:00.000-05:00" time="0.001">
    </testcase>
    <testcase classname="Test cases for undefined should return &apos;6&apos; for &apos;undefined&apos; @2018-12-30T23:59:59.999-05:00" name="Test cases for undefined should return &apos;6&apos; for &apos;undefined&apos; @2018-12-30T23:59:59.999-05:00" time="0">
    </testcase>
    <testcase classname="Test cases for undefined should return &apos;4&apos; for &apos;undefined&apos; @2018-01-07T00:00:00.000-05:00" name="Test cases for undefined should return &apos;4&apos; for &apos;undefined&apos; @2018-01-07T00:00:00.000-05:00" time="0">
    </testcase>
    <testcase classname="Test cases for undefined should return &apos;4&apos; for &apos;undefined&apos; @2018-01-07T23:59:59.999-05:00" name="Test cases for undefined should return &apos;4&apos; for &apos;undefined&apos; @2018-01-07T23:59:59.999-05:00" time="0.001">
    </testcase>
    <testcase classname="&apos;pyp&apos; should be a function for [object Object] should be a function" name="&apos;pyp&apos; should be a function for [object Object] should be a function" time="0">
    </testcase>
    <testcase classname="Test for [object Object] info Should return an array for &apos;vehicleClasses&apos; of [object Object]" name="Test for [object Object] info Should return an array for &apos;vehicleClasses&apos; of [object Object]" time="0">
    </testcase>
    <testcase classname="Test for [object Object] info Should return scheme info of [object Object]" name="Test for [object Object] info Should return scheme info of [object Object]" time="0.001">
    </testcase>
    <testcase classname="Test for [object Object] info Should return decrees info for [object Object]" name="Test for [object Object] info Should return decrees info for [object Object]" time="0.001">
    </testcase>
    <testcase classname="Test for [object Object] info Should return hours info for [object Object]" name="Test for [object Object] info Should return hours info for [object Object]" time="0.001">
    </testcase>
  </testsuite>
  <testsuite name="Test cases for undefined" errors="0" failures="0" skipped="0" timestamp="2019-03-22T20:58:26" time="0.287" tests="9">
    <testcase classname="Test cases for undefined should return &apos;1-2&apos; for &apos;undefined&apos; @2018-04-09T00:00:00.000-05:00" name="Test cases for undefined should return &apos;1-2&apos; for &apos;undefined&apos; @2018-04-09T00:00:00.000-05:00" time="0.001">
    </testcase>
    <testcase classname="Test cases for undefined should return &apos;1-2&apos; for &apos;undefined&apos; @2018-04-09T23:59:59.999-05:00" name="Test cases for undefined should return &apos;1-2&apos; for &apos;undefined&apos; @2018-04-09T23:59:59.999-05:00" time="0.001">
    </testcase>
    <testcase classname="Test cases for undefined should return &apos;5-6&apos; for &apos;undefined&apos; @2018-05-16T00:00:00.000-05:00" name="Test cases for undefined should return &apos;5-6&apos; for &apos;undefined&apos; @2018-05-16T00:00:00.000-05:00" time="0">
    </testcase>
    <testcase classname="Test cases for undefined should return &apos;5-6&apos; for &apos;undefined&apos; @2018-05-16T23:59:59.999-05:00" name="Test cases for undefined should return &apos;5-6&apos; for &apos;undefined&apos; @2018-05-16T23:59:59.999-05:00" time="0.001">
    </testcase>
    <testcase classname="&apos;pyp&apos; should be a function for [object Object] should be a function" name="&apos;pyp&apos; should be a function for [object Object] should be a function" time="0.001">
    </testcase>
    <testcase classname="Test for [object Object] info Should return an array for &apos;vehicleClasses&apos; of [object Object]" name="Test for [object Object] info Should return an array for &apos;vehicleClasses&apos; of [object Object]" time="0">
    </testcase>
    <testcase classname="Test for [object Object] info Should return scheme info of [object Object]" name="Test for [object Object] info Should return scheme info of [object Object]" time="0.001">
    </testcase>
    <testcase classname="Test for [object Object] info Should return decrees info for [object Object]" name="Test for [object Object] info Should return decrees info for [object Object]" time="0.001">
    </testcase>
    <testcase classname="Test for [object Object] info Should return hours info for [object Object]" name="Test for [object Object] info Should return hours info for [object Object]" time="0.002">
    </testcase>
  </testsuite>
  <testsuite name="Test cases for undefined" errors="0" failures="0" skipped="0" timestamp="2019-03-22T20:58:26" time="0.312" tests="21">
    <testcase classname="Test cases for undefined should return &apos;1&apos; for &apos;undefined&apos; @2018-01-01T00:00:00.000-05:00" name="Test cases for undefined should return &apos;1&apos; for &apos;undefined&apos; @2018-01-01T00:00:00.000-05:00" time="0.002">
    </testcase>
    <testcase classname="Test cases for undefined should return &apos;1&apos; for &apos;undefined&apos; @2018-01-01T23:59:59.999-05:00" name="Test cases for undefined should return &apos;1&apos; for &apos;undefined&apos; @2018-01-01T23:59:59.999-05:00" time="0">
    </testcase>
    <testcase classname="Test cases for undefined should return &apos;NA&apos; for &apos;undefined&apos; @2018-07-31T00:00:00.000-05:00" name="Test cases for undefined should return &apos;NA&apos; for &apos;undefined&apos; @2018-07-31T00:00:00.000-05:00" time="0.001">
    </testcase>
    <testcase classname="Test cases for undefined should return &apos;NA&apos; for &apos;undefined&apos; @2018-07-31T23:59:59.999-05:00" name="Test cases for undefined should return &apos;NA&apos; for &apos;undefined&apos; @2018-07-31T23:59:59.999-05:00" time="0">
    </testcase>
    <testcase classname="Test cases for undefined should return &apos;4&apos; for &apos;undefined&apos; @2018-01-04T00:00:00.000-05:00" name="Test cases for undefined should return &apos;4&apos; for &apos;undefined&apos; @2018-01-04T00:00:00.000-05:00" time="0">
    </testcase>
    <testcase classname="Test cases for undefined should return &apos;4&apos; for &apos;undefined&apos; @2018-01-04T23:59:59.999-05:00" name="Test cases for undefined should return &apos;4&apos; for &apos;undefined&apos; @2018-01-04T23:59:59.999-05:00" time="0.001">
    </testcase>
    <testcase classname="Test cases for undefined should return &apos;5&apos; for &apos;undefined&apos; @2018-01-05T00:00:00.000-05:00" name="Test cases for undefined should return &apos;5&apos; for &apos;undefined&apos; @2018-01-05T00:00:00.000-05:00" time="0">
    </testcase>
    <testcase classname="Test cases for undefined should return &apos;5&apos; for &apos;undefined&apos; @2018-01-05T23:59:59.999-05:00" name="Test cases for undefined should return &apos;5&apos; for &apos;undefined&apos; @2018-01-05T23:59:59.999-05:00" time="0">
    </testcase>
    <testcase classname="Test cases for undefined should return &apos;5&apos; for &apos;undefined&apos; @2018-03-15T00:00:00.000-05:00" name="Test cases for undefined should return &apos;5&apos; for &apos;undefined&apos; @2018-03-15T00:00:00.000-05:00" time="0.001">
    </testcase>
    <testcase classname="Test cases for undefined should return &apos;5&apos; for &apos;undefined&apos; @2018-03-15T23:59:59.999-05:00" name="Test cases for undefined should return &apos;5&apos; for &apos;undefined&apos; @2018-03-15T23:59:59.999-05:00" time="0">
    </testcase>
    <testcase classname="Test cases for undefined should return &apos;1&apos; for &apos;undefined&apos; @2018-08-01T00:00:00.000-05:00" name="Test cases for undefined should return &apos;1&apos; for &apos;undefined&apos; @2018-08-01T00:00:00.000-05:00" time="0">
    </testcase>
    <testcase classname="Test cases for undefined should return &apos;1&apos; for &apos;undefined&apos; @2018-08-01T23:59:59.999-05:00" name="Test cases for undefined should return &apos;1&apos; for &apos;undefined&apos; @2018-08-01T23:59:59.999-05:00" time="0.001">
    </testcase>
    <testcase classname="Test cases for undefined should return &apos;2&apos; for &apos;undefined&apos; @2018-08-02T00:00:00.000-05:00" name="Test cases for undefined should return &apos;2&apos; for &apos;undefined&apos; @2018-08-02T00:00:00.000-05:00" time="0">
    </testcase>
    <testcase classname="Test cases for undefined should return &apos;2&apos; for &apos;undefined&apos; @2018-08-02T23:59:59.999-05:00" name="Test cases for undefined should return &apos;2&apos; for &apos;undefined&apos; @2018-08-02T23:59:59.999-05:00" time="0.001">
    </testcase>
    <testcase classname="Test cases for undefined should return &apos;7&apos; for &apos;undefined&apos; @2019-01-07T00:00:00.000-05:00" name="Test cases for undefined should return &apos;7&apos; for &apos;undefined&apos; @2019-01-07T00:00:00.000-05:00" time="0">
    </testcase>
    <testcase classname="Test cases for undefined should return &apos;7&apos; for &apos;undefined&apos; @2019-01-07T23:59:59.999-05:00" name="Test cases for undefined should return &apos;7&apos; for &apos;undefined&apos; @2019-01-07T23:59:59.999-05:00" time="0">
    </testcase>
    <testcase classname="&apos;pyp&apos; should be a function for [object Object] should be a function" name="&apos;pyp&apos; should be a function for [object Object] should be a function" time="0.001">
    </testcase>
    <testcase classname="Test for [object Object] info Should return an array for &apos;vehicleClasses&apos; of [object Object]" name="Test for [object Object] info Should return an array for &apos;vehicleClasses&apos; of [object Object]" time="0">
    </testcase>
    <testcase classname="Test for [object Object] info Should return scheme info of [object Object]" name="Test for [object Object] info Should return scheme info of [object Object]" time="0">
    </testcase>
    <testcase classname="Test for [object Object] info Should return decrees info for [object Object]" name="Test for [object Object] info Should return decrees info for [object Object]" time="0.003">
    </testcase>
    <testcase classname="Test for [object Object] info Should return hours info for [object Object]" name="Test for [object Object] info Should return hours info for [object Object]" time="0.001">
    </testcase>
  </testsuite>
  <testsuite name="Test cases for undefined" errors="0" failures="0" skipped="0" timestamp="2019-03-22T20:58:26" time="0.292" tests="9">
    <testcase classname="Test cases for undefined should return &apos;1-2&apos; for &apos;undefined&apos; @2018-04-09T00:00:00.000-05:00" name="Test cases for undefined should return &apos;1-2&apos; for &apos;undefined&apos; @2018-04-09T00:00:00.000-05:00" time="0.001">
    </testcase>
    <testcase classname="Test cases for undefined should return &apos;1-2&apos; for &apos;undefined&apos; @2018-04-09T23:59:59.999-05:00" name="Test cases for undefined should return &apos;1-2&apos; for &apos;undefined&apos; @2018-04-09T23:59:59.999-05:00" time="0.001">
    </testcase>
    <testcase classname="Test cases for undefined should return &apos;5-6&apos; for &apos;undefined&apos; @2018-05-16T00:00:00.000-05:00" name="Test cases for undefined should return &apos;5-6&apos; for &apos;undefined&apos; @2018-05-16T00:00:00.000-05:00" time="0">
    </testcase>
    <testcase classname="Test cases for undefined should return &apos;5-6&apos; for &apos;undefined&apos; @2018-05-16T23:59:59.999-05:00" name="Test cases for undefined should return &apos;5-6&apos; for &apos;undefined&apos; @2018-05-16T23:59:59.999-05:00" time="0.001">
    </testcase>
    <testcase classname="&apos;pyp&apos; should be a function for [object Object] should be a function" name="&apos;pyp&apos; should be a function for [object Object] should be a function" time="0">
    </testcase>
    <testcase classname="Test for [object Object] info Should return an array for &apos;vehicleClasses&apos; of [object Object]" name="Test for [object Object] info Should return an array for &apos;vehicleClasses&apos; of [object Object]" time="0">
    </testcase>
    <testcase classname="Test for [object Object] info Should return scheme info of [object Object]" name="Test for [object Object] info Should return scheme info of [object Object]" time="0">
    </testcase>
    <testcase classname="Test for [object Object] info Should return decrees info for [object Object]" name="Test for [object Object] info Should return decrees info for [object Object]" time="0.001">
    </testcase>
    <testcase classname="Test for [object Object] info Should return hours info for [object Object]" name="Test for [object Object] info Should return hours info for [object Object]" time="0.002">
    </testcase>
  </testsuite>
  <testsuite name="Test cases for undefined" errors="0" failures="0" skipped="0" timestamp="2019-03-22T20:58:24" time="2.637" tests="33">
    <testcase classname="Test cases for undefined should return &apos;3-4&apos; for &apos;undefined&apos; @2018-04-09T00:00:00.000-05:00" name="Test cases for undefined should return &apos;3-4&apos; for &apos;undefined&apos; @2018-04-09T00:00:00.000-05:00" time="0.008">
    </testcase>
    <testcase classname="Test cases for undefined should return &apos;3-4&apos; for &apos;undefined&apos; @2018-04-09T23:59:59.999-05:00" name="Test cases for undefined should return &apos;3-4&apos; for &apos;undefined&apos; @2018-04-09T23:59:59.999-05:00" time="0.002">
    </testcase>
    <testcase classname="Test cases for undefined should return &apos;7-8&apos; for &apos;undefined&apos; @2018-05-16T00:00:00.000-05:00" name="Test cases for undefined should return &apos;7-8&apos; for &apos;undefined&apos; @2018-05-16T00:00:00.000-05:00" time="0">
    </testcase>
    <testcase classname="Test cases for undefined should return &apos;7-8&apos; for &apos;undefined&apos; @2018-05-16T23:59:59.999-05:00" name="Test cases for undefined should return &apos;7-8&apos; for &apos;undefined&apos; @2018-05-16T23:59:59.999-05:00" time="0.001">
    </testcase>
    <testcase classname="Test cases for undefined should return &apos;1-2&apos; for &apos;undefined&apos; @2018-06-14T00:00:00.000-05:00" name="Test cases for undefined should return &apos;1-2&apos; for &apos;undefined&apos; @2018-06-14T00:00:00.000-05:00" time="0">
    </testcase>
    <testcase classname="Test cases for undefined should return &apos;1-2&apos; for &apos;undefined&apos; @2018-06-14T23:59:59.999-05:00" name="Test cases for undefined should return &apos;1-2&apos; for &apos;undefined&apos; @2018-06-14T23:59:59.999-05:00" time="0.001">
    </testcase>
    <testcase classname="Test cases for undefined should return &apos;7-8&apos; for &apos;undefined&apos; @2018-02-01T00:00:00.000-05:00" name="Test cases for undefined should return &apos;7-8&apos; for &apos;undefined&apos; @2018-02-01T00:00:00.000-05:00" time="0">
    </testcase>
    <testcase classname="Test cases for undefined should return &apos;7-8&apos; for &apos;undefined&apos; @2018-02-01T23:59:59.999-05:00" name="Test cases for undefined should return &apos;7-8&apos; for &apos;undefined&apos; @2018-02-01T23:59:59.999-05:00" time="0">
    </testcase>
    <testcase classname="Test cases for undefined should return &apos;9-0&apos; for &apos;undefined&apos; @2018-02-02T00:00:00.000-05:00" name="Test cases for undefined should return &apos;9-0&apos; for &apos;undefined&apos; @2018-02-02T00:00:00.000-05:00" time="0.001">
    </testcase>
    <testcase classname="Test cases for undefined should return &apos;9-0&apos; for &apos;undefined&apos; @2018-02-02T23:59:59.999-05:00" name="Test cases for undefined should return &apos;9-0&apos; for &apos;undefined&apos; @2018-02-02T23:59:59.999-05:00" time="0">
    </testcase>
    <testcase classname="Test cases for undefined should return &apos;1-2&apos; for &apos;undefined&apos; @2018-02-05T00:00:00.000-05:00" name="Test cases for undefined should return &apos;1-2&apos; for &apos;undefined&apos; @2018-02-05T00:00:00.000-05:00" time="0.001">
    </testcase>
    <testcase classname="Test cases for undefined should return &apos;1-2&apos; for &apos;undefined&apos; @2018-02-05T23:59:59.999-05:00" name="Test cases for undefined should return &apos;1-2&apos; for &apos;undefined&apos; @2018-02-05T23:59:59.999-05:00" time="0">
    </testcase>
    <testcase classname="Test cases for undefined should return &apos;9-0&apos; for &apos;undefined&apos; @2018-03-02T00:00:00.000-05:00" name="Test cases for undefined should return &apos;9-0&apos; for &apos;undefined&apos; @2018-03-02T00:00:00.000-05:00" time="0">
    </testcase>
    <testcase classname="Test cases for undefined should return &apos;9-0&apos; for &apos;undefined&apos; @2018-03-02T23:59:59.999-05:00" name="Test cases for undefined should return &apos;9-0&apos; for &apos;undefined&apos; @2018-03-02T23:59:59.999-05:00" time="0">
    </testcase>
    <testcase classname="Test cases for undefined should return &apos;3-4&apos; for &apos;undefined&apos; @2018-03-05T00:00:00.000-05:00" name="Test cases for undefined should return &apos;3-4&apos; for &apos;undefined&apos; @2018-03-05T00:00:00.000-05:00" time="0">
    </testcase>
    <testcase classname="Test cases for undefined should return &apos;3-4&apos; for &apos;undefined&apos; @2018-03-05T23:59:59.999-05:00" name="Test cases for undefined should return &apos;3-4&apos; for &apos;undefined&apos; @2018-03-05T23:59:59.999-05:00" time="0.001">
    </testcase>
    <testcase classname="Test cases for undefined should return &apos;3-4&apos; for &apos;undefined&apos; @2018-04-30T00:00:00.000-05:00" name="Test cases for undefined should return &apos;3-4&apos; for &apos;undefined&apos; @2018-04-30T00:00:00.000-05:00" time="0">
    </testcase>
    <testcase classname="Test cases for undefined should return &apos;3-4&apos; for &apos;undefined&apos; @2018-04-30T23:59:59.999-05:00" name="Test cases for undefined should return &apos;3-4&apos; for &apos;undefined&apos; @2018-04-30T23:59:59.999-05:00" time="0">
    </testcase>
    <testcase classname="Test cases for undefined should return &apos;1-2&apos; for &apos;undefined&apos; @2018-06-01T00:00:00.000-05:00" name="Test cases for undefined should return &apos;1-2&apos; for &apos;undefined&apos; @2018-06-01T00:00:00.000-05:00" time="0.001">
    </testcase>
    <testcase classname="Test cases for undefined should return &apos;1-2&apos; for &apos;undefined&apos; @2018-06-01T23:59:59.999-05:00" name="Test cases for undefined should return &apos;1-2&apos; for &apos;undefined&apos; @2018-06-01T23:59:59.999-05:00" time="0">
    </testcase>
    <testcase classname="Test cases for undefined should return &apos;7-8&apos; for &apos;undefined&apos; @2018-10-01T00:00:00.000-05:00" name="Test cases for undefined should return &apos;7-8&apos; for &apos;undefined&apos; @2018-10-01T00:00:00.000-05:00" time="0">
    </testcase>
    <testcase classname="Test cases for undefined should return &apos;7-8&apos; for &apos;undefined&apos; @2018-10-01T23:59:59.999-05:00" name="Test cases for undefined should return &apos;7-8&apos; for &apos;undefined&apos; @2018-10-01T23:59:59.999-05:00" time="0">
    </testcase>
    <testcase classname="Test cases for undefined should return &apos;9-0&apos; for &apos;undefined&apos; @2018-10-02T00:00:00.000-05:00" name="Test cases for undefined should return &apos;9-0&apos; for &apos;undefined&apos; @2018-10-02T00:00:00.000-05:00" time="0.001">
    </testcase>
    <testcase classname="Test cases for undefined should return &apos;9-0&apos; for &apos;undefined&apos; @2018-10-02T23:59:59.999-05:00" name="Test cases for undefined should return &apos;9-0&apos; for &apos;undefined&apos; @2018-10-02T23:59:59.999-05:00" time="0">
    </testcase>
    <testcase classname="Test cases for undefined should return &apos;7-8&apos; for &apos;undefined&apos; @2018-04-04T00:00:00.000-05:00" name="Test cases for undefined should return &apos;7-8&apos; for &apos;undefined&apos; @2018-04-04T00:00:00.000-05:00" time="0">
    </testcase>
    <testcase classname="Test cases for undefined should return &apos;7-8&apos; for &apos;undefined&apos; @2018-04-04T23:59:59.999-05:00" name="Test cases for undefined should return &apos;7-8&apos; for &apos;undefined&apos; @2018-04-04T23:59:59.999-05:00" time="0">
    </testcase>
    <testcase classname="Test cases for undefined should return &apos;7-8&apos; for &apos;undefined&apos; @2018-09-03T00:00:00.000-05:00" name="Test cases for undefined should return &apos;7-8&apos; for &apos;undefined&apos; @2018-09-03T00:00:00.000-05:00" time="0">
    </testcase>
    <testcase classname="Test cases for undefined should return &apos;7-8&apos; for &apos;undefined&apos; @2018-09-03T23:59:59.999-05:00" name="Test cases for undefined should return &apos;7-8&apos; for &apos;undefined&apos; @2018-09-03T23:59:59.999-05:00" time="0.001">
    </testcase>
    <testcase classname="&apos;pyp&apos; should be a function for [object Object] should be a function" name="&apos;pyp&apos; should be a function for [object Object] should be a function" time="0">
    </testcase>
    <testcase classname="Test for [object Object] info Should return an array for &apos;vehicleClasses&apos; of [object Object]" name="Test for [object Object] info Should return an array for &apos;vehicleClasses&apos; of [object Object]" time="0">
    </testcase>
    <testcase classname="Test for [object Object] info Should return scheme info of [object Object]" name="Test for [object Object] info Should return scheme info of [object Object]" time="0.001">
    </testcase>
    <testcase classname="Test for [object Object] info Should return decrees info for [object Object]" name="Test for [object Object] info Should return decrees info for [object Object]" time="0.001">
    </testcase>
    <testcase classname="Test for [object Object] info Should return hours info for [object Object]" name="Test for [object Object] info Should return hours info for [object Object]" time="0.001">
    </testcase>
  </testsuite>
  <testsuite name="Test cases for undefined" errors="0" failures="0" skipped="0" timestamp="2019-03-22T20:58:26" time="0.296" tests="9">
    <testcase classname="Test cases for undefined should return &apos;6-7&apos; for &apos;undefined&apos; @2018-04-09T00:00:00.000-05:00" name="Test cases for undefined should return &apos;6-7&apos; for &apos;undefined&apos; @2018-04-09T00:00:00.000-05:00" time="0.002">
    </testcase>
    <testcase classname="Test cases for undefined should return &apos;6-7&apos; for &apos;undefined&apos; @2018-04-09T23:59:59.999-05:00" name="Test cases for undefined should return &apos;6-7&apos; for &apos;undefined&apos; @2018-04-09T23:59:59.999-05:00" time="0.001">
    </testcase>
    <testcase classname="Test cases for undefined should return &apos;0-1&apos; for &apos;undefined&apos; @2018-05-16T00:00:00.000-05:00" name="Test cases for undefined should return &apos;0-1&apos; for &apos;undefined&apos; @2018-05-16T00:00:00.000-05:00" time="0">
    </testcase>
    <testcase classname="Test cases for undefined should return &apos;0-1&apos; for &apos;undefined&apos; @2018-05-16T23:59:59.999-05:00" name="Test cases for undefined should return &apos;0-1&apos; for &apos;undefined&apos; @2018-05-16T23:59:59.999-05:00" time="0.001">
    </testcase>
    <testcase classname="&apos;pyp&apos; should be a function for [object Object] should be a function" name="&apos;pyp&apos; should be a function for [object Object] should be a function" time="0">
    </testcase>
    <testcase classname="Test for [object Object] info Should return an array for &apos;vehicleClasses&apos; of [object Object]" name="Test for [object Object] info Should return an array for &apos;vehicleClasses&apos; of [object Object]" time="0.001">
    </testcase>
    <testcase classname="Test for [object Object] info Should return scheme info of [object Object]" name="Test for [object Object] info Should return scheme info of [object Object]" time="0">
    </testcase>
    <testcase classname="Test for [object Object] info Should return decrees info for [object Object]" name="Test for [object Object] info Should return decrees info for [object Object]" time="0.001">
    </testcase>
    <testcase classname="Test for [object Object] info Should return hours info for [object Object]" name="Test for [object Object] info Should return hours info for [object Object]" time="0.001">
    </testcase>
  </testsuite>
  <testsuite name="test for generateISOString" errors="0" failures="0" skipped="0" timestamp="2019-03-22T20:58:26" time="0.298" tests="11">
    <testcase classname="test for generateISOString should append the time offset to the date" name="test for generateISOString should append the time offset to the date" time="0.002">
    </testcase>
    <testcase classname="test for getting nth day of a given month should return the first sunday of a given month of a given year" name="test for getting nth day of a given month should return the first sunday of a given month of a given year" time="0.005">
    </testcase>
    <testcase classname="test for getting nth day of a given month should return the second friday of a given month of a given year" name="test for getting nth day of a given month should return the second friday of a given month of a given year" time="0.004">
    </testcase>
    <testcase classname="test for getting nth day of a given month should return the third saturday of a given month of a given year" name="test for getting nth day of a given month should return the third saturday of a given month of a given year" time="0.002">
    </testcase>
    <testcase classname="test for getting nth day of a given month should return the last friday of a given month of a given year" name="test for getting nth day of a given month should return the last friday of a given month of a given year" time="0.002">
    </testcase>
    <testcase classname="test for getting nth day of a given month should return the last sunday of a given month of a given year" name="test for getting nth day of a given month should return the last sunday of a given month of a given year" time="0.001">
    </testcase>
    <testcase classname="test for getting nth day of a given month should return the second last friday of a given month of a given year" name="test for getting nth day of a given month should return the second last friday of a given month of a given year" time="0.001">
    </testcase>
    <testcase classname="Get months difference between two dates according to an interval should return the number of months between two dates when no interval given" name="Get months difference between two dates according to an interval should return the number of months between two dates when no interval given" time="0.001">
    </testcase>
    <testcase classname="Get months difference between two dates according to an interval should return the number of quarters between two dates when interval is 3" name="Get months difference between two dates according to an interval should return the number of quarters between two dates when interval is 3" time="0.001">
    </testcase>
    <testcase classname="Get months difference between two dates according to an interval should return the number of semesters between two dates when interval is 6" name="Get months difference between two dates according to an interval should return the number of semesters between two dates when interval is 6" time="0">
    </testcase>
    <testcase classname="Get year difference between two dates should return the number of years between two dates" name="Get year difference between two dates should return the number of years between two dates" time="0.006">
    </testcase>
  </testsuite>
  <testsuite name="Test cases for undefined" errors="0" failures="0" skipped="0" timestamp="2019-03-22T20:58:24" time="2.642" tests="17">
    <testcase classname="Test cases for undefined should return &apos;1-3-5-7-9&apos; for &apos;undefined&apos; @2019-02-23T00:00:00.000-05:00" name="Test cases for undefined should return &apos;1-3-5-7-9&apos; for &apos;undefined&apos; @2019-02-23T00:00:00.000-05:00" time="0.007">
    </testcase>
    <testcase classname="Test cases for undefined should return &apos;1-3-5-7-9&apos; for &apos;undefined&apos; @2019-02-23T23:59:59.999-05:00" name="Test cases for undefined should return &apos;1-3-5-7-9&apos; for &apos;undefined&apos; @2019-02-23T23:59:59.999-05:00" time="0.001">
    </testcase>
    <testcase classname="Test cases for undefined should return &apos;1-3-5-7-9&apos; for &apos;undefined&apos; @2019-03-09T00:00:00.000-05:00" name="Test cases for undefined should return &apos;1-3-5-7-9&apos; for &apos;undefined&apos; @2019-03-09T00:00:00.000-05:00" time="0">
    </testcase>
    <testcase classname="Test cases for undefined should return &apos;1-3-5-7-9&apos; for &apos;undefined&apos; @2019-03-09T23:59:59.999-05:00" name="Test cases for undefined should return &apos;1-3-5-7-9&apos; for &apos;undefined&apos; @2019-03-09T23:59:59.999-05:00" time="0.001">
    </testcase>
    <testcase classname="Test cases for undefined should return &apos;1-3-5-7-9&apos; for &apos;undefined&apos; @2019-03-23T00:00:00.000-05:00" name="Test cases for undefined should return &apos;1-3-5-7-9&apos; for &apos;undefined&apos; @2019-03-23T00:00:00.000-05:00" time="0">
    </testcase>
    <testcase classname="Test cases for undefined should return &apos;1-3-5-7-9&apos; for &apos;undefined&apos; @2019-03-23T23:59:59.999-05:00" name="Test cases for undefined should return &apos;1-3-5-7-9&apos; for &apos;undefined&apos; @2019-03-23T23:59:59.999-05:00" time="0.001">
    </testcase>
    <testcase classname="Test cases for undefined should return &apos;0-2-4-6-8&apos; for &apos;undefined&apos; @2019-03-02T00:00:00.000-05:00" name="Test cases for undefined should return &apos;0-2-4-6-8&apos; for &apos;undefined&apos; @2019-03-02T00:00:00.000-05:00" time="0">
    </testcase>
    <testcase classname="Test cases for undefined should return &apos;0-2-4-6-8&apos; for &apos;undefined&apos; @2019-03-02T23:59:59.999-05:00" name="Test cases for undefined should return &apos;0-2-4-6-8&apos; for &apos;undefined&apos; @2019-03-02T23:59:59.999-05:00" time="0">
    </testcase>
    <testcase classname="Test cases for undefined should return &apos;0-2-4-6-8&apos; for &apos;undefined&apos; @2019-03-16T00:00:00.000-05:00" name="Test cases for undefined should return &apos;0-2-4-6-8&apos; for &apos;undefined&apos; @2019-03-16T00:00:00.000-05:00" time="0.001">
    </testcase>
    <testcase classname="Test cases for undefined should return &apos;0-2-4-6-8&apos; for &apos;undefined&apos; @2019-03-16T23:59:59.999-05:00" name="Test cases for undefined should return &apos;0-2-4-6-8&apos; for &apos;undefined&apos; @2019-03-16T23:59:59.999-05:00" time="0">
    </testcase>
    <testcase classname="Test cases for undefined should return &apos;0-2-4-6-8&apos; for &apos;undefined&apos; @2019-03-30T00:00:00.000-05:00" name="Test cases for undefined should return &apos;0-2-4-6-8&apos; for &apos;undefined&apos; @2019-03-30T00:00:00.000-05:00" time="0.001">
    </testcase>
    <testcase classname="Test cases for undefined should return &apos;0-2-4-6-8&apos; for &apos;undefined&apos; @2019-03-30T23:59:59.999-05:00" name="Test cases for undefined should return &apos;0-2-4-6-8&apos; for &apos;undefined&apos; @2019-03-30T23:59:59.999-05:00" time="0">
    </testcase>
    <testcase classname="&apos;pyp&apos; should be a function for [object Object] should be a function" name="&apos;pyp&apos; should be a function for [object Object] should be a function" time="0.001">
    </testcase>
    <testcase classname="Test for [object Object] info Should return an array for &apos;vehicleClasses&apos; of [object Object]" name="Test for [object Object] info Should return an array for &apos;vehicleClasses&apos; of [object Object]" time="0">
    </testcase>
    <testcase classname="Test for [object Object] info Should return scheme info of [object Object]" name="Test for [object Object] info Should return scheme info of [object Object]" time="0.009">
    </testcase>
    <testcase classname="Test for [object Object] info Should return decrees info for [object Object]" name="Test for [object Object] info Should return decrees info for [object Object]" time="0">
    </testcase>
    <testcase classname="Test for [object Object] info Should return hours info for [object Object]" name="Test for [object Object] info Should return hours info for [object Object]" time="0.003">
    </testcase>
  </testsuite>
  <testsuite name="Test cases for undefined" errors="0" failures="0" skipped="0" timestamp="2019-03-22T20:58:26" time="0.301" tests="17">
    <testcase classname="Test cases for undefined should return &apos;1-2&apos; for &apos;undefined&apos; @2018-01-01T00:00:00.000-05:00" name="Test cases for undefined should return &apos;1-2&apos; for &apos;undefined&apos; @2018-01-01T00:00:00.000-05:00" time="0.002">
    </testcase>
    <testcase classname="Test cases for undefined should return &apos;1-2&apos; for &apos;undefined&apos; @2018-01-01T23:59:59.999-05:00" name="Test cases for undefined should return &apos;1-2&apos; for &apos;undefined&apos; @2018-01-01T23:59:59.999-05:00" time="0">
    </testcase>
    <testcase classname="Test cases for undefined should return &apos;4-9&apos; for &apos;undefined&apos; @2018-03-19T00:00:00.000-05:00" name="Test cases for undefined should return &apos;4-9&apos; for &apos;undefined&apos; @2018-03-19T00:00:00.000-05:00" time="0.001">
    </testcase>
    <testcase classname="Test cases for undefined should return &apos;4-9&apos; for &apos;undefined&apos; @2018-03-19T23:59:59.999-05:00" name="Test cases for undefined should return &apos;4-9&apos; for &apos;undefined&apos; @2018-03-19T23:59:59.999-05:00" time="0">
    </testcase>
    <testcase classname="Test cases for undefined should return &apos;0-3&apos; for &apos;undefined&apos; @2018-04-07T00:00:00.000-05:00" name="Test cases for undefined should return &apos;0-3&apos; for &apos;undefined&apos; @2018-04-07T00:00:00.000-05:00" time="0.001">
    </testcase>
    <testcase classname="Test cases for undefined should return &apos;0-3&apos; for &apos;undefined&apos; @2018-04-07T23:59:59.999-05:00" name="Test cases for undefined should return &apos;0-3&apos; for &apos;undefined&apos; @2018-04-07T23:59:59.999-05:00" time="0">
    </testcase>
    <testcase classname="Test cases for undefined should return &apos;7-8&apos; for &apos;undefined&apos; @2018-02-04T00:00:00.000-05:00" name="Test cases for undefined should return &apos;7-8&apos; for &apos;undefined&apos; @2018-02-04T00:00:00.000-05:00" time="0">
    </testcase>
    <testcase classname="Test cases for undefined should return &apos;7-8&apos; for &apos;undefined&apos; @2018-02-04T23:59:59.999-05:00" name="Test cases for undefined should return &apos;7-8&apos; for &apos;undefined&apos; @2018-02-04T23:59:59.999-05:00" time="0.001">
    </testcase>
    <testcase classname="Test cases for undefined should return &apos;5-6&apos; for &apos;undefined&apos; @2018-04-09T00:00:00.000-05:00" name="Test cases for undefined should return &apos;5-6&apos; for &apos;undefined&apos; @2018-04-09T00:00:00.000-05:00" time="0">
    </testcase>
    <testcase classname="Test cases for undefined should return &apos;5-6&apos; for &apos;undefined&apos; @2018-04-09T23:59:59.999-05:00" name="Test cases for undefined should return &apos;5-6&apos; for &apos;undefined&apos; @2018-04-09T23:59:59.999-05:00" time="0.001">
    </testcase>
    <testcase classname="Test cases for undefined should return &apos;1-2&apos; for &apos;undefined&apos; @2018-05-16T00:00:00.000-05:00" name="Test cases for undefined should return &apos;1-2&apos; for &apos;undefined&apos; @2018-05-16T00:00:00.000-05:00" time="0">
    </testcase>
    <testcase classname="Test cases for undefined should return &apos;1-2&apos; for &apos;undefined&apos; @2018-05-16T23:59:59.999-05:00" name="Test cases for undefined should return &apos;1-2&apos; for &apos;undefined&apos; @2018-05-16T23:59:59.999-05:00" time="0.001">
    </testcase>
    <testcase classname="&apos;pyp&apos; should be a function for [object Object] should be a function" name="&apos;pyp&apos; should be a function for [object Object] should be a function" time="0">
    </testcase>
    <testcase classname="Test for [object Object] info Should return an array for &apos;vehicleClasses&apos; of [object Object]" name="Test for [object Object] info Should return an array for &apos;vehicleClasses&apos; of [object Object]" time="0.001">
    </testcase>
    <testcase classname="Test for [object Object] info Should return scheme info of [object Object]" name="Test for [object Object] info Should return scheme info of [object Object]" time="0">
    </testcase>
    <testcase classname="Test for [object Object] info Should return decrees info for [object Object]" name="Test for [object Object] info Should return decrees info for [object Object]" time="0.001">
    </testcase>
    <testcase classname="Test for [object Object] info Should return hours info for [object Object]" name="Test for [object Object] info Should return hours info for [object Object]" time="0.001">
    </testcase>
  </testsuite>
  <testsuite name="Test cases for undefined" errors="0" failures="0" skipped="0" timestamp="2019-03-22T20:58:26" time="0.321" tests="9">
    <testcase classname="Test cases for undefined should return &apos;5-6&apos; for &apos;undefined&apos; @2018-04-09T00:00:00.000-05:00" name="Test cases for undefined should return &apos;5-6&apos; for &apos;undefined&apos; @2018-04-09T00:00:00.000-05:00" time="0.001">
    </testcase>
    <testcase classname="Test cases for undefined should return &apos;5-6&apos; for &apos;undefined&apos; @2018-04-09T23:59:59.999-05:00" name="Test cases for undefined should return &apos;5-6&apos; for &apos;undefined&apos; @2018-04-09T23:59:59.999-05:00" time="0">
    </testcase>
    <testcase classname="Test cases for undefined should return &apos;7-8&apos; for &apos;undefined&apos; @2018-05-16T00:00:00.000-05:00" name="Test cases for undefined should return &apos;7-8&apos; for &apos;undefined&apos; @2018-05-16T00:00:00.000-05:00" time="0.001">
    </testcase>
    <testcase classname="Test cases for undefined should return &apos;7-8&apos; for &apos;undefined&apos; @2018-05-16T23:59:59.999-05:00" name="Test cases for undefined should return &apos;7-8&apos; for &apos;undefined&apos; @2018-05-16T23:59:59.999-05:00" time="0">
    </testcase>
    <testcase classname="&apos;pyp&apos; should be a function for [object Object] should be a function" name="&apos;pyp&apos; should be a function for [object Object] should be a function" time="0.001">
    </testcase>
    <testcase classname="Test for [object Object] info Should return an array for &apos;vehicleClasses&apos; of [object Object]" name="Test for [object Object] info Should return an array for &apos;vehicleClasses&apos; of [object Object]" time="0">
    </testcase>
    <testcase classname="Test for [object Object] info Should return scheme info of [object Object]" name="Test for [object Object] info Should return scheme info of [object Object]" time="0.001">
    </testcase>
    <testcase classname="Test for [object Object] info Should return decrees info for [object Object]" name="Test for [object Object] info Should return decrees info for [object Object]" time="0.001">
    </testcase>
    <testcase classname="Test for [object Object] info Should return hours info for [object Object]" name="Test for [object Object] info Should return hours info for [object Object]" time="0.001">
    </testcase>
  </testsuite>
  <testsuite name="Test cases for undefined" errors="0" failures="0" skipped="0" timestamp="2019-03-22T20:58:26" time="0.294" tests="9">
    <testcase classname="Test cases for undefined should return &apos;3-4&apos; for &apos;undefined&apos; @2018-04-09T00:00:00.000-05:00" name="Test cases for undefined should return &apos;3-4&apos; for &apos;undefined&apos; @2018-04-09T00:00:00.000-05:00" time="0.001">
    </testcase>
    <testcase classname="Test cases for undefined should return &apos;3-4&apos; for &apos;undefined&apos; @2018-04-09T23:59:59.999-05:00" name="Test cases for undefined should return &apos;3-4&apos; for &apos;undefined&apos; @2018-04-09T23:59:59.999-05:00" time="0.001">
    </testcase>
    <testcase classname="Test cases for undefined should return &apos;7-8&apos; for &apos;undefined&apos; @2018-05-16T00:00:00.000-05:00" name="Test cases for undefined should return &apos;7-8&apos; for &apos;undefined&apos; @2018-05-16T00:00:00.000-05:00" time="0">
    </testcase>
    <testcase classname="Test cases for undefined should return &apos;7-8&apos; for &apos;undefined&apos; @2018-05-16T23:59:59.999-05:00" name="Test cases for undefined should return &apos;7-8&apos; for &apos;undefined&apos; @2018-05-16T23:59:59.999-05:00" time="0">
    </testcase>
    <testcase classname="&apos;pyp&apos; should be a function for [object Object] should be a function" name="&apos;pyp&apos; should be a function for [object Object] should be a function" time="0">
    </testcase>
    <testcase classname="Test for [object Object] info Should return an array for &apos;vehicleClasses&apos; of [object Object]" name="Test for [object Object] info Should return an array for &apos;vehicleClasses&apos; of [object Object]" time="0">
    </testcase>
    <testcase classname="Test for [object Object] info Should return scheme info of [object Object]" name="Test for [object Object] info Should return scheme info of [object Object]" time="0">
    </testcase>
    <testcase classname="Test for [object Object] info Should return decrees info for [object Object]" name="Test for [object Object] info Should return decrees info for [object Object]" time="0.003">
    </testcase>
    <testcase classname="Test for [object Object] info Should return hours info for [object Object]" name="Test for [object Object] info Should return hours info for [object Object]" time="0.002">
    </testcase>
  </testsuite>
  <testsuite name="Test cases for undefined" errors="0" failures="0" skipped="0" timestamp="2019-03-22T20:58:26" time="0.304" tests="17">
    <testcase classname="Test cases for undefined should return &apos;6-7&apos; for &apos;undefined&apos; @2018-01-01T00:00:00.000-05:00" name="Test cases for undefined should return &apos;6-7&apos; for &apos;undefined&apos; @2018-01-01T00:00:00.000-05:00" time="0.001">
    </testcase>
    <testcase classname="Test cases for undefined should return &apos;6-7&apos; for &apos;undefined&apos; @2018-01-01T23:59:59.999-05:00" name="Test cases for undefined should return &apos;6-7&apos; for &apos;undefined&apos; @2018-01-01T23:59:59.999-05:00" time="0">
    </testcase>
    <testcase classname="Test cases for undefined should return &apos;0-1&apos; for &apos;undefined&apos; @2018-03-19T00:00:00.000-05:00" name="Test cases for undefined should return &apos;0-1&apos; for &apos;undefined&apos; @2018-03-19T00:00:00.000-05:00" time="0.001">
    </testcase>
    <testcase classname="Test cases for undefined should return &apos;0-1&apos; for &apos;undefined&apos; @2018-03-19T23:59:59.999-05:00" name="Test cases for undefined should return &apos;0-1&apos; for &apos;undefined&apos; @2018-03-19T23:59:59.999-05:00" time="0">
    </testcase>
    <testcase classname="Test cases for undefined should return &apos;8-9&apos; for &apos;undefined&apos; @2018-04-07T00:00:00.000-05:00" name="Test cases for undefined should return &apos;8-9&apos; for &apos;undefined&apos; @2018-04-07T00:00:00.000-05:00" time="0.001">
    </testcase>
    <testcase classname="Test cases for undefined should return &apos;8-9&apos; for &apos;undefined&apos; @2018-04-07T23:59:59.999-05:00" name="Test cases for undefined should return &apos;8-9&apos; for &apos;undefined&apos; @2018-04-07T23:59:59.999-05:00" time="0">
    </testcase>
    <testcase classname="Test cases for undefined should return &apos;4-5&apos; for &apos;undefined&apos; @2018-02-04T00:00:00.000-05:00" name="Test cases for undefined should return &apos;4-5&apos; for &apos;undefined&apos; @2018-02-04T00:00:00.000-05:00" time="0.001">
    </testcase>
    <testcase classname="Test cases for undefined should return &apos;4-5&apos; for &apos;undefined&apos; @2018-02-04T23:59:59.999-05:00" name="Test cases for undefined should return &apos;4-5&apos; for &apos;undefined&apos; @2018-02-04T23:59:59.999-05:00" time="0">
    </testcase>
    <testcase classname="Test cases for undefined should return &apos;2-3&apos; for &apos;undefined&apos; @2018-04-09T00:00:00.000-05:00" name="Test cases for undefined should return &apos;2-3&apos; for &apos;undefined&apos; @2018-04-09T00:00:00.000-05:00" time="0">
    </testcase>
    <testcase classname="Test cases for undefined should return &apos;2-3&apos; for &apos;undefined&apos; @2018-04-09T23:59:59.999-05:00" name="Test cases for undefined should return &apos;2-3&apos; for &apos;undefined&apos; @2018-04-09T23:59:59.999-05:00" time="0.001">
    </testcase>
    <testcase classname="Test cases for undefined should return &apos;6-7&apos; for &apos;undefined&apos; @2018-05-16T00:00:00.000-05:00" name="Test cases for undefined should return &apos;6-7&apos; for &apos;undefined&apos; @2018-05-16T00:00:00.000-05:00" time="0">
    </testcase>
    <testcase classname="Test cases for undefined should return &apos;6-7&apos; for &apos;undefined&apos; @2018-05-16T23:59:59.999-05:00" name="Test cases for undefined should return &apos;6-7&apos; for &apos;undefined&apos; @2018-05-16T23:59:59.999-05:00" time="0.001">
    </testcase>
    <testcase classname="&apos;pyp&apos; should be a function for [object Object] should be a function" name="&apos;pyp&apos; should be a function for [object Object] should be a function" time="0.001">
    </testcase>
    <testcase classname="Test for [object Object] info Should return an array for &apos;vehicleClasses&apos; of [object Object]" name="Test for [object Object] info Should return an array for &apos;vehicleClasses&apos; of [object Object]" time="0">
    </testcase>
    <testcase classname="Test for [object Object] info Should return scheme info of [object Object]" name="Test for [object Object] info Should return scheme info of [object Object]" time="0.001">
    </testcase>
    <testcase classname="Test for [object Object] info Should return decrees info for [object Object]" name="Test for [object Object] info Should return decrees info for [object Object]" time="0">
    </testcase>
    <testcase classname="Test for [object Object] info Should return hours info for [object Object]" name="Test for [object Object] info Should return hours info for [object Object]" time="0.001">
    </testcase>
  </testsuite>
  <testsuite name="Test cases for undefined" errors="0" failures="0" skipped="0" timestamp="2019-03-22T20:58:26" time="0.3" tests="9">
    <testcase classname="Test cases for undefined should return &apos;1-2&apos; for &apos;undefined&apos; @2018-04-09T00:00:00.000-05:00" name="Test cases for undefined should return &apos;1-2&apos; for &apos;undefined&apos; @2018-04-09T00:00:00.000-05:00" time="0.001">
    </testcase>
    <testcase classname="Test cases for undefined should return &apos;1-2&apos; for &apos;undefined&apos; @2018-04-09T23:59:59.999-05:00" name="Test cases for undefined should return &apos;1-2&apos; for &apos;undefined&apos; @2018-04-09T23:59:59.999-05:00" time="0">
    </testcase>
    <testcase classname="Test cases for undefined should return &apos;5-6&apos; for &apos;undefined&apos; @2018-05-16T00:00:00.000-05:00" name="Test cases for undefined should return &apos;5-6&apos; for &apos;undefined&apos; @2018-05-16T00:00:00.000-05:00" time="0.001">
    </testcase>
    <testcase classname="Test cases for undefined should return &apos;5-6&apos; for &apos;undefined&apos; @2018-05-16T23:59:59.999-05:00" name="Test cases for undefined should return &apos;5-6&apos; for &apos;undefined&apos; @2018-05-16T23:59:59.999-05:00" time="0">
    </testcase>
    <testcase classname="&apos;pyp&apos; should be a function for [object Object] should be a function" name="&apos;pyp&apos; should be a function for [object Object] should be a function" time="0.001">
    </testcase>
    <testcase classname="Test for [object Object] info Should return an array for &apos;vehicleClasses&apos; of [object Object]" name="Test for [object Object] info Should return an array for &apos;vehicleClasses&apos; of [object Object]" time="0">
    </testcase>
    <testcase classname="Test for [object Object] info Should return scheme info of [object Object]" name="Test for [object Object] info Should return scheme info of [object Object]" time="0.001">
    </testcase>
    <testcase classname="Test for [object Object] info Should return decrees info for [object Object]" name="Test for [object Object] info Should return decrees info for [object Object]" time="0.001">
    </testcase>
    <testcase classname="Test for [object Object] info Should return hours info for [object Object]" name="Test for [object Object] info Should return hours info for [object Object]" time="0.003">
    </testcase>
  </testsuite>
  <testsuite name="Test cases for undefined" errors="0" failures="0" skipped="0" timestamp="2019-03-22T20:58:26" time="0.319" tests="15">
    <testcase classname="Test cases for undefined should return &apos;3-4&apos; for &apos;undefined&apos; @2018-04-09T00:00:00.000-05:00" name="Test cases for undefined should return &apos;3-4&apos; for &apos;undefined&apos; @2018-04-09T00:00:00.000-05:00" time="0.001">
    </testcase>
    <testcase classname="Test cases for undefined should return &apos;3-4&apos; for &apos;undefined&apos; @2018-04-09T23:59:59.999-05:00" name="Test cases for undefined should return &apos;3-4&apos; for &apos;undefined&apos; @2018-04-09T23:59:59.999-05:00" time="0.001">
    </testcase>
    <testcase classname="Test cases for undefined should return &apos;7-8&apos; for &apos;undefined&apos; @2018-05-16T00:00:00.000-05:00" name="Test cases for undefined should return &apos;7-8&apos; for &apos;undefined&apos; @2018-05-16T00:00:00.000-05:00" time="0">
    </testcase>
    <testcase classname="Test cases for undefined should return &apos;7-8&apos; for &apos;undefined&apos; @2018-05-16T23:59:59.999-05:00" name="Test cases for undefined should return &apos;7-8&apos; for &apos;undefined&apos; @2018-05-16T23:59:59.999-05:00" time="0.001">
    </testcase>
    <testcase classname="Test cases for undefined should return &apos;1-2&apos; for &apos;undefined&apos; @2018-07-09T00:00:00.000-05:00" name="Test cases for undefined should return &apos;1-2&apos; for &apos;undefined&apos; @2018-07-09T00:00:00.000-05:00" time="0.001">
    </testcase>
    <testcase classname="Test cases for undefined should return &apos;1-2&apos; for &apos;undefined&apos; @2018-07-09T23:59:59.999-05:00" name="Test cases for undefined should return &apos;1-2&apos; for &apos;undefined&apos; @2018-07-09T23:59:59.999-05:00" time="0.001">
    </testcase>
    <testcase classname="Test cases for undefined should return &apos;5-6&apos; for &apos;undefined&apos; @2018-08-15T00:00:00.000-05:00" name="Test cases for undefined should return &apos;5-6&apos; for &apos;undefined&apos; @2018-08-15T00:00:00.000-05:00" time="0">
    </testcase>
    <testcase classname="Test cases for undefined should return &apos;5-6&apos; for &apos;undefined&apos; @2018-08-15T23:59:59.999-05:00" name="Test cases for undefined should return &apos;5-6&apos; for &apos;undefined&apos; @2018-08-15T23:59:59.999-05:00" time="0">
    </testcase>
    <testcase classname="Test cases for undefined should return &apos;9-0&apos; for &apos;undefined&apos; @2018-10-12T00:00:00.000-05:00" name="Test cases for undefined should return &apos;9-0&apos; for &apos;undefined&apos; @2018-10-12T00:00:00.000-05:00" time="0.001">
    </testcase>
    <testcase classname="Test cases for undefined should return &apos;9-0&apos; for &apos;undefined&apos; @2018-10-12T23:59:59.999-05:00" name="Test cases for undefined should return &apos;9-0&apos; for &apos;undefined&apos; @2018-10-12T23:59:59.999-05:00" time="0">
    </testcase>
    <testcase classname="&apos;pyp&apos; should be a function for [object Object] should be a function" name="&apos;pyp&apos; should be a function for [object Object] should be a function" time="0.001">
    </testcase>
    <testcase classname="Test for [object Object] info Should return an array for &apos;vehicleClasses&apos; of [object Object]" name="Test for [object Object] info Should return an array for &apos;vehicleClasses&apos; of [object Object]" time="0">
    </testcase>
    <testcase classname="Test for [object Object] info Should return scheme info of [object Object]" name="Test for [object Object] info Should return scheme info of [object Object]" time="0.001">
    </testcase>
    <testcase classname="Test for [object Object] info Should return decrees info for [object Object]" name="Test for [object Object] info Should return decrees info for [object Object]" time="0.001">
    </testcase>
    <testcase classname="Test for [object Object] info Should return hours info for [object Object]" name="Test for [object Object] info Should return hours info for [object Object]" time="0.002">
    </testcase>
  </testsuite>
  <testsuite name="Test cases for undefined" errors="0" failures="0" skipped="0" timestamp="2019-03-22T20:58:26" time="0.315" tests="9">
    <testcase classname="Test cases for undefined should return &apos;1-2&apos; for &apos;undefined&apos; @2018-04-09T00:00:00.000-05:00" name="Test cases for undefined should return &apos;1-2&apos; for &apos;undefined&apos; @2018-04-09T00:00:00.000-05:00" time="0.002">
    </testcase>
    <testcase classname="Test cases for undefined should return &apos;1-2&apos; for &apos;undefined&apos; @2018-04-09T23:59:59.999-05:00" name="Test cases for undefined should return &apos;1-2&apos; for &apos;undefined&apos; @2018-04-09T23:59:59.999-05:00" time="0.001">
    </testcase>
    <testcase classname="Test cases for undefined should return &apos;5-6&apos; for &apos;undefined&apos; @2018-05-16T00:00:00.000-05:00" name="Test cases for undefined should return &apos;5-6&apos; for &apos;undefined&apos; @2018-05-16T00:00:00.000-05:00" time="0">
    </testcase>
    <testcase classname="Test cases for undefined should return &apos;5-6&apos; for &apos;undefined&apos; @2018-05-16T23:59:59.999-05:00" name="Test cases for undefined should return &apos;5-6&apos; for &apos;undefined&apos; @2018-05-16T23:59:59.999-05:00" time="0.001">
    </testcase>
    <testcase classname="&apos;pyp&apos; should be a function for [object Object] should be a function" name="&apos;pyp&apos; should be a function for [object Object] should be a function" time="0">
    </testcase>
    <testcase classname="Test for [object Object] info Should return an array for &apos;vehicleClasses&apos; of [object Object]" name="Test for [object Object] info Should return an array for &apos;vehicleClasses&apos; of [object Object]" time="0.001">
    </testcase>
    <testcase classname="Test for [object Object] info Should return scheme info of [object Object]" name="Test for [object Object] info Should return scheme info of [object Object]" time="0">
    </testcase>
    <testcase classname="Test for [object Object] info Should return decrees info for [object Object]" name="Test for [object Object] info Should return decrees info for [object Object]" time="0.001">
    </testcase>
    <testcase classname="Test for [object Object] info Should return hours info for [object Object]" name="Test for [object Object] info Should return hours info for [object Object]" time="0.002">
    </testcase>
  </testsuite>
  <testsuite name="Test cases for undefined" errors="0" failures="0" skipped="0" timestamp="2019-03-22T20:58:26" time="0.343" tests="25">
    <testcase classname="Test cases for undefined should return &apos;7-8&apos; for &apos;undefined&apos; @2018-01-01T00:00:00.000-05:00" name="Test cases for undefined should return &apos;7-8&apos; for &apos;undefined&apos; @2018-01-01T00:00:00.000-05:00" time="0.002">
    </testcase>
    <testcase classname="Test cases for undefined should return &apos;7-8&apos; for &apos;undefined&apos; @2018-01-01T23:59:59.999-05:00" name="Test cases for undefined should return &apos;7-8&apos; for &apos;undefined&apos; @2018-01-01T23:59:59.999-05:00" time="0.001">
    </testcase>
    <testcase classname="Test cases for undefined should return &apos;1-2&apos; for &apos;undefined&apos; @2018-03-19T00:00:00.000-05:00" name="Test cases for undefined should return &apos;1-2&apos; for &apos;undefined&apos; @2018-03-19T00:00:00.000-05:00" time="0.001">
    </testcase>
    <testcase classname="Test cases for undefined should return &apos;1-2&apos; for &apos;undefined&apos; @2018-03-19T23:59:59.999-05:00" name="Test cases for undefined should return &apos;1-2&apos; for &apos;undefined&apos; @2018-03-19T23:59:59.999-05:00" time="0">
    </testcase>
    <testcase classname="Test cases for undefined should return &apos;9-0&apos; for &apos;undefined&apos; @2018-04-07T00:00:00.000-05:00" name="Test cases for undefined should return &apos;9-0&apos; for &apos;undefined&apos; @2018-04-07T00:00:00.000-05:00" time="0.001">
    </testcase>
    <testcase classname="Test cases for undefined should return &apos;9-0&apos; for &apos;undefined&apos; @2018-04-07T23:59:59.999-05:00" name="Test cases for undefined should return &apos;9-0&apos; for &apos;undefined&apos; @2018-04-07T23:59:59.999-05:00" time="0">
    </testcase>
    <testcase classname="Test cases for undefined should return &apos;5-6&apos; for &apos;undefined&apos; @2018-02-04T00:00:00.000-05:00" name="Test cases for undefined should return &apos;5-6&apos; for &apos;undefined&apos; @2018-02-04T00:00:00.000-05:00" time="0">
    </testcase>
    <testcase classname="Test cases for undefined should return &apos;5-6&apos; for &apos;undefined&apos; @2018-02-04T23:59:59.999-05:00" name="Test cases for undefined should return &apos;5-6&apos; for &apos;undefined&apos; @2018-02-04T23:59:59.999-05:00" time="0.001">
    </testcase>
    <testcase classname="Test cases for undefined should return &apos;3-4&apos; for &apos;undefined&apos; @2018-04-09T00:00:00.000-05:00" name="Test cases for undefined should return &apos;3-4&apos; for &apos;undefined&apos; @2018-04-09T00:00:00.000-05:00" time="0">
    </testcase>
    <testcase classname="Test cases for undefined should return &apos;3-4&apos; for &apos;undefined&apos; @2018-04-09T23:59:59.999-05:00" name="Test cases for undefined should return &apos;3-4&apos; for &apos;undefined&apos; @2018-04-09T23:59:59.999-05:00" time="0">
    </testcase>
    <testcase classname="Test cases for undefined should return &apos;7-8&apos; for &apos;undefined&apos; @2018-05-16T00:00:00.000-05:00" name="Test cases for undefined should return &apos;7-8&apos; for &apos;undefined&apos; @2018-05-16T00:00:00.000-05:00" time="0.009">
    </testcase>
    <testcase classname="Test cases for undefined should return &apos;7-8&apos; for &apos;undefined&apos; @2018-05-16T23:59:59.999-05:00" name="Test cases for undefined should return &apos;7-8&apos; for &apos;undefined&apos; @2018-05-16T23:59:59.999-05:00" time="0">
    </testcase>
    <testcase classname="Test cases for undefined should return &apos;5-6&apos; for &apos;undefined&apos; @2018-07-09T00:00:00.000-05:00" name="Test cases for undefined should return &apos;5-6&apos; for &apos;undefined&apos; @2018-07-09T00:00:00.000-05:00" time="0.001">
    </testcase>
    <testcase classname="Test cases for undefined should return &apos;5-6&apos; for &apos;undefined&apos; @2018-07-09T23:59:59.999-05:00" name="Test cases for undefined should return &apos;5-6&apos; for &apos;undefined&apos; @2018-07-09T23:59:59.999-05:00" time="0.001">
    </testcase>
    <testcase classname="Test cases for undefined should return &apos;9-0&apos; for &apos;undefined&apos; @2018-08-15T00:00:00.000-05:00" name="Test cases for undefined should return &apos;9-0&apos; for &apos;undefined&apos; @2018-08-15T00:00:00.000-05:00" time="0">
    </testcase>
    <testcase classname="Test cases for undefined should return &apos;9-0&apos; for &apos;undefined&apos; @2018-08-15T23:59:59.999-05:00" name="Test cases for undefined should return &apos;9-0&apos; for &apos;undefined&apos; @2018-08-15T23:59:59.999-05:00" time="0">
    </testcase>
    <testcase classname="Test cases for undefined should return &apos;5-6&apos; for &apos;undefined&apos; @2018-10-12T00:00:00.000-05:00" name="Test cases for undefined should return &apos;5-6&apos; for &apos;undefined&apos; @2018-10-12T00:00:00.000-05:00" time="0.001">
    </testcase>
    <testcase classname="Test cases for undefined should return &apos;5-6&apos; for &apos;undefined&apos; @2018-10-12T23:59:59.999-05:00" name="Test cases for undefined should return &apos;5-6&apos; for &apos;undefined&apos; @2018-10-12T23:59:59.999-05:00" time="0">
    </testcase>
    <testcase classname="Test cases for undefined should return &apos;5-6&apos; for &apos;undefined&apos; @2018-12-01T00:00:00.000-05:00" name="Test cases for undefined should return &apos;5-6&apos; for &apos;undefined&apos; @2018-12-01T00:00:00.000-05:00" time="0">
    </testcase>
    <testcase classname="Test cases for undefined should return &apos;5-6&apos; for &apos;undefined&apos; @2018-12-01T23:59:59.999-05:00" name="Test cases for undefined should return &apos;5-6&apos; for &apos;undefined&apos; @2018-12-01T23:59:59.999-05:00" time="0">
    </testcase>
    <testcase classname="&apos;pyp&apos; should be a function for [object Object] should be a function" name="&apos;pyp&apos; should be a function for [object Object] should be a function" time="0">
    </testcase>
    <testcase classname="Test for [object Object] info Should return an array for &apos;vehicleClasses&apos; of [object Object]" name="Test for [object Object] info Should return an array for &apos;vehicleClasses&apos; of [object Object]" time="0">
    </testcase>
    <testcase classname="Test for [object Object] info Should return scheme info of [object Object]" name="Test for [object Object] info Should return scheme info of [object Object]" time="0.001">
    </testcase>
    <testcase classname="Test for [object Object] info Should return decrees info for [object Object]" name="Test for [object Object] info Should return decrees info for [object Object]" time="0.002">
    </testcase>
    <testcase classname="Test for [object Object] info Should return hours info for [object Object]" name="Test for [object Object] info Should return hours info for [object Object]" time="0.001">
    </testcase>
  </testsuite>
  <testsuite name="Test cases for undefined" errors="0" failures="0" skipped="0" timestamp="2019-03-22T20:58:26" time="0.3" tests="11">
    <testcase classname="Test cases for undefined should return &apos;1-2&apos; for &apos;undefined&apos; @2018-04-09T00:00:00.000-05:00" name="Test cases for undefined should return &apos;1-2&apos; for &apos;undefined&apos; @2018-04-09T00:00:00.000-05:00" time="0.001">
    </testcase>
    <testcase classname="Test cases for undefined should return &apos;1-2&apos; for &apos;undefined&apos; @2018-04-09T23:59:59.999-05:00" name="Test cases for undefined should return &apos;1-2&apos; for &apos;undefined&apos; @2018-04-09T23:59:59.999-05:00" time="0.001">
    </testcase>
    <testcase classname="Test cases for undefined should return &apos;5-6&apos; for &apos;undefined&apos; @2018-05-16T00:00:00.000-05:00" name="Test cases for undefined should return &apos;5-6&apos; for &apos;undefined&apos; @2018-05-16T00:00:00.000-05:00" time="0">
    </testcase>
    <testcase classname="Test cases for undefined should return &apos;5-6&apos; for &apos;undefined&apos; @2018-05-16T23:59:59.999-05:00" name="Test cases for undefined should return &apos;5-6&apos; for &apos;undefined&apos; @2018-05-16T23:59:59.999-05:00" time="0">
    </testcase>
    <testcase classname="Test cases for undefined should return &apos;0-1-2-3-4-5-6-7-8-9&apos; for &apos;undefined&apos; @2019-01-30T00:00:00.000-05:00" name="Test cases for undefined should return &apos;0-1-2-3-4-5-6-7-8-9&apos; for &apos;undefined&apos; @2019-01-30T00:00:00.000-05:00" time="0">
    </testcase>
    <testcase classname="Test cases for undefined should return &apos;0-1-2-3-4-5-6-7-8-9&apos; for &apos;undefined&apos; @2019-01-30T23:59:59.999-05:00" name="Test cases for undefined should return &apos;0-1-2-3-4-5-6-7-8-9&apos; for &apos;undefined&apos; @2019-01-30T23:59:59.999-05:00" time="0.001">
    </testcase>
    <testcase classname="&apos;pyp&apos; should be a function for [object Object] should be a function" name="&apos;pyp&apos; should be a function for [object Object] should be a function" time="0">
    </testcase>
    <testcase classname="Test for [object Object] info Should return an array for &apos;vehicleClasses&apos; of [object Object]" name="Test for [object Object] info Should return an array for &apos;vehicleClasses&apos; of [object Object]" time="0.001">
    </testcase>
    <testcase classname="Test for [object Object] info Should return scheme info of [object Object]" name="Test for [object Object] info Should return scheme info of [object Object]" time="0">
    </testcase>
    <testcase classname="Test for [object Object] info Should return decrees info for [object Object]" name="Test for [object Object] info Should return decrees info for [object Object]" time="0.001">
    </testcase>
    <testcase classname="Test for [object Object] info Should return hours info for [object Object]" name="Test for [object Object] info Should return hours info for [object Object]" time="0.002">
    </testcase>
  </testsuite>
  <testsuite name="Test cases for undefined" errors="0" failures="0" skipped="0" timestamp="2019-03-22T20:58:26" time="0.326" tests="11">
    <testcase classname="Test cases for undefined should return &apos;3-4&apos; for &apos;undefined&apos; @2018-04-07T00:00:00.000-05:00" name="Test cases for undefined should return &apos;3-4&apos; for &apos;undefined&apos; @2018-04-07T00:00:00.000-05:00" time="0.002">
    </testcase>
    <testcase classname="Test cases for undefined should return &apos;3-4&apos; for &apos;undefined&apos; @2018-04-07T23:59:59.999-05:00" name="Test cases for undefined should return &apos;3-4&apos; for &apos;undefined&apos; @2018-04-07T23:59:59.999-05:00" time="0.001">
    </testcase>
    <testcase classname="Test cases for undefined should return &apos;5-6&apos; for &apos;undefined&apos; @2018-04-09T00:00:00.000-05:00" name="Test cases for undefined should return &apos;5-6&apos; for &apos;undefined&apos; @2018-04-09T00:00:00.000-05:00" time="0">
    </testcase>
    <testcase classname="Test cases for undefined should return &apos;5-6&apos; for &apos;undefined&apos; @2018-04-09T23:59:59.999-05:00" name="Test cases for undefined should return &apos;5-6&apos; for &apos;undefined&apos; @2018-04-09T23:59:59.999-05:00" time="0.001">
    </testcase>
    <testcase classname="Test cases for undefined should return &apos;9-0&apos; for &apos;undefined&apos; @2018-05-16T00:00:00.000-05:00" name="Test cases for undefined should return &apos;9-0&apos; for &apos;undefined&apos; @2018-05-16T00:00:00.000-05:00" time="0">
    </testcase>
    <testcase classname="Test cases for undefined should return &apos;9-0&apos; for &apos;undefined&apos; @2018-05-16T23:59:59.999-05:00" name="Test cases for undefined should return &apos;9-0&apos; for &apos;undefined&apos; @2018-05-16T23:59:59.999-05:00" time="0.001">
    </testcase>
    <testcase classname="&apos;pyp&apos; should be a function for [object Object] should be a function" name="&apos;pyp&apos; should be a function for [object Object] should be a function" time="0">
    </testcase>
    <testcase classname="Test for [object Object] info Should return an array for &apos;vehicleClasses&apos; of [object Object]" name="Test for [object Object] info Should return an array for &apos;vehicleClasses&apos; of [object Object]" time="0.001">
    </testcase>
    <testcase classname="Test for [object Object] info Should return scheme info of [object Object]" name="Test for [object Object] info Should return scheme info of [object Object]" time="0">
    </testcase>
    <testcase classname="Test for [object Object] info Should return decrees info for [object Object]" name="Test for [object Object] info Should return decrees info for [object Object]" time="0.003">
    </testcase>
    <testcase classname="Test for [object Object] info Should return hours info for [object Object]" name="Test for [object Object] info Should return hours info for [object Object]" time="0.001">
    </testcase>
  </testsuite>
  <testsuite name="Test cases for undefined" errors="0" failures="0" skipped="0" timestamp="2019-03-22T20:58:26" time="0.319" tests="9">
    <testcase classname="Test cases for undefined should return &apos;1-3-5-7-9&apos; for &apos;undefined&apos; @2018-04-09T00:00:00.000-05:00" name="Test cases for undefined should return &apos;1-3-5-7-9&apos; for &apos;undefined&apos; @2018-04-09T00:00:00.000-05:00" time="0.002">
    </testcase>
    <testcase classname="Test cases for undefined should return &apos;1-3-5-7-9&apos; for &apos;undefined&apos; @2018-04-09T23:59:59.999-05:00" name="Test cases for undefined should return &apos;1-3-5-7-9&apos; for &apos;undefined&apos; @2018-04-09T23:59:59.999-05:00" time="0.001">
    </testcase>
    <testcase classname="Test cases for undefined should return &apos;0-2-4-5-8&apos; for &apos;undefined&apos; @2018-05-16T00:00:00.000-05:00" name="Test cases for undefined should return &apos;0-2-4-5-8&apos; for &apos;undefined&apos; @2018-05-16T00:00:00.000-05:00" time="0">
    </testcase>
    <testcase classname="Test cases for undefined should return &apos;0-2-4-5-8&apos; for &apos;undefined&apos; @2018-05-16T23:59:59.999-05:00" name="Test cases for undefined should return &apos;0-2-4-5-8&apos; for &apos;undefined&apos; @2018-05-16T23:59:59.999-05:00" time="0">
    </testcase>
    <testcase classname="&apos;pyp&apos; should be a function for [object Object] should be a function" name="&apos;pyp&apos; should be a function for [object Object] should be a function" time="0">
    </testcase>
    <testcase classname="Test for [object Object] info Should return an array for &apos;vehicleClasses&apos; of [object Object]" name="Test for [object Object] info Should return an array for &apos;vehicleClasses&apos; of [object Object]" time="0">
    </testcase>
    <testcase classname="Test for [object Object] info Should return scheme info of [object Object]" name="Test for [object Object] info Should return scheme info of [object Object]" time="0">
    </testcase>
    <testcase classname="Test for [object Object] info Should return decrees info for [object Object]" name="Test for [object Object] info Should return decrees info for [object Object]" time="0.001">
    </testcase>
    <testcase classname="Test for [object Object] info Should return hours info for [object Object]" name="Test for [object Object] info Should return hours info for [object Object]" time="0.002">
    </testcase>
  </testsuite>
  <testsuite name="Test cases for undefined" errors="0" failures="0" skipped="0" timestamp="2019-03-22T20:58:26" time="0.349" tests="17">
    <testcase classname="Test cases for undefined should return &apos;3-4&apos; for &apos;undefined&apos; @2018-04-09T00:00:00.000-05:00" name="Test cases for undefined should return &apos;3-4&apos; for &apos;undefined&apos; @2018-04-09T00:00:00.000-05:00" time="0.002">
    </testcase>
    <testcase classname="Test cases for undefined should return &apos;3-4&apos; for &apos;undefined&apos; @2018-04-09T23:59:59.999-05:00" name="Test cases for undefined should return &apos;3-4&apos; for &apos;undefined&apos; @2018-04-09T23:59:59.999-05:00" time="0">
    </testcase>
    <testcase classname="Test cases for undefined should return &apos;7-8&apos; for &apos;undefined&apos; @2018-05-16T00:00:00.000-05:00" name="Test cases for undefined should return &apos;7-8&apos; for &apos;undefined&apos; @2018-05-16T00:00:00.000-05:00" time="0.001">
    </testcase>
    <testcase classname="Test cases for undefined should return &apos;7-8&apos; for &apos;undefined&apos; @2018-05-16T23:59:59.999-05:00" name="Test cases for undefined should return &apos;7-8&apos; for &apos;undefined&apos; @2018-05-16T23:59:59.999-05:00" time="0">
    </testcase>
    <testcase classname="Test cases for undefined should return &apos;3-4&apos; for &apos;undefined&apos; @2018-03-12T00:00:00.000-05:00" name="Test cases for undefined should return &apos;3-4&apos; for &apos;undefined&apos; @2018-03-12T00:00:00.000-05:00" time="0.001">
    </testcase>
    <testcase classname="Test cases for undefined should return &apos;3-4&apos; for &apos;undefined&apos; @2018-03-12T23:59:59.999-05:00" name="Test cases for undefined should return &apos;3-4&apos; for &apos;undefined&apos; @2018-03-12T23:59:59.999-05:00" time="0">
    </testcase>
    <testcase classname="Test cases for undefined should return &apos;1-2&apos; for &apos;undefined&apos; @2018-07-09T00:00:00.000-05:00" name="Test cases for undefined should return &apos;1-2&apos; for &apos;undefined&apos; @2018-07-09T00:00:00.000-05:00" time="0.001">
    </testcase>
    <testcase classname="Test cases for undefined should return &apos;1-2&apos; for &apos;undefined&apos; @2018-07-09T23:59:59.999-05:00" name="Test cases for undefined should return &apos;1-2&apos; for &apos;undefined&apos; @2018-07-09T23:59:59.999-05:00" time="0">
    </testcase>
    <testcase classname="Test cases for undefined should return &apos;3-4&apos; for &apos;undefined&apos; @2018-11-13T00:00:00.000-05:00" name="Test cases for undefined should return &apos;3-4&apos; for &apos;undefined&apos; @2018-11-13T00:00:00.000-05:00" time="0">
    </testcase>
    <testcase classname="Test cases for undefined should return &apos;3-4&apos; for &apos;undefined&apos; @2018-11-13T23:59:59.999-05:00" name="Test cases for undefined should return &apos;3-4&apos; for &apos;undefined&apos; @2018-11-13T23:59:59.999-05:00" time="0.001">
    </testcase>
    <testcase classname="Test cases for undefined should return &apos;9-0&apos; for &apos;undefined&apos; @2019-01-14T00:00:00.000-05:00" name="Test cases for undefined should return &apos;9-0&apos; for &apos;undefined&apos; @2019-01-14T00:00:00.000-05:00" time="0">
    </testcase>
    <testcase classname="Test cases for undefined should return &apos;9-0&apos; for &apos;undefined&apos; @2019-01-14T23:59:59.999-05:00" name="Test cases for undefined should return &apos;9-0&apos; for &apos;undefined&apos; @2019-01-14T23:59:59.999-05:00" time="0">
    </testcase>
    <testcase classname="&apos;pyp&apos; should be a function for [object Object] should be a function" name="&apos;pyp&apos; should be a function for [object Object] should be a function" time="0">
    </testcase>
    <testcase classname="Test for [object Object] info Should return an array for &apos;vehicleClasses&apos; of [object Object]" name="Test for [object Object] info Should return an array for &apos;vehicleClasses&apos; of [object Object]" time="0">
    </testcase>
    <testcase classname="Test for [object Object] info Should return scheme info of [object Object]" name="Test for [object Object] info Should return scheme info of [object Object]" time="0">
    </testcase>
    <testcase classname="Test for [object Object] info Should return decrees info for [object Object]" name="Test for [object Object] info Should return decrees info for [object Object]" time="0.001">
    </testcase>
    <testcase classname="Test for [object Object] info Should return hours info for [object Object]" name="Test for [object Object] info Should return hours info for [object Object]" time="0.002">
    </testcase>
  </testsuite>
  <testsuite name="Test cases for undefined" errors="0" failures="0" skipped="0" timestamp="2019-03-22T20:58:26" time="0.333" tests="15">
    <testcase classname="Test cases for undefined should return &apos;8-9&apos; for &apos;undefined&apos; @2018-03-12T00:00:00.000-05:00" name="Test cases for undefined should return &apos;8-9&apos; for &apos;undefined&apos; @2018-03-12T00:00:00.000-05:00" time="0.002">
    </testcase>
    <testcase classname="Test cases for undefined should return &apos;8-9&apos; for &apos;undefined&apos; @2018-03-12T23:59:59.999-05:00" name="Test cases for undefined should return &apos;8-9&apos; for &apos;undefined&apos; @2018-03-12T23:59:59.999-05:00" time="0">
    </testcase>
    <testcase classname="Test cases for undefined should return &apos;0-1&apos; for &apos;undefined&apos; @2018-04-06T00:00:00.000-05:00" name="Test cases for undefined should return &apos;0-1&apos; for &apos;undefined&apos; @2018-04-06T00:00:00.000-05:00" time="0.001">
    </testcase>
    <testcase classname="Test cases for undefined should return &apos;0-1&apos; for &apos;undefined&apos; @2018-04-06T23:59:59.999-05:00" name="Test cases for undefined should return &apos;0-1&apos; for &apos;undefined&apos; @2018-04-06T23:59:59.999-05:00" time="0">
    </testcase>
    <testcase classname="Test cases for undefined should return &apos;4-5&apos; for &apos;undefined&apos; @2018-08-13T00:00:00.000-05:00" name="Test cases for undefined should return &apos;4-5&apos; for &apos;undefined&apos; @2018-08-13T00:00:00.000-05:00" time="0.001">
    </testcase>
    <testcase classname="Test cases for undefined should return &apos;4-5&apos; for &apos;undefined&apos; @2018-08-13T23:59:59.999-05:00" name="Test cases for undefined should return &apos;4-5&apos; for &apos;undefined&apos; @2018-08-13T23:59:59.999-05:00" time="0">
    </testcase>
    <testcase classname="Test cases for undefined should return &apos;0-1&apos; for &apos;undefined&apos; @2018-04-09T00:00:00.000-05:00" name="Test cases for undefined should return &apos;0-1&apos; for &apos;undefined&apos; @2018-04-09T00:00:00.000-05:00" time="0">
    </testcase>
    <testcase classname="Test cases for undefined should return &apos;0-1&apos; for &apos;undefined&apos; @2018-04-09T23:59:59.999-05:00" name="Test cases for undefined should return &apos;0-1&apos; for &apos;undefined&apos; @2018-04-09T23:59:59.999-05:00" time="0.001">
    </testcase>
    <testcase classname="Test cases for undefined should return &apos;4-5&apos; for &apos;undefined&apos; @2018-05-16T00:00:00.000-05:00" name="Test cases for undefined should return &apos;4-5&apos; for &apos;undefined&apos; @2018-05-16T00:00:00.000-05:00" time="0">
    </testcase>
    <testcase classname="Test cases for undefined should return &apos;4-5&apos; for &apos;undefined&apos; @2018-05-16T23:59:59.999-05:00" name="Test cases for undefined should return &apos;4-5&apos; for &apos;undefined&apos; @2018-05-16T23:59:59.999-05:00" time="0.001">
    </testcase>
    <testcase classname="&apos;pyp&apos; should be a function for [object Object] should be a function" name="&apos;pyp&apos; should be a function for [object Object] should be a function" time="0">
    </testcase>
    <testcase classname="Test for [object Object] info Should return an array for &apos;vehicleClasses&apos; of [object Object]" name="Test for [object Object] info Should return an array for &apos;vehicleClasses&apos; of [object Object]" time="0.001">
    </testcase>
    <testcase classname="Test for [object Object] info Should return scheme info of [object Object]" name="Test for [object Object] info Should return scheme info of [object Object]" time="0">
    </testcase>
    <testcase classname="Test for [object Object] info Should return decrees info for [object Object]" name="Test for [object Object] info Should return decrees info for [object Object]" time="0.001">
    </testcase>
    <testcase classname="Test for [object Object] info Should return hours info for [object Object]" name="Test for [object Object] info Should return hours info for [object Object]" time="0.002">
    </testcase>
  </testsuite>
  <testsuite name="Generate pyp object maps of global info with the slug and the key" errors="0" failures="0" skipped="0" timestamp="2019-03-22T20:58:23" time="3.317" tests="18">
    <testcase classname="Generate pyp object maps of global info with the slug and the key should return a categories map for a given city" name="Generate pyp object maps of global info with the slug and the key should return a categories map for a given city" time="0.015">
    </testcase>
    <testcase classname="Generate pyp object maps of global info with the slug and the key should return map with all cities containing name, key, categories" name="Generate pyp object maps of global info with the slug and the key should return map with all cities containing name, key, categories" time="0.022">
    </testcase>
    <testcase classname="test for holidays should return NA for 2019-01-01" name="test for holidays should return NA for 2019-01-01" time="0.003">
    </testcase>
    <testcase classname="test for holidays should return true for 2019-01-02" name="test for holidays should return true for 2019-01-02" time="0.002">
    </testcase>
    <testcase classname="test for holidays should return true for 2018-03-18" name="test for holidays should return true for 2018-03-18" time="0.001">
    </testcase>
    <testcase classname="test for holidays should return NA for 2018-03-19" name="test for holidays should return NA for 2018-03-19" time="0">
    </testcase>
    <testcase classname="test for holidays should return NA for 2018-07-20" name="test for holidays should return NA for 2018-07-20" time="0.001">
    </testcase>
    <testcase classname="test for holidays should return NA for 2018-08-07" name="test for holidays should return NA for 2018-08-07" time="0">
    </testcase>
    <testcase classname="test for holidays should return NA for 2018-12-25" name="test for holidays should return NA for 2018-12-25" time="0">
    </testcase>
    <testcase classname="test for holidays should return NA for 2018-12-25" name="test for holidays should return NA for 2018-12-25" time="0.001">
    </testcase>
    <testcase classname="test for excluded days should return &apos;NA&apos; for 2018-07-30" name="test for excluded days should return &apos;NA&apos; for 2018-07-30" time="0">
    </testcase>
    <testcase classname="test for excluded days should return &apos;NA&apos; for 2018-07-31" name="test for excluded days should return &apos;NA&apos; for 2018-07-31" time="0">
    </testcase>
    <testcase classname="test for excluded days should return &apos;NA&apos; for 2018-08-01" name="test for excluded days should return &apos;NA&apos; for 2018-08-01" time="0.001">
    </testcase>
    <testcase classname="test for excluded days should return &apos;NA&apos; for 2018-08-02" name="test for excluded days should return &apos;NA&apos; for 2018-08-02" time="0">
    </testcase>
    <testcase classname="test for excluded days should return &apos;NA&apos; for 2018-08-03" name="test for excluded days should return &apos;NA&apos; for 2018-08-03" time="0.001">
    </testcase>
    <testcase classname="test for excluded days should return &apos;NA&apos; for 2018-08-04" name="test for excluded days should return &apos;NA&apos; for 2018-08-04" time="0">
    </testcase>
    <testcase classname="test for excluded days should return &apos;NA&apos; for 2018-08-05" name="test for excluded days should return &apos;NA&apos; for 2018-08-05" time="0.001">
    </testcase>
    <testcase classname="test for &apos;out of range&apos; error shoul return an error for a date out of range" name="test for &apos;out of range&apos; error shoul return an error for a date out of range" time="0.014">
    </testcase>
  </testsuite>
  <testsuite name="Test cases for undefined" errors="0" failures="0" skipped="0" timestamp="2019-03-22T20:58:27" time="0.295" tests="9">
    <testcase classname="Test cases for undefined should return &apos;3-4&apos; for &apos;undefined&apos; @2019-03-04T00:00:00.000-05:00" name="Test cases for undefined should return &apos;3-4&apos; for &apos;undefined&apos; @2019-03-04T00:00:00.000-05:00" time="0.001">
    </testcase>
    <testcase classname="Test cases for undefined should return &apos;3-4&apos; for &apos;undefined&apos; @2019-03-04T23:59:59.999-05:00" name="Test cases for undefined should return &apos;3-4&apos; for &apos;undefined&apos; @2019-03-04T23:59:59.999-05:00" time="0.002">
    </testcase>
    <testcase classname="Test cases for undefined should return &apos;7-8&apos; for &apos;undefined&apos; @2019-03-06T00:00:00.000-05:00" name="Test cases for undefined should return &apos;7-8&apos; for &apos;undefined&apos; @2019-03-06T00:00:00.000-05:00" time="0">
    </testcase>
    <testcase classname="Test cases for undefined should return &apos;7-8&apos; for &apos;undefined&apos; @2019-03-06T23:59:59.999-05:00" name="Test cases for undefined should return &apos;7-8&apos; for &apos;undefined&apos; @2019-03-06T23:59:59.999-05:00" time="0">
    </testcase>
    <testcase classname="&apos;pyp&apos; should be a function for [object Object] should be a function" name="&apos;pyp&apos; should be a function for [object Object] should be a function" time="0">
    </testcase>
    <testcase classname="Test for [object Object] info Should return an array for &apos;vehicleClasses&apos; of [object Object]" name="Test for [object Object] info Should return an array for &apos;vehicleClasses&apos; of [object Object]" time="0">
    </testcase>
    <testcase classname="Test for [object Object] info Should return scheme info of [object Object]" name="Test for [object Object] info Should return scheme info of [object Object]" time="0.001">
    </testcase>
    <testcase classname="Test for [object Object] info Should return decrees info for [object Object]" name="Test for [object Object] info Should return decrees info for [object Object]" time="0.001">
    </testcase>
    <testcase classname="Test for [object Object] info Should return hours info for [object Object]" name="Test for [object Object] info Should return hours info for [object Object]" time="0.002">
    </testcase>
  </testsuite>
  <testsuite name="Test cases for undefined" errors="0" failures="0" skipped="0" timestamp="2019-03-22T20:58:27" time="0.339" tests="17">
    <testcase classname="Test cases for undefined should return &apos;3&apos; for &apos;undefined&apos; @2018-01-01T00:00:00.000-05:00" name="Test cases for undefined should return &apos;3&apos; for &apos;undefined&apos; @2018-01-01T00:00:00.000-05:00" time="0.002">
    </testcase>
    <testcase classname="Test cases for undefined should return &apos;3&apos; for &apos;undefined&apos; @2018-01-01T23:59:59.999-05:00" name="Test cases for undefined should return &apos;3&apos; for &apos;undefined&apos; @2018-01-01T23:59:59.999-05:00" time="0.001">
    </testcase>
    <testcase classname="Test cases for undefined should return &apos;0&apos; for &apos;undefined&apos; @2018-03-19T00:00:00.000-05:00" name="Test cases for undefined should return &apos;0&apos; for &apos;undefined&apos; @2018-03-19T00:00:00.000-05:00" time="0">
    </testcase>
    <testcase classname="Test cases for undefined should return &apos;0&apos; for &apos;undefined&apos; @2018-03-19T23:59:59.999-05:00" name="Test cases for undefined should return &apos;0&apos; for &apos;undefined&apos; @2018-03-19T23:59:59.999-05:00" time="0">
    </testcase>
    <testcase classname="Test cases for undefined should return &apos;9&apos; for &apos;undefined&apos; @2018-04-07T00:00:00.000-05:00" name="Test cases for undefined should return &apos;9&apos; for &apos;undefined&apos; @2018-04-07T00:00:00.000-05:00" time="0">
    </testcase>
    <testcase classname="Test cases for undefined should return &apos;9&apos; for &apos;undefined&apos; @2018-04-07T23:59:59.999-05:00" name="Test cases for undefined should return &apos;9&apos; for &apos;undefined&apos; @2018-04-07T23:59:59.999-05:00" time="0.001">
    </testcase>
    <testcase classname="Test cases for undefined should return &apos;7&apos; for &apos;undefined&apos; @2018-02-04T00:00:00.000-05:00" name="Test cases for undefined should return &apos;7&apos; for &apos;undefined&apos; @2018-02-04T00:00:00.000-05:00" time="0.001">
    </testcase>
    <testcase classname="Test cases for undefined should return &apos;7&apos; for &apos;undefined&apos; @2018-02-04T23:59:59.999-05:00" name="Test cases for undefined should return &apos;7&apos; for &apos;undefined&apos; @2018-02-04T23:59:59.999-05:00" time="0">
    </testcase>
    <testcase classname="Test cases for undefined should return &apos;1&apos; for &apos;undefined&apos; @2018-04-09T00:00:00.000-05:00" name="Test cases for undefined should return &apos;1&apos; for &apos;undefined&apos; @2018-04-09T00:00:00.000-05:00" time="0.001">
    </testcase>
    <testcase classname="Test cases for undefined should return &apos;1&apos; for &apos;undefined&apos; @2018-04-09T23:59:59.999-05:00" name="Test cases for undefined should return &apos;1&apos; for &apos;undefined&apos; @2018-04-09T23:59:59.999-05:00" time="0">
    </testcase>
    <testcase classname="Test cases for undefined should return &apos;8&apos; for &apos;undefined&apos; @2018-05-16T00:00:00.000-05:00" name="Test cases for undefined should return &apos;8&apos; for &apos;undefined&apos; @2018-05-16T00:00:00.000-05:00" time="0">
    </testcase>
    <testcase classname="Test cases for undefined should return &apos;8&apos; for &apos;undefined&apos; @2018-05-16T23:59:59.999-05:00" name="Test cases for undefined should return &apos;8&apos; for &apos;undefined&apos; @2018-05-16T23:59:59.999-05:00" time="0.001">
    </testcase>
    <testcase classname="&apos;pyp&apos; should be a function for [object Object] should be a function" name="&apos;pyp&apos; should be a function for [object Object] should be a function" time="0">
    </testcase>
    <testcase classname="Test for [object Object] info Should return an array for &apos;vehicleClasses&apos; of [object Object]" name="Test for [object Object] info Should return an array for &apos;vehicleClasses&apos; of [object Object]" time="0.001">
    </testcase>
    <testcase classname="Test for [object Object] info Should return scheme info of [object Object]" name="Test for [object Object] info Should return scheme info of [object Object]" time="0">
    </testcase>
    <testcase classname="Test for [object Object] info Should return decrees info for [object Object]" name="Test for [object Object] info Should return decrees info for [object Object]" time="0.001">
    </testcase>
    <testcase classname="Test for [object Object] info Should return hours info for [object Object]" name="Test for [object Object] info Should return hours info for [object Object]" time="0">
    </testcase>
  </testsuite>
  <testsuite name="Test cases for undefined" errors="0" failures="0" skipped="0" timestamp="2019-03-22T20:58:27" time="0.309" tests="15">
    <testcase classname="Test cases for undefined should return &apos;0-2-4-6-8&apos; for &apos;undefined&apos; @2018-10-01T00:00:00.000-05:00" name="Test cases for undefined should return &apos;0-2-4-6-8&apos; for &apos;undefined&apos; @2018-10-01T00:00:00.000-05:00" time="0.002">
    </testcase>
    <testcase classname="Test cases for undefined should return &apos;0-2-4-6-8&apos; for &apos;undefined&apos; @2018-10-01T23:59:59.999-05:00" name="Test cases for undefined should return &apos;0-2-4-6-8&apos; for &apos;undefined&apos; @2018-10-01T23:59:59.999-05:00" time="0.001">
    </testcase>
    <testcase classname="Test cases for undefined should return &apos;1-3-5-7-9&apos; for &apos;undefined&apos; @2018-10-02T00:00:00.000-05:00" name="Test cases for undefined should return &apos;1-3-5-7-9&apos; for &apos;undefined&apos; @2018-10-02T00:00:00.000-05:00" time="0">
    </testcase>
    <testcase classname="Test cases for undefined should return &apos;1-3-5-7-9&apos; for &apos;undefined&apos; @2018-10-02T23:59:59.999-05:00" name="Test cases for undefined should return &apos;1-3-5-7-9&apos; for &apos;undefined&apos; @2018-10-02T23:59:59.999-05:00" time="0">
    </testcase>
    <testcase classname="Test cases for undefined should return &apos;0-2-4-6-8&apos; for &apos;undefined&apos; @2018-09-03T00:00:00.000-05:00" name="Test cases for undefined should return &apos;0-2-4-6-8&apos; for &apos;undefined&apos; @2018-09-03T00:00:00.000-05:00" time="0.001">
    </testcase>
    <testcase classname="Test cases for undefined should return &apos;0-2-4-6-8&apos; for &apos;undefined&apos; @2018-09-03T23:59:59.999-05:00" name="Test cases for undefined should return &apos;0-2-4-6-8&apos; for &apos;undefined&apos; @2018-09-03T23:59:59.999-05:00" time="0">
    </testcase>
    <testcase classname="Test cases for undefined should return &apos;0-1-2-3-4-5-6-7-8-9&apos; for &apos;undefined&apos; @2018-09-14T00:00:00.000-05:00" name="Test cases for undefined should return &apos;0-1-2-3-4-5-6-7-8-9&apos; for &apos;undefined&apos; @2018-09-14T00:00:00.000-05:00" time="0.001">
    </testcase>
    <testcase classname="Test cases for undefined should return &apos;0-1-2-3-4-5-6-7-8-9&apos; for &apos;undefined&apos; @2018-09-14T23:59:59.999-05:00" name="Test cases for undefined should return &apos;0-1-2-3-4-5-6-7-8-9&apos; for &apos;undefined&apos; @2018-09-14T23:59:59.999-05:00" time="0">
    </testcase>
    <testcase classname="Test cases for undefined should return &apos;0-1-2-3-4-5-6-7-8-9&apos; for &apos;undefined&apos; @2018-11-30T00:00:00.000-05:00" name="Test cases for undefined should return &apos;0-1-2-3-4-5-6-7-8-9&apos; for &apos;undefined&apos; @2018-11-30T00:00:00.000-05:00" time="0">
    </testcase>
    <testcase classname="Test cases for undefined should return &apos;0-1-2-3-4-5-6-7-8-9&apos; for &apos;undefined&apos; @2018-11-30T23:59:59.999-05:00" name="Test cases for undefined should return &apos;0-1-2-3-4-5-6-7-8-9&apos; for &apos;undefined&apos; @2018-11-30T23:59:59.999-05:00" time="0.001">
    </testcase>
    <testcase classname="&apos;pyp&apos; should be a function for [object Object] should be a function" name="&apos;pyp&apos; should be a function for [object Object] should be a function" time="0">
    </testcase>
    <testcase classname="Test for [object Object] info Should return an array for &apos;vehicleClasses&apos; of [object Object]" name="Test for [object Object] info Should return an array for &apos;vehicleClasses&apos; of [object Object]" time="0.001">
    </testcase>
    <testcase classname="Test for [object Object] info Should return scheme info of [object Object]" name="Test for [object Object] info Should return scheme info of [object Object]" time="0">
    </testcase>
    <testcase classname="Test for [object Object] info Should return decrees info for [object Object]" name="Test for [object Object] info Should return decrees info for [object Object]" time="0.001">
    </testcase>
    <testcase classname="Test for [object Object] info Should return hours info for [object Object]" name="Test for [object Object] info Should return hours info for [object Object]" time="0.002">
    </testcase>
  </testsuite>
  <testsuite name="Test cases for undefined" errors="0" failures="0" skipped="0" timestamp="2019-03-22T20:58:27" time="0.29" tests="9">
    <testcase classname="Test cases for undefined should return &apos;1-2-3-4&apos; for &apos;undefined&apos; @2018-04-09T00:00:00.000-05:00" name="Test cases for undefined should return &apos;1-2-3-4&apos; for &apos;undefined&apos; @2018-04-09T00:00:00.000-05:00" time="0.001">
    </testcase>
    <testcase classname="Test cases for undefined should return &apos;1-2-3-4&apos; for &apos;undefined&apos; @2018-04-09T23:59:59.999-05:00" name="Test cases for undefined should return &apos;1-2-3-4&apos; for &apos;undefined&apos; @2018-04-09T23:59:59.999-05:00" time="0.001">
    </testcase>
    <testcase classname="Test cases for undefined should return &apos;9-0-1-2&apos; for &apos;undefined&apos; @2018-05-16T00:00:00.000-05:00" name="Test cases for undefined should return &apos;9-0-1-2&apos; for &apos;undefined&apos; @2018-05-16T00:00:00.000-05:00" time="0">
    </testcase>
    <testcase classname="Test cases for undefined should return &apos;9-0-1-2&apos; for &apos;undefined&apos; @2018-05-16T23:59:59.999-05:00" name="Test cases for undefined should return &apos;9-0-1-2&apos; for &apos;undefined&apos; @2018-05-16T23:59:59.999-05:00" time="0">
    </testcase>
    <testcase classname="&apos;pyp&apos; should be a function for [object Object] should be a function" name="&apos;pyp&apos; should be a function for [object Object] should be a function" time="0">
    </testcase>
    <testcase classname="Test for [object Object] info Should return an array for &apos;vehicleClasses&apos; of [object Object]" name="Test for [object Object] info Should return an array for &apos;vehicleClasses&apos; of [object Object]" time="0.001">
    </testcase>
    <testcase classname="Test for [object Object] info Should return scheme info of [object Object]" name="Test for [object Object] info Should return scheme info of [object Object]" time="0">
    </testcase>
    <testcase classname="Test for [object Object] info Should return decrees info for [object Object]" name="Test for [object Object] info Should return decrees info for [object Object]" time="0.001">
    </testcase>
    <testcase classname="Test for [object Object] info Should return hours info for [object Object]" name="Test for [object Object] info Should return hours info for [object Object]" time="0.001">
    </testcase>
  </testsuite>
  <testsuite name="Test cases for undefined" errors="0" failures="0" skipped="0" timestamp="2019-03-22T20:58:27" time="0.336" tests="17">
    <testcase classname="Test cases for undefined should return &apos;3-4&apos; for &apos;undefined&apos; @2018-04-09T00:00:00.000-05:00" name="Test cases for undefined should return &apos;3-4&apos; for &apos;undefined&apos; @2018-04-09T00:00:00.000-05:00" time="0.001">
    </testcase>
    <testcase classname="Test cases for undefined should return &apos;3-4&apos; for &apos;undefined&apos; @2018-04-09T23:59:59.999-05:00" name="Test cases for undefined should return &apos;3-4&apos; for &apos;undefined&apos; @2018-04-09T23:59:59.999-05:00" time="0.001">
    </testcase>
    <testcase classname="Test cases for undefined should return &apos;7-8&apos; for &apos;undefined&apos; @2018-05-16T00:00:00.000-05:00" name="Test cases for undefined should return &apos;7-8&apos; for &apos;undefined&apos; @2018-05-16T00:00:00.000-05:00" time="0.001">
    </testcase>
    <testcase classname="Test cases for undefined should return &apos;7-8&apos; for &apos;undefined&apos; @2018-05-16T23:59:59.999-05:00" name="Test cases for undefined should return &apos;7-8&apos; for &apos;undefined&apos; @2018-05-16T23:59:59.999-05:00" time="0">
    </testcase>
    <testcase classname="Test cases for undefined should return &apos;3-4&apos; for &apos;undefined&apos; @2018-03-12T00:00:00.000-05:00" name="Test cases for undefined should return &apos;3-4&apos; for &apos;undefined&apos; @2018-03-12T00:00:00.000-05:00" time="0.001">
    </testcase>
    <testcase classname="Test cases for undefined should return &apos;3-4&apos; for &apos;undefined&apos; @2018-03-12T23:59:59.999-05:00" name="Test cases for undefined should return &apos;3-4&apos; for &apos;undefined&apos; @2018-03-12T23:59:59.999-05:00" time="0">
    </testcase>
    <testcase classname="Test cases for undefined should return &apos;1-2&apos; for &apos;undefined&apos; @2018-07-09T00:00:00.000-05:00" name="Test cases for undefined should return &apos;1-2&apos; for &apos;undefined&apos; @2018-07-09T00:00:00.000-05:00" time="0.001">
    </testcase>
    <testcase classname="Test cases for undefined should return &apos;1-2&apos; for &apos;undefined&apos; @2018-07-09T23:59:59.999-05:00" name="Test cases for undefined should return &apos;1-2&apos; for &apos;undefined&apos; @2018-07-09T23:59:59.999-05:00" time="0.001">
    </testcase>
    <testcase classname="Test cases for undefined should return &apos;3-4&apos; for &apos;undefined&apos; @2018-11-13T00:00:00.000-05:00" name="Test cases for undefined should return &apos;3-4&apos; for &apos;undefined&apos; @2018-11-13T00:00:00.000-05:00" time="0.001">
    </testcase>
    <testcase classname="Test cases for undefined should return &apos;3-4&apos; for &apos;undefined&apos; @2018-11-13T23:59:59.999-05:00" name="Test cases for undefined should return &apos;3-4&apos; for &apos;undefined&apos; @2018-11-13T23:59:59.999-05:00" time="0.001">
    </testcase>
    <testcase classname="Test cases for undefined should return &apos;9-0&apos; for &apos;undefined&apos; @2019-01-14T00:00:00.000-05:00" name="Test cases for undefined should return &apos;9-0&apos; for &apos;undefined&apos; @2019-01-14T00:00:00.000-05:00" time="0">
    </testcase>
    <testcase classname="Test cases for undefined should return &apos;9-0&apos; for &apos;undefined&apos; @2019-01-14T23:59:59.999-05:00" name="Test cases for undefined should return &apos;9-0&apos; for &apos;undefined&apos; @2019-01-14T23:59:59.999-05:00" time="0.001">
    </testcase>
    <testcase classname="&apos;pyp&apos; should be a function for [object Object] should be a function" name="&apos;pyp&apos; should be a function for [object Object] should be a function" time="0.001">
    </testcase>
    <testcase classname="Test for [object Object] info Should return an array for &apos;vehicleClasses&apos; of [object Object]" name="Test for [object Object] info Should return an array for &apos;vehicleClasses&apos; of [object Object]" time="0">
    </testcase>
    <testcase classname="Test for [object Object] info Should return scheme info of [object Object]" name="Test for [object Object] info Should return scheme info of [object Object]" time="0.006">
    </testcase>
    <testcase classname="Test for [object Object] info Should return decrees info for [object Object]" name="Test for [object Object] info Should return decrees info for [object Object]" time="0">
    </testcase>
    <testcase classname="Test for [object Object] info Should return hours info for [object Object]" name="Test for [object Object] info Should return hours info for [object Object]" time="0.001">
    </testcase>
  </testsuite>
  <testsuite name="Test cases for undefined" errors="0" failures="0" skipped="0" timestamp="2019-03-22T20:58:27" time="0.317" tests="17">
    <testcase classname="Test cases for undefined should return &apos;3-4&apos; for &apos;undefined&apos; @2018-04-09T00:00:00.000-05:00" name="Test cases for undefined should return &apos;3-4&apos; for &apos;undefined&apos; @2018-04-09T00:00:00.000-05:00" time="0.004">
    </testcase>
    <testcase classname="Test cases for undefined should return &apos;3-4&apos; for &apos;undefined&apos; @2018-04-09T23:59:59.999-05:00" name="Test cases for undefined should return &apos;3-4&apos; for &apos;undefined&apos; @2018-04-09T23:59:59.999-05:00" time="0.001">
    </testcase>
    <testcase classname="Test cases for undefined should return &apos;7-8&apos; for &apos;undefined&apos; @2018-05-16T00:00:00.000-05:00" name="Test cases for undefined should return &apos;7-8&apos; for &apos;undefined&apos; @2018-05-16T00:00:00.000-05:00" time="0.001">
    </testcase>
    <testcase classname="Test cases for undefined should return &apos;7-8&apos; for &apos;undefined&apos; @2018-05-16T23:59:59.999-05:00" name="Test cases for undefined should return &apos;7-8&apos; for &apos;undefined&apos; @2018-05-16T23:59:59.999-05:00" time="0">
    </testcase>
    <testcase classname="Test cases for undefined should return &apos;3-4&apos; for &apos;undefined&apos; @2018-03-12T00:00:00.000-05:00" name="Test cases for undefined should return &apos;3-4&apos; for &apos;undefined&apos; @2018-03-12T00:00:00.000-05:00" time="0.001">
    </testcase>
    <testcase classname="Test cases for undefined should return &apos;3-4&apos; for &apos;undefined&apos; @2018-03-12T23:59:59.999-05:00" name="Test cases for undefined should return &apos;3-4&apos; for &apos;undefined&apos; @2018-03-12T23:59:59.999-05:00" time="0">
    </testcase>
    <testcase classname="Test cases for undefined should return &apos;1-2&apos; for &apos;undefined&apos; @2018-07-09T00:00:00.000-05:00" name="Test cases for undefined should return &apos;1-2&apos; for &apos;undefined&apos; @2018-07-09T00:00:00.000-05:00" time="0.001">
    </testcase>
    <testcase classname="Test cases for undefined should return &apos;1-2&apos; for &apos;undefined&apos; @2018-07-09T23:59:59.999-05:00" name="Test cases for undefined should return &apos;1-2&apos; for &apos;undefined&apos; @2018-07-09T23:59:59.999-05:00" time="0.001">
    </testcase>
    <testcase classname="Test cases for undefined should return &apos;3-4&apos; for &apos;undefined&apos; @2018-11-13T00:00:00.000-05:00" name="Test cases for undefined should return &apos;3-4&apos; for &apos;undefined&apos; @2018-11-13T00:00:00.000-05:00" time="0.001">
    </testcase>
    <testcase classname="Test cases for undefined should return &apos;3-4&apos; for &apos;undefined&apos; @2018-11-13T23:59:59.999-05:00" name="Test cases for undefined should return &apos;3-4&apos; for &apos;undefined&apos; @2018-11-13T23:59:59.999-05:00" time="0.001">
    </testcase>
    <testcase classname="Test cases for undefined should return &apos;9-0&apos; for &apos;undefined&apos; @2019-01-14T00:00:00.000-05:00" name="Test cases for undefined should return &apos;9-0&apos; for &apos;undefined&apos; @2019-01-14T00:00:00.000-05:00" time="0.001">
    </testcase>
    <testcase classname="Test cases for undefined should return &apos;9-0&apos; for &apos;undefined&apos; @2019-01-14T23:59:59.999-05:00" name="Test cases for undefined should return &apos;9-0&apos; for &apos;undefined&apos; @2019-01-14T23:59:59.999-05:00" time="0.001">
    </testcase>
    <testcase classname="&apos;pyp&apos; should be a function for [object Object] should be a function" name="&apos;pyp&apos; should be a function for [object Object] should be a function" time="0.001">
    </testcase>
    <testcase classname="Test for [object Object] info Should return an array for &apos;vehicleClasses&apos; of [object Object]" name="Test for [object Object] info Should return an array for &apos;vehicleClasses&apos; of [object Object]" time="0">
    </testcase>
    <testcase classname="Test for [object Object] info Should return scheme info of [object Object]" name="Test for [object Object] info Should return scheme info of [object Object]" time="0.001">
    </testcase>
    <testcase classname="Test for [object Object] info Should return decrees info for [object Object]" name="Test for [object Object] info Should return decrees info for [object Object]" time="0.009">
    </testcase>
    <testcase classname="Test for [object Object] info Should return hours info for [object Object]" name="Test for [object Object] info Should return hours info for [object Object]" time="0.002">
    </testcase>
  </testsuite>
  <testsuite name="Test cases for undefined" errors="0" failures="0" skipped="0" timestamp="2019-03-22T20:58:27" time="0.3" tests="9">
    <testcase classname="Test cases for undefined should return &apos;0-1&apos; for &apos;undefined&apos; @2018-04-09T00:00:00.000-05:00" name="Test cases for undefined should return &apos;0-1&apos; for &apos;undefined&apos; @2018-04-09T00:00:00.000-05:00" time="0.002">
    </testcase>
    <testcase classname="Test cases for undefined should return &apos;0-1&apos; for &apos;undefined&apos; @2018-04-09T23:59:59.999-05:00" name="Test cases for undefined should return &apos;0-1&apos; for &apos;undefined&apos; @2018-04-09T23:59:59.999-05:00" time="0">
    </testcase>
    <testcase classname="Test cases for undefined should return &apos;4-5&apos; for &apos;undefined&apos; @2018-05-16T00:00:00.000-05:00" name="Test cases for undefined should return &apos;4-5&apos; for &apos;undefined&apos; @2018-05-16T00:00:00.000-05:00" time="0.001">
    </testcase>
    <testcase classname="Test cases for undefined should return &apos;4-5&apos; for &apos;undefined&apos; @2018-05-16T23:59:59.999-05:00" name="Test cases for undefined should return &apos;4-5&apos; for &apos;undefined&apos; @2018-05-16T23:59:59.999-05:00" time="0">
    </testcase>
    <testcase classname="&apos;pyp&apos; should be a function for [object Object] should be a function" name="&apos;pyp&apos; should be a function for [object Object] should be a function" time="0.001">
    </testcase>
    <testcase classname="Test for [object Object] info Should return an array for &apos;vehicleClasses&apos; of [object Object]" name="Test for [object Object] info Should return an array for &apos;vehicleClasses&apos; of [object Object]" time="0">
    </testcase>
    <testcase classname="Test for [object Object] info Should return scheme info of [object Object]" name="Test for [object Object] info Should return scheme info of [object Object]" time="0.001">
    </testcase>
    <testcase classname="Test for [object Object] info Should return decrees info for [object Object]" name="Test for [object Object] info Should return decrees info for [object Object]" time="0.002">
    </testcase>
    <testcase classname="Test for [object Object] info Should return hours info for [object Object]" name="Test for [object Object] info Should return hours info for [object Object]" time="0.001">
    </testcase>
  </testsuite>
  <testsuite name="Rotate an array" errors="0" failures="0" skipped="0" timestamp="2019-03-22T20:58:27" time="0.277" tests="6">
    <testcase classname="Rotate an array should rotate an array according to the offset" name="Rotate an array should rotate an array according to the offset" time="0.006">
    </testcase>
    <testcase classname="Rotate by should return rotate array by month" name="Rotate by should return rotate array by month" time="0.001">
    </testcase>
    <testcase classname="Rotate by should return rotate array by week" name="Rotate by should return rotate array by week" time="0.001">
    </testcase>
    <testcase classname="Rotate by should return rotate array by week in reverse" name="Rotate by should return rotate array by week in reverse" time="0.002">
    </testcase>
    <testcase classname="Rotate by should return rotate array by week with interval = 2" name="Rotate by should return rotate array by week with interval = 2" time="0.001">
    </testcase>
    <testcase classname="Rotate by should return rotate array by year" name="Rotate by should return rotate array by year" time="0">
    </testcase>
  </testsuite>
  <testsuite name="Test cases for undefined" errors="0" failures="0" skipped="0" timestamp="2019-03-22T20:58:27" time="0.296" tests="11">
    <testcase classname="Test cases for undefined should return &apos;4&apos; for &apos;undefined&apos; @2019-03-01T00:00:00.000-05:00" name="Test cases for undefined should return &apos;4&apos; for &apos;undefined&apos; @2019-03-01T00:00:00.000-05:00" time="0.002">
    </testcase>
    <testcase classname="Test cases for undefined should return &apos;4&apos; for &apos;undefined&apos; @2019-03-01T23:59:59.999-05:00" name="Test cases for undefined should return &apos;4&apos; for &apos;undefined&apos; @2019-03-01T23:59:59.999-05:00" time="0.001">
    </testcase>
    <testcase classname="Test cases for undefined should return &apos;5&apos; for &apos;undefined&apos; @2019-04-11T00:00:00.000-05:00" name="Test cases for undefined should return &apos;5&apos; for &apos;undefined&apos; @2019-04-11T00:00:00.000-05:00" time="0">
    </testcase>
    <testcase classname="Test cases for undefined should return &apos;5&apos; for &apos;undefined&apos; @2019-04-11T23:59:59.999-05:00" name="Test cases for undefined should return &apos;5&apos; for &apos;undefined&apos; @2019-04-11T23:59:59.999-05:00" time="0.001">
    </testcase>
    <testcase classname="Test cases for undefined should return &apos;1&apos; for &apos;undefined&apos; @2019-05-29T00:00:00.000-05:00" name="Test cases for undefined should return &apos;1&apos; for &apos;undefined&apos; @2019-05-29T00:00:00.000-05:00" time="0">
    </testcase>
    <testcase classname="Test cases for undefined should return &apos;1&apos; for &apos;undefined&apos; @2019-05-29T23:59:59.999-05:00" name="Test cases for undefined should return &apos;1&apos; for &apos;undefined&apos; @2019-05-29T23:59:59.999-05:00" time="0.001">
    </testcase>
    <testcase classname="&apos;pyp&apos; should be a function for [object Object] should be a function" name="&apos;pyp&apos; should be a function for [object Object] should be a function" time="0">
    </testcase>
    <testcase classname="Test for [object Object] info Should return an array for &apos;vehicleClasses&apos; of [object Object]" name="Test for [object Object] info Should return an array for &apos;vehicleClasses&apos; of [object Object]" time="0.001">
    </testcase>
    <testcase classname="Test for [object Object] info Should return scheme info of [object Object]" name="Test for [object Object] info Should return scheme info of [object Object]" time="0">
    </testcase>
    <testcase classname="Test for [object Object] info Should return decrees info for [object Object]" name="Test for [object Object] info Should return decrees info for [object Object]" time="0.003">
    </testcase>
    <testcase classname="Test for [object Object] info Should return hours info for [object Object]" name="Test for [object Object] info Should return hours info for [object Object]" time="0.001">
    </testcase>
  </testsuite>
  <testsuite name="Test cases for undefined" errors="0" failures="0" skipped="0" timestamp="2019-03-22T20:58:27" time="0.3" tests="9">
    <testcase classname="Test cases for undefined should return &apos;0-1&apos; for &apos;undefined&apos; @2018-04-09T00:00:00.000-05:00" name="Test cases for undefined should return &apos;0-1&apos; for &apos;undefined&apos; @2018-04-09T00:00:00.000-05:00" time="0.001">
    </testcase>
    <testcase classname="Test cases for undefined should return &apos;0-1&apos; for &apos;undefined&apos; @2018-04-09T23:59:59.999-05:00" name="Test cases for undefined should return &apos;0-1&apos; for &apos;undefined&apos; @2018-04-09T23:59:59.999-05:00" time="0">
    </testcase>
    <testcase classname="Test cases for undefined should return &apos;4-5&apos; for &apos;undefined&apos; @2018-05-16T00:00:00.000-05:00" name="Test cases for undefined should return &apos;4-5&apos; for &apos;undefined&apos; @2018-05-16T00:00:00.000-05:00" time="0">
    </testcase>
    <testcase classname="Test cases for undefined should return &apos;4-5&apos; for &apos;undefined&apos; @2018-05-16T23:59:59.999-05:00" name="Test cases for undefined should return &apos;4-5&apos; for &apos;undefined&apos; @2018-05-16T23:59:59.999-05:00" time="0">
    </testcase>
    <testcase classname="&apos;pyp&apos; should be a function for [object Object] should be a function" name="&apos;pyp&apos; should be a function for [object Object] should be a function" time="0.001">
    </testcase>
    <testcase classname="Test for [object Object] info Should return an array for &apos;vehicleClasses&apos; of [object Object]" name="Test for [object Object] info Should return an array for &apos;vehicleClasses&apos; of [object Object]" time="0">
    </testcase>
    <testcase classname="Test for [object Object] info Should return scheme info of [object Object]" name="Test for [object Object] info Should return scheme info of [object Object]" time="0.001">
    </testcase>
    <testcase classname="Test for [object Object] info Should return decrees info for [object Object]" name="Test for [object Object] info Should return decrees info for [object Object]" time="0.002">
    </testcase>
    <testcase classname="Test for [object Object] info Should return hours info for [object Object]" name="Test for [object Object] info Should return hours info for [object Object]" time="0.002">
    </testcase>
  </testsuite>
  <testsuite name="Test cases for undefined" errors="0" failures="0" skipped="0" timestamp="2019-03-22T20:58:27" time="0.328" tests="11">
    <testcase classname="Test cases for undefined should return &apos;1-2&apos; for &apos;undefined&apos; @2018-04-09T00:00:00.000-05:00" name="Test cases for undefined should return &apos;1-2&apos; for &apos;undefined&apos; @2018-04-09T00:00:00.000-05:00" time="0.001">
    </testcase>
    <testcase classname="Test cases for undefined should return &apos;1-2&apos; for &apos;undefined&apos; @2018-04-09T23:59:59.999-05:00" name="Test cases for undefined should return &apos;1-2&apos; for &apos;undefined&apos; @2018-04-09T23:59:59.999-05:00" time="0.001">
    </testcase>
    <testcase classname="Test cases for undefined should return &apos;5-6&apos; for &apos;undefined&apos; @2018-05-16T00:00:00.000-05:00" name="Test cases for undefined should return &apos;5-6&apos; for &apos;undefined&apos; @2018-05-16T00:00:00.000-05:00" time="0">
    </testcase>
    <testcase classname="Test cases for undefined should return &apos;5-6&apos; for &apos;undefined&apos; @2018-05-16T23:59:59.999-05:00" name="Test cases for undefined should return &apos;5-6&apos; for &apos;undefined&apos; @2018-05-16T23:59:59.999-05:00" time="0.001">
    </testcase>
    <testcase classname="Test cases for undefined should return &apos;0-1-2-3-4-5-6-7-8-9&apos; for &apos;undefined&apos; @2019-01-30T00:00:00.000-05:00" name="Test cases for undefined should return &apos;0-1-2-3-4-5-6-7-8-9&apos; for &apos;undefined&apos; @2019-01-30T00:00:00.000-05:00" time="0">
    </testcase>
    <testcase classname="Test cases for undefined should return &apos;0-1-2-3-4-5-6-7-8-9&apos; for &apos;undefined&apos; @2019-01-30T23:59:59.999-05:00" name="Test cases for undefined should return &apos;0-1-2-3-4-5-6-7-8-9&apos; for &apos;undefined&apos; @2019-01-30T23:59:59.999-05:00" time="0.001">
    </testcase>
    <testcase classname="&apos;pyp&apos; should be a function for [object Object] should be a function" name="&apos;pyp&apos; should be a function for [object Object] should be a function" time="0.001">
    </testcase>
    <testcase classname="Test for [object Object] info Should return an array for &apos;vehicleClasses&apos; of [object Object]" name="Test for [object Object] info Should return an array for &apos;vehicleClasses&apos; of [object Object]" time="0.01">
    </testcase>
    <testcase classname="Test for [object Object] info Should return scheme info of [object Object]" name="Test for [object Object] info Should return scheme info of [object Object]" time="0.001">
    </testcase>
    <testcase classname="Test for [object Object] info Should return decrees info for [object Object]" name="Test for [object Object] info Should return decrees info for [object Object]" time="0.001">
    </testcase>
    <testcase classname="Test for [object Object] info Should return hours info for [object Object]" name="Test for [object Object] info Should return hours info for [object Object]" time="0.002">
    </testcase>
  </testsuite>
  <testsuite name="Test cases for undefined" errors="0" failures="0" skipped="0" timestamp="2019-03-22T20:58:27" time="0.309" tests="9">
    <testcase classname="Test cases for undefined should return &apos;1-2&apos; for &apos;undefined&apos; @2018-04-09T00:00:00.000-05:00" name="Test cases for undefined should return &apos;1-2&apos; for &apos;undefined&apos; @2018-04-09T00:00:00.000-05:00" time="0.002">
    </testcase>
    <testcase classname="Test cases for undefined should return &apos;1-2&apos; for &apos;undefined&apos; @2018-04-09T23:59:59.999-05:00" name="Test cases for undefined should return &apos;1-2&apos; for &apos;undefined&apos; @2018-04-09T23:59:59.999-05:00" time="0">
    </testcase>
    <testcase classname="Test cases for undefined should return &apos;5-6&apos; for &apos;undefined&apos; @2018-05-16T00:00:00.000-05:00" name="Test cases for undefined should return &apos;5-6&apos; for &apos;undefined&apos; @2018-05-16T00:00:00.000-05:00" time="0.001">
    </testcase>
    <testcase classname="Test cases for undefined should return &apos;5-6&apos; for &apos;undefined&apos; @2018-05-16T23:59:59.999-05:00" name="Test cases for undefined should return &apos;5-6&apos; for &apos;undefined&apos; @2018-05-16T23:59:59.999-05:00" time="0.001">
    </testcase>
    <testcase classname="&apos;pyp&apos; should be a function for [object Object] should be a function" name="&apos;pyp&apos; should be a function for [object Object] should be a function" time="0">
    </testcase>
    <testcase classname="Test for [object Object] info Should return an array for &apos;vehicleClasses&apos; of [object Object]" name="Test for [object Object] info Should return an array for &apos;vehicleClasses&apos; of [object Object]" time="0">
    </testcase>
    <testcase classname="Test for [object Object] info Should return scheme info of [object Object]" name="Test for [object Object] info Should return scheme info of [object Object]" time="0.001">
    </testcase>
    <testcase classname="Test for [object Object] info Should return decrees info for [object Object]" name="Test for [object Object] info Should return decrees info for [object Object]" time="0.001">
    </testcase>
    <testcase classname="Test for [object Object] info Should return hours info for [object Object]" name="Test for [object Object] info Should return hours info for [object Object]" time="0.002">
    </testcase>
  </testsuite>
  <testsuite name="Test cases for undefined" errors="0" failures="0" skipped="0" timestamp="2019-03-22T20:58:27" time="0.286" tests="9">
    <testcase classname="Test cases for undefined should return &apos;1-3-5-7-9&apos; for &apos;undefined&apos; @2018-04-09T00:00:00.000-05:00" name="Test cases for undefined should return &apos;1-3-5-7-9&apos; for &apos;undefined&apos; @2018-04-09T00:00:00.000-05:00" time="0.001">
    </testcase>
    <testcase classname="Test cases for undefined should return &apos;1-3-5-7-9&apos; for &apos;undefined&apos; @2018-04-09T23:59:59.999-05:00" name="Test cases for undefined should return &apos;1-3-5-7-9&apos; for &apos;undefined&apos; @2018-04-09T23:59:59.999-05:00" time="0">
    </testcase>
    <testcase classname="Test cases for undefined should return &apos;0-2-4-6-8&apos; for &apos;undefined&apos; @2018-05-16T00:00:00.000-05:00" name="Test cases for undefined should return &apos;0-2-4-6-8&apos; for &apos;undefined&apos; @2018-05-16T00:00:00.000-05:00" time="0.001">
    </testcase>
    <testcase classname="Test cases for undefined should return &apos;0-2-4-6-8&apos; for &apos;undefined&apos; @2018-05-16T23:59:59.999-05:00" name="Test cases for undefined should return &apos;0-2-4-6-8&apos; for &apos;undefined&apos; @2018-05-16T23:59:59.999-05:00" time="0">
    </testcase>
    <testcase classname="&apos;pyp&apos; should be a function for [object Object] should be a function" name="&apos;pyp&apos; should be a function for [object Object] should be a function" time="0">
    </testcase>
    <testcase classname="Test for [object Object] info Should return an array for &apos;vehicleClasses&apos; of [object Object]" name="Test for [object Object] info Should return an array for &apos;vehicleClasses&apos; of [object Object]" time="0.001">
    </testcase>
    <testcase classname="Test for [object Object] info Should return scheme info of [object Object]" name="Test for [object Object] info Should return scheme info of [object Object]" time="0.002">
    </testcase>
    <testcase classname="Test for [object Object] info Should return decrees info for [object Object]" name="Test for [object Object] info Should return decrees info for [object Object]" time="0.003">
    </testcase>
    <testcase classname="Test for [object Object] info Should return hours info for [object Object]" name="Test for [object Object] info Should return hours info for [object Object]" time="0.002">
    </testcase>
  </testsuite>
  <testsuite name="Test cases for undefined" errors="0" failures="0" skipped="0" timestamp="2019-03-22T20:58:27" time="0.321" tests="9">
    <testcase classname="Test cases for undefined should return &apos;1-2&apos; for &apos;undefined&apos; @2018-04-09T00:00:00.000-05:00" name="Test cases for undefined should return &apos;1-2&apos; for &apos;undefined&apos; @2018-04-09T00:00:00.000-05:00" time="0.002">
    </testcase>
    <testcase classname="Test cases for undefined should return &apos;1-2&apos; for &apos;undefined&apos; @2018-04-09T23:59:59.999-05:00" name="Test cases for undefined should return &apos;1-2&apos; for &apos;undefined&apos; @2018-04-09T23:59:59.999-05:00" time="0">
    </testcase>
    <testcase classname="Test cases for undefined should return &apos;5-6&apos; for &apos;undefined&apos; @2018-05-16T00:00:00.000-05:00" name="Test cases for undefined should return &apos;5-6&apos; for &apos;undefined&apos; @2018-05-16T00:00:00.000-05:00" time="0.001">
    </testcase>
    <testcase classname="Test cases for undefined should return &apos;5-6&apos; for &apos;undefined&apos; @2018-05-16T23:59:59.999-05:00" name="Test cases for undefined should return &apos;5-6&apos; for &apos;undefined&apos; @2018-05-16T23:59:59.999-05:00" time="0">
    </testcase>
    <testcase classname="&apos;pyp&apos; should be a function for [object Object] should be a function" name="&apos;pyp&apos; should be a function for [object Object] should be a function" time="0.001">
    </testcase>
    <testcase classname="Test for [object Object] info Should return an array for &apos;vehicleClasses&apos; of [object Object]" name="Test for [object Object] info Should return an array for &apos;vehicleClasses&apos; of [object Object]" time="0">
    </testcase>
    <testcase classname="Test for [object Object] info Should return scheme info of [object Object]" name="Test for [object Object] info Should return scheme info of [object Object]" time="0.001">
    </testcase>
    <testcase classname="Test for [object Object] info Should return decrees info for [object Object]" name="Test for [object Object] info Should return decrees info for [object Object]" time="0.002">
    </testcase>
    <testcase classname="Test for [object Object] info Should return hours info for [object Object]" name="Test for [object Object] info Should return hours info for [object Object]" time="0.003">
    </testcase>
  </testsuite>
  <testsuite name="Test cases for undefined" errors="0" failures="0" skipped="0" timestamp="2019-03-22T20:58:27" time="0.296" tests="9">
    <testcase classname="Test cases for undefined should return &apos;1-2&apos; for &apos;undefined&apos; @2018-04-09T00:00:00.000-05:00" name="Test cases for undefined should return &apos;1-2&apos; for &apos;undefined&apos; @2018-04-09T00:00:00.000-05:00" time="0.001">
    </testcase>
    <testcase classname="Test cases for undefined should return &apos;1-2&apos; for &apos;undefined&apos; @2018-04-09T23:59:59.999-05:00" name="Test cases for undefined should return &apos;1-2&apos; for &apos;undefined&apos; @2018-04-09T23:59:59.999-05:00" time="0.001">
    </testcase>
    <testcase classname="Test cases for undefined should return &apos;5-6&apos; for &apos;undefined&apos; @2018-05-16T00:00:00.000-05:00" name="Test cases for undefined should return &apos;5-6&apos; for &apos;undefined&apos; @2018-05-16T00:00:00.000-05:00" time="0">
    </testcase>
    <testcase classname="Test cases for undefined should return &apos;5-6&apos; for &apos;undefined&apos; @2018-05-16T23:59:59.999-05:00" name="Test cases for undefined should return &apos;5-6&apos; for &apos;undefined&apos; @2018-05-16T23:59:59.999-05:00" time="0">
    </testcase>
    <testcase classname="&apos;pyp&apos; should be a function for [object Object] should be a function" name="&apos;pyp&apos; should be a function for [object Object] should be a function" time="0">
    </testcase>
    <testcase classname="Test for [object Object] info Should return an array for &apos;vehicleClasses&apos; of [object Object]" name="Test for [object Object] info Should return an array for &apos;vehicleClasses&apos; of [object Object]" time="0">
    </testcase>
    <testcase classname="Test for [object Object] info Should return scheme info of [object Object]" name="Test for [object Object] info Should return scheme info of [object Object]" time="0">
    </testcase>
    <testcase classname="Test for [object Object] info Should return decrees info for [object Object]" name="Test for [object Object] info Should return decrees info for [object Object]" time="0.012">
    </testcase>
    <testcase classname="Test for [object Object] info Should return hours info for [object Object]" name="Test for [object Object] info Should return hours info for [object Object]" time="0.003">
    </testcase>
  </testsuite>
  <testsuite name="Test cases for undefined" errors="0" failures="0" skipped="0" timestamp="2019-03-22T20:58:27" time="0.291" tests="9">
    <testcase classname="Test cases for undefined should return &apos;1-2&apos; for &apos;undefined&apos; @2018-04-09T00:00:00.000-05:00" name="Test cases for undefined should return &apos;1-2&apos; for &apos;undefined&apos; @2018-04-09T00:00:00.000-05:00" time="0.001">
    </testcase>
    <testcase classname="Test cases for undefined should return &apos;1-2&apos; for &apos;undefined&apos; @2018-04-09T23:59:59.999-05:00" name="Test cases for undefined should return &apos;1-2&apos; for &apos;undefined&apos; @2018-04-09T23:59:59.999-05:00" time="0.001">
    </testcase>
    <testcase classname="Test cases for undefined should return &apos;5-6&apos; for &apos;undefined&apos; @2018-05-16T00:00:00.000-05:00" name="Test cases for undefined should return &apos;5-6&apos; for &apos;undefined&apos; @2018-05-16T00:00:00.000-05:00" time="0">
    </testcase>
    <testcase classname="Test cases for undefined should return &apos;5-6&apos; for &apos;undefined&apos; @2018-05-16T23:59:59.999-05:00" name="Test cases for undefined should return &apos;5-6&apos; for &apos;undefined&apos; @2018-05-16T23:59:59.999-05:00" time="0.001">
    </testcase>
    <testcase classname="&apos;pyp&apos; should be a function for [object Object] should be a function" name="&apos;pyp&apos; should be a function for [object Object] should be a function" time="0.001">
    </testcase>
    <testcase classname="Test for [object Object] info Should return an array for &apos;vehicleClasses&apos; of [object Object]" name="Test for [object Object] info Should return an array for &apos;vehicleClasses&apos; of [object Object]" time="0.001">
    </testcase>
    <testcase classname="Test for [object Object] info Should return scheme info of [object Object]" name="Test for [object Object] info Should return scheme info of [object Object]" time="0">
    </testcase>
    <testcase classname="Test for [object Object] info Should return decrees info for [object Object]" name="Test for [object Object] info Should return decrees info for [object Object]" time="0.002">
    </testcase>
    <testcase classname="Test for [object Object] info Should return hours info for [object Object]" name="Test for [object Object] info Should return hours info for [object Object]" time="0.011">
    </testcase>
  </testsuite>
  <testsuite name="Test cases for undefined" errors="0" failures="0" skipped="0" timestamp="2019-03-22T20:58:27" time="0.3" tests="11">
    <testcase classname="Test cases for undefined should return &apos;1-2&apos; for &apos;undefined&apos; @2018-04-07T00:00:00.000-05:00" name="Test cases for undefined should return &apos;1-2&apos; for &apos;undefined&apos; @2018-04-07T00:00:00.000-05:00" time="0.001">
    </testcase>
    <testcase classname="Test cases for undefined should return &apos;1-2&apos; for &apos;undefined&apos; @2018-04-07T23:59:59.999-05:00" name="Test cases for undefined should return &apos;1-2&apos; for &apos;undefined&apos; @2018-04-07T23:59:59.999-05:00" time="0.001">
    </testcase>
    <testcase classname="Test cases for undefined should return &apos;3-4&apos; for &apos;undefined&apos; @2018-04-09T00:00:00.000-05:00" name="Test cases for undefined should return &apos;3-4&apos; for &apos;undefined&apos; @2018-04-09T00:00:00.000-05:00" time="0">
    </testcase>
    <testcase classname="Test cases for undefined should return &apos;3-4&apos; for &apos;undefined&apos; @2018-04-09T23:59:59.999-05:00" name="Test cases for undefined should return &apos;3-4&apos; for &apos;undefined&apos; @2018-04-09T23:59:59.999-05:00" time="0.001">
    </testcase>
    <testcase classname="Test cases for undefined should return &apos;7-8&apos; for &apos;undefined&apos; @2018-05-16T00:00:00.000-05:00" name="Test cases for undefined should return &apos;7-8&apos; for &apos;undefined&apos; @2018-05-16T00:00:00.000-05:00" time="0">
    </testcase>
    <testcase classname="Test cases for undefined should return &apos;7-8&apos; for &apos;undefined&apos; @2018-05-16T23:59:59.999-05:00" name="Test cases for undefined should return &apos;7-8&apos; for &apos;undefined&apos; @2018-05-16T23:59:59.999-05:00" time="0.001">
    </testcase>
    <testcase classname="&apos;pyp&apos; should be a function for [object Object] should be a function" name="&apos;pyp&apos; should be a function for [object Object] should be a function" time="0">
    </testcase>
    <testcase classname="Test for [object Object] info Should return an array for &apos;vehicleClasses&apos; of [object Object]" name="Test for [object Object] info Should return an array for &apos;vehicleClasses&apos; of [object Object]" time="0.001">
    </testcase>
    <testcase classname="Test for [object Object] info Should return scheme info of [object Object]" name="Test for [object Object] info Should return scheme info of [object Object]" time="0">
    </testcase>
    <testcase classname="Test for [object Object] info Should return decrees info for [object Object]" name="Test for [object Object] info Should return decrees info for [object Object]" time="0.011">
    </testcase>
    <testcase classname="Test for [object Object] info Should return hours info for [object Object]" name="Test for [object Object] info Should return hours info for [object Object]" time="0.001">
    </testcase>
  </testsuite>
  <testsuite name="Generate pyp data objects" errors="0" failures="0" skipped="0" timestamp="2019-03-22T20:58:23" time="3.756" tests="4">
    <testcase classname="Generate pyp data objects should return data for three days for all categories" name="Generate pyp data objects should return data for three days for all categories" time="0.028">
    </testcase>
    <testcase classname="Generate pyp data objects should return data for two categories" name="Generate pyp data objects should return data for two categories" time="0.002">
    </testcase>
    <testcase classname="Generate pyp data objects should return pyp meta-info for all categories" name="Generate pyp data objects should return pyp meta-info for all categories" time="0.004">
    </testcase>
    <testcase classname="Generate pyp data objects should return pyp data for one date" name="Generate pyp data objects should return pyp data for one date" time="0.002">
    </testcase>
  </testsuite>
  <testsuite name="Test cases for undefined" errors="0" failures="0" skipped="0" timestamp="2019-03-22T20:58:27" time="0.303" tests="11">
    <testcase classname="Test cases for undefined should return &apos;3-4&apos; for &apos;undefined&apos; @2018-02-08T00:00:00.000-05:00" name="Test cases for undefined should return &apos;3-4&apos; for &apos;undefined&apos; @2018-02-08T00:00:00.000-05:00" time="0.002">
    </testcase>
    <testcase classname="Test cases for undefined should return &apos;3-4&apos; for &apos;undefined&apos; @2018-02-08T23:59:59.999-05:00" name="Test cases for undefined should return &apos;3-4&apos; for &apos;undefined&apos; @2018-02-08T23:59:59.999-05:00" time="0.001">
    </testcase>
    <testcase classname="Test cases for undefined should return &apos;7-8&apos; for &apos;undefined&apos; @2018-03-12T00:00:00.000-05:00" name="Test cases for undefined should return &apos;7-8&apos; for &apos;undefined&apos; @2018-03-12T00:00:00.000-05:00" time="0">
    </testcase>
    <testcase classname="Test cases for undefined should return &apos;7-8&apos; for &apos;undefined&apos; @2018-03-12T23:59:59.999-05:00" name="Test cases for undefined should return &apos;7-8&apos; for &apos;undefined&apos; @2018-03-12T23:59:59.999-05:00" time="0.001">
    </testcase>
    <testcase classname="Test cases for undefined should return &apos;5-6&apos; for &apos;undefined&apos; @2018-04-09T00:00:00.000-05:00" name="Test cases for undefined should return &apos;5-6&apos; for &apos;undefined&apos; @2018-04-09T00:00:00.000-05:00" time="0">
    </testcase>
    <testcase classname="Test cases for undefined should return &apos;5-6&apos; for &apos;undefined&apos; @2018-04-09T23:59:59.999-05:00" name="Test cases for undefined should return &apos;5-6&apos; for &apos;undefined&apos; @2018-04-09T23:59:59.999-05:00" time="0">
    </testcase>
    <testcase classname="&apos;pyp&apos; should be a function for [object Object] should be a function" name="&apos;pyp&apos; should be a function for [object Object] should be a function" time="0">
    </testcase>
    <testcase classname="Test for [object Object] info Should return an array for &apos;vehicleClasses&apos; of [object Object]" name="Test for [object Object] info Should return an array for &apos;vehicleClasses&apos; of [object Object]" time="0">
    </testcase>
    <testcase classname="Test for [object Object] info Should return scheme info of [object Object]" name="Test for [object Object] info Should return scheme info of [object Object]" time="0">
    </testcase>
    <testcase classname="Test for [object Object] info Should return decrees info for [object Object]" name="Test for [object Object] info Should return decrees info for [object Object]" time="0.001">
    </testcase>
    <testcase classname="Test for [object Object] info Should return hours info for [object Object]" name="Test for [object Object] info Should return hours info for [object Object]" time="0.002">
    </testcase>
  </testsuite>
  <testsuite name="Test cases for undefined" errors="0" failures="0" skipped="0" timestamp="2019-03-22T20:58:27" time="0.3" tests="9">
    <testcase classname="Test cases for undefined should return &apos;0-1&apos; for &apos;undefined&apos; @2018-04-09T00:00:00.000-05:00" name="Test cases for undefined should return &apos;0-1&apos; for &apos;undefined&apos; @2018-04-09T00:00:00.000-05:00" time="0.001">
    </testcase>
    <testcase classname="Test cases for undefined should return &apos;0-1&apos; for &apos;undefined&apos; @2018-04-09T23:59:59.999-05:00" name="Test cases for undefined should return &apos;0-1&apos; for &apos;undefined&apos; @2018-04-09T23:59:59.999-05:00" time="0">
    </testcase>
    <testcase classname="Test cases for undefined should return &apos;4-5&apos; for &apos;undefined&apos; @2018-05-16T00:00:00.000-05:00" name="Test cases for undefined should return &apos;4-5&apos; for &apos;undefined&apos; @2018-05-16T00:00:00.000-05:00" time="0">
    </testcase>
    <testcase classname="Test cases for undefined should return &apos;4-5&apos; for &apos;undefined&apos; @2018-05-16T23:59:59.999-05:00" name="Test cases for undefined should return &apos;4-5&apos; for &apos;undefined&apos; @2018-05-16T23:59:59.999-05:00" time="0">
    </testcase>
    <testcase classname="&apos;pyp&apos; should be a function for [object Object] should be a function" name="&apos;pyp&apos; should be a function for [object Object] should be a function" time="0">
    </testcase>
    <testcase classname="Test for [object Object] info Should return an array for &apos;vehicleClasses&apos; of [object Object]" name="Test for [object Object] info Should return an array for &apos;vehicleClasses&apos; of [object Object]" time="0">
    </testcase>
    <testcase classname="Test for [object Object] info Should return scheme info of [object Object]" name="Test for [object Object] info Should return scheme info of [object Object]" time="0.001">
    </testcase>
    <testcase classname="Test for [object Object] info Should return decrees info for [object Object]" name="Test for [object Object] info Should return decrees info for [object Object]" time="0.013">
    </testcase>
    <testcase classname="Test for [object Object] info Should return hours info for [object Object]" name="Test for [object Object] info Should return hours info for [object Object]" time="0.001">
    </testcase>
  </testsuite>
  <testsuite name="Test cases for undefined" errors="0" failures="0" skipped="0" timestamp="2019-03-22T20:58:27" time="0.289" tests="9">
    <testcase classname="Test cases for undefined should return &apos;1-2-3-4&apos; for &apos;undefined&apos; @2018-04-09T00:00:00.000-05:00" name="Test cases for undefined should return &apos;1-2-3-4&apos; for &apos;undefined&apos; @2018-04-09T00:00:00.000-05:00" time="0.001">
    </testcase>
    <testcase classname="Test cases for undefined should return &apos;1-2-3-4&apos; for &apos;undefined&apos; @2018-04-09T23:59:59.999-05:00" name="Test cases for undefined should return &apos;1-2-3-4&apos; for &apos;undefined&apos; @2018-04-09T23:59:59.999-05:00" time="0.001">
    </testcase>
    <testcase classname="Test cases for undefined should return &apos;9-0-1-2&apos; for &apos;undefined&apos; @2018-05-16T00:00:00.000-05:00" name="Test cases for undefined should return &apos;9-0-1-2&apos; for &apos;undefined&apos; @2018-05-16T00:00:00.000-05:00" time="0">
    </testcase>
    <testcase classname="Test cases for undefined should return &apos;9-0-1-2&apos; for &apos;undefined&apos; @2018-05-16T23:59:59.999-05:00" name="Test cases for undefined should return &apos;9-0-1-2&apos; for &apos;undefined&apos; @2018-05-16T23:59:59.999-05:00" time="0.001">
    </testcase>
    <testcase classname="&apos;pyp&apos; should be a function for [object Object] should be a function" name="&apos;pyp&apos; should be a function for [object Object] should be a function" time="0">
    </testcase>
    <testcase classname="Test for [object Object] info Should return an array for &apos;vehicleClasses&apos; of [object Object]" name="Test for [object Object] info Should return an array for &apos;vehicleClasses&apos; of [object Object]" time="0.001">
    </testcase>
    <testcase classname="Test for [object Object] info Should return scheme info of [object Object]" name="Test for [object Object] info Should return scheme info of [object Object]" time="0">
    </testcase>
    <testcase classname="Test for [object Object] info Should return decrees info for [object Object]" name="Test for [object Object] info Should return decrees info for [object Object]" time="0.001">
    </testcase>
    <testcase classname="Test for [object Object] info Should return hours info for [object Object]" name="Test for [object Object] info Should return hours info for [object Object]" time="0.002">
    </testcase>
  </testsuite>
  <testsuite name="Test cases for undefined" errors="0" failures="0" skipped="0" timestamp="2019-03-22T20:58:27" time="0.272" tests="9">
    <testcase classname="Test cases for undefined should return &apos;0-1&apos; for &apos;undefined&apos; @2018-11-19T00:00:00.000-05:00" name="Test cases for undefined should return &apos;0-1&apos; for &apos;undefined&apos; @2018-11-19T00:00:00.000-05:00" time="0.001">
    </testcase>
    <testcase classname="Test cases for undefined should return &apos;0-1&apos; for &apos;undefined&apos; @2018-11-19T23:59:59.999-05:00" name="Test cases for undefined should return &apos;0-1&apos; for &apos;undefined&apos; @2018-11-19T23:59:59.999-05:00" time="0.001">
    </testcase>
    <testcase classname="Test cases for undefined should return &apos;6-7&apos; for &apos;undefined&apos; @2018-11-22T00:00:00.000-05:00" name="Test cases for undefined should return &apos;6-7&apos; for &apos;undefined&apos; @2018-11-22T00:00:00.000-05:00" time="0">
    </testcase>
    <testcase classname="Test cases for undefined should return &apos;6-7&apos; for &apos;undefined&apos; @2018-11-22T23:59:59.999-05:00" name="Test cases for undefined should return &apos;6-7&apos; for &apos;undefined&apos; @2018-11-22T23:59:59.999-05:00" time="0">
    </testcase>
    <testcase classname="&apos;pyp&apos; should be a function for [object Object] should be a function" name="&apos;pyp&apos; should be a function for [object Object] should be a function" time="0.001">
    </testcase>
    <testcase classname="Test for [object Object] info Should return an array for &apos;vehicleClasses&apos; of [object Object]" name="Test for [object Object] info Should return an array for &apos;vehicleClasses&apos; of [object Object]" time="0">
    </testcase>
    <testcase classname="Test for [object Object] info Should return scheme info of [object Object]" name="Test for [object Object] info Should return scheme info of [object Object]" time="0.001">
    </testcase>
    <testcase classname="Test for [object Object] info Should return decrees info for [object Object]" name="Test for [object Object] info Should return decrees info for [object Object]" time="0.001">
    </testcase>
    <testcase classname="Test for [object Object] info Should return hours info for [object Object]" name="Test for [object Object] info Should return hours info for [object Object]" time="0.002">
    </testcase>
  </testsuite>
  <testsuite name="Test cases for undefined" errors="0" failures="0" skipped="0" timestamp="2019-03-22T20:58:27" time="0.301" tests="9">
    <testcase classname="Test cases for undefined should return &apos;6-7&apos; for &apos;undefined&apos; @2018-04-09T00:00:00.000-05:00" name="Test cases for undefined should return &apos;6-7&apos; for &apos;undefined&apos; @2018-04-09T00:00:00.000-05:00" time="0.001">
    </testcase>
    <testcase classname="Test cases for undefined should return &apos;6-7&apos; for &apos;undefined&apos; @2018-04-09T23:59:59.999-05:00" name="Test cases for undefined should return &apos;6-7&apos; for &apos;undefined&apos; @2018-04-09T23:59:59.999-05:00" time="0.001">
    </testcase>
    <testcase classname="Test cases for undefined should return &apos;0-1&apos; for &apos;undefined&apos; @2018-05-16T00:00:00.000-05:00" name="Test cases for undefined should return &apos;0-1&apos; for &apos;undefined&apos; @2018-05-16T00:00:00.000-05:00" time="0">
    </testcase>
    <testcase classname="Test cases for undefined should return &apos;0-1&apos; for &apos;undefined&apos; @2018-05-16T23:59:59.999-05:00" name="Test cases for undefined should return &apos;0-1&apos; for &apos;undefined&apos; @2018-05-16T23:59:59.999-05:00" time="0.001">
    </testcase>
    <testcase classname="&apos;pyp&apos; should be a function for [object Object] should be a function" name="&apos;pyp&apos; should be a function for [object Object] should be a function" time="0">
    </testcase>
    <testcase classname="Test for [object Object] info Should return an array for &apos;vehicleClasses&apos; of [object Object]" name="Test for [object Object] info Should return an array for &apos;vehicleClasses&apos; of [object Object]" time="0.001">
    </testcase>
    <testcase classname="Test for [object Object] info Should return scheme info of [object Object]" name="Test for [object Object] info Should return scheme info of [object Object]" time="0">
    </testcase>
    <testcase classname="Test for [object Object] info Should return decrees info for [object Object]" name="Test for [object Object] info Should return decrees info for [object Object]" time="0.002">
    </testcase>
    <testcase classname="Test for [object Object] info Should return hours info for [object Object]" name="Test for [object Object] info Should return hours info for [object Object]" time="0.001">
    </testcase>
  </testsuite>
  <testsuite name="Test cases for undefined" errors="0" failures="0" skipped="0" timestamp="2019-03-22T20:58:27" time="0.288" tests="9">
    <testcase classname="Test cases for undefined should return &apos;6-7&apos; for &apos;undefined&apos; @2018-04-09T00:00:00.000-05:00" name="Test cases for undefined should return &apos;6-7&apos; for &apos;undefined&apos; @2018-04-09T00:00:00.000-05:00" time="0.002">
    </testcase>
    <testcase classname="Test cases for undefined should return &apos;6-7&apos; for &apos;undefined&apos; @2018-04-09T23:59:59.999-05:00" name="Test cases for undefined should return &apos;6-7&apos; for &apos;undefined&apos; @2018-04-09T23:59:59.999-05:00" time="0">
    </testcase>
    <testcase classname="Test cases for undefined should return &apos;0-1&apos; for &apos;undefined&apos; @2018-05-16T00:00:00.000-05:00" name="Test cases for undefined should return &apos;0-1&apos; for &apos;undefined&apos; @2018-05-16T00:00:00.000-05:00" time="0.001">
    </testcase>
    <testcase classname="Test cases for undefined should return &apos;0-1&apos; for &apos;undefined&apos; @2018-05-16T23:59:59.999-05:00" name="Test cases for undefined should return &apos;0-1&apos; for &apos;undefined&apos; @2018-05-16T23:59:59.999-05:00" time="0">
    </testcase>
    <testcase classname="&apos;pyp&apos; should be a function for [object Object] should be a function" name="&apos;pyp&apos; should be a function for [object Object] should be a function" time="0.001">
    </testcase>
    <testcase classname="Test for [object Object] info Should return an array for &apos;vehicleClasses&apos; of [object Object]" name="Test for [object Object] info Should return an array for &apos;vehicleClasses&apos; of [object Object]" time="0">
    </testcase>
    <testcase classname="Test for [object Object] info Should return scheme info of [object Object]" name="Test for [object Object] info Should return scheme info of [object Object]" time="0.001">
    </testcase>
    <testcase classname="Test for [object Object] info Should return decrees info for [object Object]" name="Test for [object Object] info Should return decrees info for [object Object]" time="0">
    </testcase>
    <testcase classname="Test for [object Object] info Should return hours info for [object Object]" name="Test for [object Object] info Should return hours info for [object Object]" time="0.002">
    </testcase>
  </testsuite>
  <testsuite name="Test cases for undefined" errors="0" failures="0" skipped="0" timestamp="2019-03-22T20:58:27" time="0.285" tests="13">
    <testcase classname="Test cases for undefined should return &apos;3-4&apos; for &apos;undefined&apos; @2018-03-26T00:00:00.000-05:00" name="Test cases for undefined should return &apos;3-4&apos; for &apos;undefined&apos; @2018-03-26T00:00:00.000-05:00" time="0.002">
    </testcase>
    <testcase classname="Test cases for undefined should return &apos;3-4&apos; for &apos;undefined&apos; @2018-03-26T23:59:59.999-05:00" name="Test cases for undefined should return &apos;3-4&apos; for &apos;undefined&apos; @2018-03-26T23:59:59.999-05:00" time="0">
    </testcase>
    <testcase classname="Test cases for undefined should return &apos;5-6&apos; for &apos;undefined&apos; @2018-04-02T00:00:00.000-05:00" name="Test cases for undefined should return &apos;5-6&apos; for &apos;undefined&apos; @2018-04-02T00:00:00.000-05:00" time="0.001">
    </testcase>
    <testcase classname="Test cases for undefined should return &apos;5-6&apos; for &apos;undefined&apos; @2018-04-02T23:59:59.999-05:00" name="Test cases for undefined should return &apos;5-6&apos; for &apos;undefined&apos; @2018-04-02T23:59:59.999-05:00" time="0">
    </testcase>
    <testcase classname="Test cases for undefined should return &apos;7-8&apos; for &apos;undefined&apos; @2018-04-09T00:00:00.000-05:00" name="Test cases for undefined should return &apos;7-8&apos; for &apos;undefined&apos; @2018-04-09T00:00:00.000-05:00" time="0.001">
    </testcase>
    <testcase classname="Test cases for undefined should return &apos;7-8&apos; for &apos;undefined&apos; @2018-04-09T23:59:59.999-05:00" name="Test cases for undefined should return &apos;7-8&apos; for &apos;undefined&apos; @2018-04-09T23:59:59.999-05:00" time="0">
    </testcase>
    <testcase classname="Test cases for undefined should return &apos;1-2&apos; for &apos;undefined&apos; @2018-05-16T00:00:00.000-05:00" name="Test cases for undefined should return &apos;1-2&apos; for &apos;undefined&apos; @2018-05-16T00:00:00.000-05:00" time="0.001">
    </testcase>
    <testcase classname="Test cases for undefined should return &apos;1-2&apos; for &apos;undefined&apos; @2018-05-16T23:59:59.999-05:00" name="Test cases for undefined should return &apos;1-2&apos; for &apos;undefined&apos; @2018-05-16T23:59:59.999-05:00" time="0">
    </testcase>
    <testcase classname="&apos;pyp&apos; should be a function for [object Object] should be a function" name="&apos;pyp&apos; should be a function for [object Object] should be a function" time="0">
    </testcase>
    <testcase classname="Test for [object Object] info Should return an array for &apos;vehicleClasses&apos; of [object Object]" name="Test for [object Object] info Should return an array for &apos;vehicleClasses&apos; of [object Object]" time="0">
    </testcase>
    <testcase classname="Test for [object Object] info Should return scheme info of [object Object]" name="Test for [object Object] info Should return scheme info of [object Object]" time="0">
    </testcase>
    <testcase classname="Test for [object Object] info Should return decrees info for [object Object]" name="Test for [object Object] info Should return decrees info for [object Object]" time="0.002">
    </testcase>
    <testcase classname="Test for [object Object] info Should return hours info for [object Object]" name="Test for [object Object] info Should return hours info for [object Object]" time="0.001">
    </testcase>
  </testsuite>
  <testsuite name="Test cases for undefined" errors="0" failures="0" skipped="0" timestamp="2019-03-22T20:58:27" time="0.266" tests="7">
    <testcase classname="Test cases for undefined should return &apos;5-6&apos; for &apos;undefined&apos; @2019-01-15T00:00:00.000-05:00" name="Test cases for undefined should return &apos;5-6&apos; for &apos;undefined&apos; @2019-01-15T00:00:00.000-05:00" time="0.001">
    </testcase>
    <testcase classname="Test cases for undefined should return &apos;5-6&apos; for &apos;undefined&apos; @2019-01-15T23:59:59.999-05:00" name="Test cases for undefined should return &apos;5-6&apos; for &apos;undefined&apos; @2019-01-15T23:59:59.999-05:00" time="0">
    </testcase>
    <testcase classname="&apos;pyp&apos; should be a function for [object Object] should be a function" name="&apos;pyp&apos; should be a function for [object Object] should be a function" time="0.001">
    </testcase>
    <testcase classname="Test for [object Object] info Should return an array for &apos;vehicleClasses&apos; of [object Object]" name="Test for [object Object] info Should return an array for &apos;vehicleClasses&apos; of [object Object]" time="0">
    </testcase>
    <testcase classname="Test for [object Object] info Should return scheme info of [object Object]" name="Test for [object Object] info Should return scheme info of [object Object]" time="0.001">
    </testcase>
    <testcase classname="Test for [object Object] info Should return decrees info for [object Object]" name="Test for [object Object] info Should return decrees info for [object Object]" time="0.001">
    </testcase>
    <testcase classname="Test for [object Object] info Should return hours info for [object Object]" name="Test for [object Object] info Should return hours info for [object Object]" time="0.002">
    </testcase>
  </testsuite>
  <testsuite name="Test cases for undefined" errors="0" failures="0" skipped="0" timestamp="2019-03-22T20:58:27" time="0.252" tests="7">
    <testcase classname="Test cases for undefined should return &apos;NA&apos; for &apos;undefined&apos; @2018-04-09T00:00:00.000-05:00" name="Test cases for undefined should return &apos;NA&apos; for &apos;undefined&apos; @2018-04-09T00:00:00.000-05:00" time="0.001">
    </testcase>
    <testcase classname="Test cases for undefined should return &apos;NA&apos; for &apos;undefined&apos; @2018-04-09T23:59:59.999-05:00" name="Test cases for undefined should return &apos;NA&apos; for &apos;undefined&apos; @2018-04-09T23:59:59.999-05:00" time="0.001">
    </testcase>
    <testcase classname="&apos;pyp&apos; should be a function for [object Object] should be a function" name="&apos;pyp&apos; should be a function for [object Object] should be a function" time="0">
    </testcase>
    <testcase classname="Test for [object Object] info Should return an array for &apos;vehicleClasses&apos; of [object Object]" name="Test for [object Object] info Should return an array for &apos;vehicleClasses&apos; of [object Object]" time="0.001">
    </testcase>
    <testcase classname="Test for [object Object] info Should return scheme info of [object Object]" name="Test for [object Object] info Should return scheme info of [object Object]" time="0">
    </testcase>
    <testcase classname="Test for [object Object] info Should return decrees info for [object Object]" name="Test for [object Object] info Should return decrees info for [object Object]" time="0.002">
    </testcase>
    <testcase classname="Test for [object Object] info Should return hours info for [object Object]" name="Test for [object Object] info Should return hours info for [object Object]" time="0.001">
    </testcase>
  </testsuite>
  <testsuite name="Test cases for undefined" errors="0" failures="0" skipped="0" timestamp="2019-03-22T20:58:27" time="0.224" tests="7">
    <testcase classname="Test cases for undefined should return &apos;0-1-2-3-4-5-6-7-8-9&apos; for &apos;undefined&apos; @2018-01-01T00:00:00.000-05:00" name="Test cases for undefined should return &apos;0-1-2-3-4-5-6-7-8-9&apos; for &apos;undefined&apos; @2018-01-01T00:00:00.000-05:00" time="0.001">
    </testcase>
    <testcase classname="Test cases for undefined should return &apos;0-1-2-3-4-5-6-7-8-9&apos; for &apos;undefined&apos; @2018-01-01T23:59:59.999-05:00" name="Test cases for undefined should return &apos;0-1-2-3-4-5-6-7-8-9&apos; for &apos;undefined&apos; @2018-01-01T23:59:59.999-05:00" time="0.001">
    </testcase>
    <testcase classname="&apos;pyp&apos; should be a function for [object Object] should be a function" name="&apos;pyp&apos; should be a function for [object Object] should be a function" time="0">
    </testcase>
    <testcase classname="Test for [object Object] info Should return an array for &apos;vehicleClasses&apos; of [object Object]" name="Test for [object Object] info Should return an array for &apos;vehicleClasses&apos; of [object Object]" time="0">
    </testcase>
    <testcase classname="Test for [object Object] info Should return scheme info of [object Object]" name="Test for [object Object] info Should return scheme info of [object Object]" time="0.001">
    </testcase>
    <testcase classname="Test for [object Object] info Should return decrees info for [object Object]" name="Test for [object Object] info Should return decrees info for [object Object]" time="0.002">
    </testcase>
    <testcase classname="Test for [object Object] info Should return hours info for [object Object]" name="Test for [object Object] info Should return hours info for [object Object]" time="0">
    </testcase>
  </testsuite>
  <testsuite name="Test cases for undefined" errors="0" failures="0" skipped="0" timestamp="2019-03-22T20:58:27" time="0.229" tests="7">
    <testcase classname="Test cases for undefined should return &apos;0-1-2-3-4-5-6-7-8-9&apos; for &apos;undefined&apos; @2018-04-07T00:00:00.000-05:00" name="Test cases for undefined should return &apos;0-1-2-3-4-5-6-7-8-9&apos; for &apos;undefined&apos; @2018-04-07T00:00:00.000-05:00" time="0.001">
    </testcase>
    <testcase classname="Test cases for undefined should return &apos;0-1-2-3-4-5-6-7-8-9&apos; for &apos;undefined&apos; @2018-04-07T23:59:59.999-05:00" name="Test cases for undefined should return &apos;0-1-2-3-4-5-6-7-8-9&apos; for &apos;undefined&apos; @2018-04-07T23:59:59.999-05:00" time="0">
    </testcase>
    <testcase classname="&apos;pyp&apos; should be a function for [object Object] should be a function" name="&apos;pyp&apos; should be a function for [object Object] should be a function" time="0.001">
    </testcase>
    <testcase classname="Test for [object Object] info Should return an array for &apos;vehicleClasses&apos; of [object Object]" name="Test for [object Object] info Should return an array for &apos;vehicleClasses&apos; of [object Object]" time="0">
    </testcase>
    <testcase classname="Test for [object Object] info Should return scheme info of [object Object]" name="Test for [object Object] info Should return scheme info of [object Object]" time="0">
    </testcase>
    <testcase classname="Test for [object Object] info Should return decrees info for [object Object]" name="Test for [object Object] info Should return decrees info for [object Object]" time="0.008">
    </testcase>
    <testcase classname="Test for [object Object] info Should return hours info for [object Object]" name="Test for [object Object] info Should return hours info for [object Object]" time="0.001">
    </testcase>
  </testsuite>
  <testsuite name="Test cases for undefined" errors="0" failures="0" skipped="0" timestamp="2019-03-22T20:58:27" time="0.21" tests="11">
    <testcase classname="Test cases for undefined should return &apos;NA&apos; for &apos;undefined&apos; @2019-03-07T00:00:00.000-05:00" name="Test cases for undefined should return &apos;NA&apos; for &apos;undefined&apos; @2019-03-07T00:00:00.000-05:00" time="0">
    </testcase>
    <testcase classname="Test cases for undefined should return &apos;NA&apos; for &apos;undefined&apos; @2019-03-07T23:59:59.999-05:00" name="Test cases for undefined should return &apos;NA&apos; for &apos;undefined&apos; @2019-03-07T23:59:59.999-05:00" time="0.001">
    </testcase>
    <testcase classname="Test cases for undefined should return &apos;NA&apos; for &apos;undefined&apos; @2019-03-08T00:00:00.000-05:00" name="Test cases for undefined should return &apos;NA&apos; for &apos;undefined&apos; @2019-03-08T00:00:00.000-05:00" time="0">
    </testcase>
    <testcase classname="Test cases for undefined should return &apos;NA&apos; for &apos;undefined&apos; @2019-03-08T23:59:59.999-05:00" name="Test cases for undefined should return &apos;NA&apos; for &apos;undefined&apos; @2019-03-08T23:59:59.999-05:00" time="0">
    </testcase>
    <testcase classname="Test cases for undefined should return &apos;NA&apos; for &apos;undefined&apos; @2019-03-11T00:00:00.000-05:00" name="Test cases for undefined should return &apos;NA&apos; for &apos;undefined&apos; @2019-03-11T00:00:00.000-05:00" time="0.001">
    </testcase>
    <testcase classname="Test cases for undefined should return &apos;NA&apos; for &apos;undefined&apos; @2019-03-11T23:59:59.999-05:00" name="Test cases for undefined should return &apos;NA&apos; for &apos;undefined&apos; @2019-03-11T23:59:59.999-05:00" time="0">
    </testcase>
    <testcase classname="&apos;pyp&apos; should be a function for [object Object] should be a function" name="&apos;pyp&apos; should be a function for [object Object] should be a function" time="0">
    </testcase>
    <testcase classname="Test for [object Object] info Should return an array for &apos;vehicleClasses&apos; of [object Object]" name="Test for [object Object] info Should return an array for &apos;vehicleClasses&apos; of [object Object]" time="0">
    </testcase>
    <testcase classname="Test for [object Object] info Should return scheme info of [object Object]" name="Test for [object Object] info Should return scheme info of [object Object]" time="0">
    </testcase>
    <testcase classname="Test for [object Object] info Should return decrees info for [object Object]" name="Test for [object Object] info Should return decrees info for [object Object]" time="0">
    </testcase>
    <testcase classname="Test for [object Object] info Should return hours info for [object Object]" name="Test for [object Object] info Should return hours info for [object Object]" time="0.007">
    </testcase>
  </testsuite>
  <testsuite name="Test cases for undefined" errors="0" failures="0" skipped="0" timestamp="2019-03-22T20:58:27" time="0.201" tests="7">
    <testcase classname="Test cases for undefined should return &apos;NA&apos; for &apos;undefined&apos; @2018-04-09T00:00:00.000-05:00" name="Test cases for undefined should return &apos;NA&apos; for &apos;undefined&apos; @2018-04-09T00:00:00.000-05:00" time="0">
    </testcase>
    <testcase classname="Test cases for undefined should return &apos;NA&apos; for &apos;undefined&apos; @2018-04-09T23:59:59.999-05:00" name="Test cases for undefined should return &apos;NA&apos; for &apos;undefined&apos; @2018-04-09T23:59:59.999-05:00" time="0.001">
    </testcase>
    <testcase classname="&apos;pyp&apos; should be a function for [object Object] should be a function" name="&apos;pyp&apos; should be a function for [object Object] should be a function" time="0">
    </testcase>
    <testcase classname="Test for [object Object] info Should return an array for &apos;vehicleClasses&apos; of [object Object]" name="Test for [object Object] info Should return an array for &apos;vehicleClasses&apos; of [object Object]" time="0">
    </testcase>
    <testcase classname="Test for [object Object] info Should return scheme info of [object Object]" name="Test for [object Object] info Should return scheme info of [object Object]" time="0.001">
    </testcase>
    <testcase classname="Test for [object Object] info Should return decrees info for [object Object]" name="Test for [object Object] info Should return decrees info for [object Object]" time="0">
    </testcase>
    <testcase classname="Test for [object Object] info Should return hours info for [object Object]" name="Test for [object Object] info Should return hours info for [object Object]" time="0.001">
    </testcase>
  </testsuite>
  <testsuite name="Test cases for undefined" errors="0" failures="0" skipped="0" timestamp="2019-03-22T20:58:27" time="0.177" tests="7">
    <testcase classname="Test cases for undefined should return &apos;NA&apos; for &apos;undefined&apos; @2018-02-02T00:00:00.000-05:00" name="Test cases for undefined should return &apos;NA&apos; for &apos;undefined&apos; @2018-02-02T00:00:00.000-05:00" time="0.001">
    </testcase>
    <testcase classname="Test cases for undefined should return &apos;NA&apos; for &apos;undefined&apos; @2018-02-02T23:59:59.999-05:00" name="Test cases for undefined should return &apos;NA&apos; for &apos;undefined&apos; @2018-02-02T23:59:59.999-05:00" time="0">
    </testcase>
    <testcase classname="&apos;pyp&apos; should be a function for [object Object] should be a function" name="&apos;pyp&apos; should be a function for [object Object] should be a function" time="0.001">
    </testcase>
    <testcase classname="Test for [object Object] info Should return an array for &apos;vehicleClasses&apos; of [object Object]" name="Test for [object Object] info Should return an array for &apos;vehicleClasses&apos; of [object Object]" time="0">
    </testcase>
    <testcase classname="Test for [object Object] info Should return scheme info of [object Object]" name="Test for [object Object] info Should return scheme info of [object Object]" time="0">
    </testcase>
    <testcase classname="Test for [object Object] info Should return decrees info for [object Object]" name="Test for [object Object] info Should return decrees info for [object Object]" time="0.001">
    </testcase>
    <testcase classname="Test for [object Object] info Should return hours info for [object Object]" name="Test for [object Object] info Should return hours info for [object Object]" time="0.001">
    </testcase>
  </testsuite>
  <testsuite name="Test API endpoints" errors="0" failures="0" skipped="0" timestamp="2019-03-22T20:58:23" time="4.173" tests="269">
    <testcase classname="Test API endpoints should GET /" name="Test API endpoints should GET /" time="0.014">
    </testcase>
    <testcase classname="Test API endpoints should return 404 for GET /nonExistingCity" name="Test API endpoints should return 404 for GET /nonExistingCity" time="0.001">
    </testcase>
    <testcase classname="Test API endpoints should GET /armenia" name="Test API endpoints should GET /armenia" time="0.005">
    </testcase>
    <testcase classname="Test API endpoints should return 404 for GET /armenia/nonExistingCategory" name="Test API endpoints should return 404 for GET /armenia/nonExistingCategory" time="0">
    </testcase>
    <testcase classname="Test API endpoints should GET /armenia/motos" name="Test API endpoints should GET /armenia/motos" time="0.002">
    </testcase>
    <testcase classname="Test API endpoints should GET /armenia/motos?date=2018-10-22" name="Test API endpoints should GET /armenia/motos?date=2018-10-22" time="0.003">
    </testcase>
    <testcase classname="Test API endpoints should GET /armenia/motos?date=2018-10-22&amp;days=5" name="Test API endpoints should GET /armenia/motos?date=2018-10-22&amp;days=5" time="0.001">
    </testcase>
    <testcase classname="Test API endpoints should return 404 for GET /armenia/nonExistingCategory" name="Test API endpoints should return 404 for GET /armenia/nonExistingCategory" time="0">
    </testcase>
    <testcase classname="Test API endpoints should GET /armenia/particulares" name="Test API endpoints should GET /armenia/particulares" time="0.001">
    </testcase>
    <testcase classname="Test API endpoints should GET /armenia/particulares?date=2018-10-22" name="Test API endpoints should GET /armenia/particulares?date=2018-10-22" time="0.001">
    </testcase>
    <testcase classname="Test API endpoints should GET /armenia/particulares?date=2018-10-22&amp;days=5" name="Test API endpoints should GET /armenia/particulares?date=2018-10-22&amp;days=5" time="0.001">
    </testcase>
    <testcase classname="Test API endpoints should return 404 for GET /armenia/nonExistingCategory" name="Test API endpoints should return 404 for GET /armenia/nonExistingCategory" time="0.001">
    </testcase>
    <testcase classname="Test API endpoints should GET /armenia/taxis" name="Test API endpoints should GET /armenia/taxis" time="0">
    </testcase>
    <testcase classname="Test API endpoints should GET /armenia/taxis?date=2018-10-22" name="Test API endpoints should GET /armenia/taxis?date=2018-10-22" time="0">
    </testcase>
    <testcase classname="Test API endpoints should GET /armenia/taxis?date=2018-10-22&amp;days=5" name="Test API endpoints should GET /armenia/taxis?date=2018-10-22&amp;days=5" time="0.001">
    </testcase>
    <testcase classname="Test API endpoints should GET /barranquilla" name="Test API endpoints should GET /barranquilla" time="0.001">
    </testcase>
    <testcase classname="Test API endpoints should return 404 for GET /barranquilla/nonExistingCategory" name="Test API endpoints should return 404 for GET /barranquilla/nonExistingCategory" time="0.001">
    </testcase>
    <testcase classname="Test API endpoints should GET /barranquilla/taxis" name="Test API endpoints should GET /barranquilla/taxis" time="0">
    </testcase>
    <testcase classname="Test API endpoints should GET /barranquilla/taxis?date=2018-10-22" name="Test API endpoints should GET /barranquilla/taxis?date=2018-10-22" time="0.001">
    </testcase>
    <testcase classname="Test API endpoints should GET /barranquilla/taxis?date=2018-10-22&amp;days=5" name="Test API endpoints should GET /barranquilla/taxis?date=2018-10-22&amp;days=5" time="0.001">
    </testcase>
    <testcase classname="Test API endpoints should GET /bogota" name="Test API endpoints should GET /bogota" time="0.003">
    </testcase>
    <testcase classname="Test API endpoints should return 404 for GET /bogota/nonExistingCategory" name="Test API endpoints should return 404 for GET /bogota/nonExistingCategory" time="0">
    </testcase>
    <testcase classname="Test API endpoints should GET /bogota/transporte-de-carga" name="Test API endpoints should GET /bogota/transporte-de-carga" time="0.001">
    </testcase>
    <testcase classname="Test API endpoints should GET /bogota/transporte-de-carga?date=2018-10-22" name="Test API endpoints should GET /bogota/transporte-de-carga?date=2018-10-22" time="0.001">
    </testcase>
    <testcase classname="Test API endpoints should GET /bogota/transporte-de-carga?date=2018-10-22&amp;days=5" name="Test API endpoints should GET /bogota/transporte-de-carga?date=2018-10-22&amp;days=5" time="0">
    </testcase>
    <testcase classname="Test API endpoints should return 404 for GET /bogota/nonExistingCategory" name="Test API endpoints should return 404 for GET /bogota/nonExistingCategory" time="0.001">
    </testcase>
    <testcase classname="Test API endpoints should GET /bogota/servicio-de-transporte-especial" name="Test API endpoints should GET /bogota/servicio-de-transporte-especial" time="0">
    </testcase>
    <testcase classname="Test API endpoints should GET /bogota/servicio-de-transporte-especial?date=2018-10-22" name="Test API endpoints should GET /bogota/servicio-de-transporte-especial?date=2018-10-22" time="0.001">
    </testcase>
    <testcase classname="Test API endpoints should GET /bogota/servicio-de-transporte-especial?date=2018-10-22&amp;days=5" name="Test API endpoints should GET /bogota/servicio-de-transporte-especial?date=2018-10-22&amp;days=5" time="0.001">
    </testcase>
    <testcase classname="Test API endpoints should return 404 for GET /bogota/nonExistingCategory" name="Test API endpoints should return 404 for GET /bogota/nonExistingCategory" time="0">
    </testcase>
    <testcase classname="Test API endpoints should GET /bogota/motos" name="Test API endpoints should GET /bogota/motos" time="0.001">
    </testcase>
    <testcase classname="Test API endpoints should GET /bogota/motos?date=2018-10-22" name="Test API endpoints should GET /bogota/motos?date=2018-10-22" time="0.001">
    </testcase>
    <testcase classname="Test API endpoints should GET /bogota/motos?date=2018-10-22&amp;days=5" name="Test API endpoints should GET /bogota/motos?date=2018-10-22&amp;days=5" time="0.001">
    </testcase>
    <testcase classname="Test API endpoints should return 404 for GET /bogota/nonExistingCategory" name="Test API endpoints should return 404 for GET /bogota/nonExistingCategory" time="0">
    </testcase>
    <testcase classname="Test API endpoints should GET /bogota/particulares" name="Test API endpoints should GET /bogota/particulares" time="0.001">
    </testcase>
    <testcase classname="Test API endpoints should GET /bogota/particulares?date=2018-10-22" name="Test API endpoints should GET /bogota/particulares?date=2018-10-22" time="0.001">
    </testcase>
    <testcase classname="Test API endpoints should GET /bogota/particulares?date=2018-10-22&amp;days=5" name="Test API endpoints should GET /bogota/particulares?date=2018-10-22&amp;days=5" time="0.001">
    </testcase>
    <testcase classname="Test API endpoints should return 404 for GET /bogota/nonExistingCategory" name="Test API endpoints should return 404 for GET /bogota/nonExistingCategory" time="0">
    </testcase>
    <testcase classname="Test API endpoints should GET /bogota/taxis" name="Test API endpoints should GET /bogota/taxis" time="0.001">
    </testcase>
    <testcase classname="Test API endpoints should GET /bogota/taxis?date=2018-10-22" name="Test API endpoints should GET /bogota/taxis?date=2018-10-22" time="0.001">
    </testcase>
    <testcase classname="Test API endpoints should GET /bogota/taxis?date=2018-10-22&amp;days=5" name="Test API endpoints should GET /bogota/taxis?date=2018-10-22&amp;days=5" time="0.001">
    </testcase>
    <testcase classname="Test API endpoints should return 404 for GET /bogota/nonExistingCategory" name="Test API endpoints should return 404 for GET /bogota/nonExistingCategory" time="0">
    </testcase>
    <testcase classname="Test API endpoints should GET /bogota/transporte-publico-colectivo" name="Test API endpoints should GET /bogota/transporte-publico-colectivo" time="0.002">
    </testcase>
    <testcase classname="Test API endpoints should GET /bogota/transporte-publico-colectivo?date=2018-10-22" name="Test API endpoints should GET /bogota/transporte-publico-colectivo?date=2018-10-22" time="0.001">
    </testcase>
    <testcase classname="Test API endpoints should GET /bogota/transporte-publico-colectivo?date=2018-10-22&amp;days=5" name="Test API endpoints should GET /bogota/transporte-publico-colectivo?date=2018-10-22&amp;days=5" time="0.001">
    </testcase>
    <testcase classname="Test API endpoints should GET /bucaramanga" name="Test API endpoints should GET /bucaramanga" time="0.001">
    </testcase>
    <testcase classname="Test API endpoints should return 404 for GET /bucaramanga/nonExistingCategory" name="Test API endpoints should return 404 for GET /bucaramanga/nonExistingCategory" time="0">
    </testcase>
    <testcase classname="Test API endpoints should GET /bucaramanga/motos" name="Test API endpoints should GET /bucaramanga/motos" time="0.001">
    </testcase>
    <testcase classname="Test API endpoints should GET /bucaramanga/motos?date=2018-10-22" name="Test API endpoints should GET /bucaramanga/motos?date=2018-10-22" time="0.001">
    </testcase>
    <testcase classname="Test API endpoints should GET /bucaramanga/motos?date=2018-10-22&amp;days=5" name="Test API endpoints should GET /bucaramanga/motos?date=2018-10-22&amp;days=5" time="0.001">
    </testcase>
    <testcase classname="Test API endpoints should return 404 for GET /bucaramanga/nonExistingCategory" name="Test API endpoints should return 404 for GET /bucaramanga/nonExistingCategory" time="0">
    </testcase>
    <testcase classname="Test API endpoints should GET /bucaramanga/particulares" name="Test API endpoints should GET /bucaramanga/particulares" time="0">
    </testcase>
    <testcase classname="Test API endpoints should GET /bucaramanga/particulares?date=2018-10-22" name="Test API endpoints should GET /bucaramanga/particulares?date=2018-10-22" time="0">
    </testcase>
    <testcase classname="Test API endpoints should GET /bucaramanga/particulares?date=2018-10-22&amp;days=5" name="Test API endpoints should GET /bucaramanga/particulares?date=2018-10-22&amp;days=5" time="0.001">
    </testcase>
    <testcase classname="Test API endpoints should return 404 for GET /bucaramanga/nonExistingCategory" name="Test API endpoints should return 404 for GET /bucaramanga/nonExistingCategory" time="0">
    </testcase>
    <testcase classname="Test API endpoints should GET /bucaramanga/taxis" name="Test API endpoints should GET /bucaramanga/taxis" time="0.001">
    </testcase>
    <testcase classname="Test API endpoints should GET /bucaramanga/taxis?date=2018-10-22" name="Test API endpoints should GET /bucaramanga/taxis?date=2018-10-22" time="0.001">
    </testcase>
    <testcase classname="Test API endpoints should GET /bucaramanga/taxis?date=2018-10-22&amp;days=5" name="Test API endpoints should GET /bucaramanga/taxis?date=2018-10-22&amp;days=5" time="0.001">
    </testcase>
    <testcase classname="Test API endpoints should GET /buenaventura" name="Test API endpoints should GET /buenaventura" time="0.001">
    </testcase>
    <testcase classname="Test API endpoints should return 404 for GET /buenaventura/nonExistingCategory" name="Test API endpoints should return 404 for GET /buenaventura/nonExistingCategory" time="0">
    </testcase>
    <testcase classname="Test API endpoints should GET /buenaventura/particulares" name="Test API endpoints should GET /buenaventura/particulares" time="0">
    </testcase>
    <testcase classname="Test API endpoints should GET /buenaventura/particulares?date=2018-10-22" name="Test API endpoints should GET /buenaventura/particulares?date=2018-10-22" time="0.001">
    </testcase>
    <testcase classname="Test API endpoints should GET /buenaventura/particulares?date=2018-10-22&amp;days=5" name="Test API endpoints should GET /buenaventura/particulares?date=2018-10-22&amp;days=5" time="0.001">
    </testcase>
    <testcase classname="Test API endpoints should return 404 for GET /buenaventura/nonExistingCategory" name="Test API endpoints should return 404 for GET /buenaventura/nonExistingCategory" time="0">
    </testcase>
    <testcase classname="Test API endpoints should GET /buenaventura/taxis" name="Test API endpoints should GET /buenaventura/taxis" time="0.002">
    </testcase>
    <testcase classname="Test API endpoints should GET /buenaventura/taxis?date=2018-10-22" name="Test API endpoints should GET /buenaventura/taxis?date=2018-10-22" time="0">
    </testcase>
    <testcase classname="Test API endpoints should GET /buenaventura/taxis?date=2018-10-22&amp;days=5" name="Test API endpoints should GET /buenaventura/taxis?date=2018-10-22&amp;days=5" time="0.001">
    </testcase>
    <testcase classname="Test API endpoints should return 404 for GET /buenaventura/nonExistingCategory" name="Test API endpoints should return 404 for GET /buenaventura/nonExistingCategory" time="0">
    </testcase>
    <testcase classname="Test API endpoints should GET /buenaventura/transporte-publico-colectivo" name="Test API endpoints should GET /buenaventura/transporte-publico-colectivo" time="0.001">
    </testcase>
    <testcase classname="Test API endpoints should GET /buenaventura/transporte-publico-colectivo?date=2018-10-22" name="Test API endpoints should GET /buenaventura/transporte-publico-colectivo?date=2018-10-22" time="0.001">
    </testcase>
    <testcase classname="Test API endpoints should GET /buenaventura/transporte-publico-colectivo?date=2018-10-22&amp;days=5" name="Test API endpoints should GET /buenaventura/transporte-publico-colectivo?date=2018-10-22&amp;days=5" time="0.001">
    </testcase>
    <testcase classname="Test API endpoints should GET /cali" name="Test API endpoints should GET /cali" time="0.001">
    </testcase>
    <testcase classname="Test API endpoints should return 404 for GET /cali/nonExistingCategory" name="Test API endpoints should return 404 for GET /cali/nonExistingCategory" time="0">
    </testcase>
    <testcase classname="Test API endpoints should GET /cali/particulares" name="Test API endpoints should GET /cali/particulares" time="0.001">
    </testcase>
    <testcase classname="Test API endpoints should GET /cali/particulares?date=2018-10-22" name="Test API endpoints should GET /cali/particulares?date=2018-10-22" time="0">
    </testcase>
    <testcase classname="Test API endpoints should GET /cali/particulares?date=2018-10-22&amp;days=5" name="Test API endpoints should GET /cali/particulares?date=2018-10-22&amp;days=5" time="0.001">
    </testcase>
    <testcase classname="Test API endpoints should return 404 for GET /cali/nonExistingCategory" name="Test API endpoints should return 404 for GET /cali/nonExistingCategory" time="0">
    </testcase>
    <testcase classname="Test API endpoints should GET /cali/taxis" name="Test API endpoints should GET /cali/taxis" time="0.001">
    </testcase>
    <testcase classname="Test API endpoints should GET /cali/taxis?date=2018-10-22" name="Test API endpoints should GET /cali/taxis?date=2018-10-22" time="0.001">
    </testcase>
    <testcase classname="Test API endpoints should GET /cali/taxis?date=2018-10-22&amp;days=5" name="Test API endpoints should GET /cali/taxis?date=2018-10-22&amp;days=5" time="0">
    </testcase>
    <testcase classname="Test API endpoints should return 404 for GET /cali/nonExistingCategory" name="Test API endpoints should return 404 for GET /cali/nonExistingCategory" time="0">
    </testcase>
    <testcase classname="Test API endpoints should GET /cali/transporte-publico-colectivo" name="Test API endpoints should GET /cali/transporte-publico-colectivo" time="0.001">
    </testcase>
    <testcase classname="Test API endpoints should GET /cali/transporte-publico-colectivo?date=2018-10-22" name="Test API endpoints should GET /cali/transporte-publico-colectivo?date=2018-10-22" time="0.001">
    </testcase>
    <testcase classname="Test API endpoints should GET /cali/transporte-publico-colectivo?date=2018-10-22&amp;days=5" name="Test API endpoints should GET /cali/transporte-publico-colectivo?date=2018-10-22&amp;days=5" time="0">
    </testcase>
    <testcase classname="Test API endpoints should GET /cartagena" name="Test API endpoints should GET /cartagena" time="0.001">
    </testcase>
    <testcase classname="Test API endpoints should return 404 for GET /cartagena/nonExistingCategory" name="Test API endpoints should return 404 for GET /cartagena/nonExistingCategory" time="0.001">
    </testcase>
    <testcase classname="Test API endpoints should GET /cartagena/motos" name="Test API endpoints should GET /cartagena/motos" time="0.001">
    </testcase>
    <testcase classname="Test API endpoints should GET /cartagena/motos?date=2018-10-22" name="Test API endpoints should GET /cartagena/motos?date=2018-10-22" time="0.001">
    </testcase>
    <testcase classname="Test API endpoints should GET /cartagena/motos?date=2018-10-22&amp;days=5" name="Test API endpoints should GET /cartagena/motos?date=2018-10-22&amp;days=5" time="0.001">
    </testcase>
    <testcase classname="Test API endpoints should return 404 for GET /cartagena/nonExistingCategory" name="Test API endpoints should return 404 for GET /cartagena/nonExistingCategory" time="0">
    </testcase>
    <testcase classname="Test API endpoints should GET /cartagena/particulares" name="Test API endpoints should GET /cartagena/particulares" time="0.001">
    </testcase>
    <testcase classname="Test API endpoints should GET /cartagena/particulares?date=2018-10-22" name="Test API endpoints should GET /cartagena/particulares?date=2018-10-22" time="0">
    </testcase>
    <testcase classname="Test API endpoints should GET /cartagena/particulares?date=2018-10-22&amp;days=5" name="Test API endpoints should GET /cartagena/particulares?date=2018-10-22&amp;days=5" time="0.001">
    </testcase>
    <testcase classname="Test API endpoints should return 404 for GET /cartagena/nonExistingCategory" name="Test API endpoints should return 404 for GET /cartagena/nonExistingCategory" time="0">
    </testcase>
    <testcase classname="Test API endpoints should GET /cartagena/taxis" name="Test API endpoints should GET /cartagena/taxis" time="0.001">
    </testcase>
    <testcase classname="Test API endpoints should GET /cartagena/taxis?date=2018-10-22" name="Test API endpoints should GET /cartagena/taxis?date=2018-10-22" time="0.001">
    </testcase>
    <testcase classname="Test API endpoints should GET /cartagena/taxis?date=2018-10-22&amp;days=5" name="Test API endpoints should GET /cartagena/taxis?date=2018-10-22&amp;days=5" time="0.001">
    </testcase>
    <testcase classname="Test API endpoints should GET /cucuta" name="Test API endpoints should GET /cucuta" time="0.001">
    </testcase>
    <testcase classname="Test API endpoints should return 404 for GET /cucuta/nonExistingCategory" name="Test API endpoints should return 404 for GET /cucuta/nonExistingCategory" time="0">
    </testcase>
    <testcase classname="Test API endpoints should GET /cucuta/motos" name="Test API endpoints should GET /cucuta/motos" time="0.001">
    </testcase>
    <testcase classname="Test API endpoints should GET /cucuta/motos?date=2018-10-22" name="Test API endpoints should GET /cucuta/motos?date=2018-10-22" time="0.001">
    </testcase>
    <testcase classname="Test API endpoints should GET /cucuta/motos?date=2018-10-22&amp;days=5" name="Test API endpoints should GET /cucuta/motos?date=2018-10-22&amp;days=5" time="0.001">
    </testcase>
    <testcase classname="Test API endpoints should return 404 for GET /cucuta/nonExistingCategory" name="Test API endpoints should return 404 for GET /cucuta/nonExistingCategory" time="0">
    </testcase>
    <testcase classname="Test API endpoints should GET /cucuta/particulares" name="Test API endpoints should GET /cucuta/particulares" time="0.002">
    </testcase>
    <testcase classname="Test API endpoints should GET /cucuta/particulares?date=2018-10-22" name="Test API endpoints should GET /cucuta/particulares?date=2018-10-22" time="0">
    </testcase>
    <testcase classname="Test API endpoints should GET /cucuta/particulares?date=2018-10-22&amp;days=5" name="Test API endpoints should GET /cucuta/particulares?date=2018-10-22&amp;days=5" time="0.001">
    </testcase>
    <testcase classname="Test API endpoints should return 404 for GET /cucuta/nonExistingCategory" name="Test API endpoints should return 404 for GET /cucuta/nonExistingCategory" time="0">
    </testcase>
    <testcase classname="Test API endpoints should GET /cucuta/taxis" name="Test API endpoints should GET /cucuta/taxis" time="0.001">
    </testcase>
    <testcase classname="Test API endpoints should GET /cucuta/taxis?date=2018-10-22" name="Test API endpoints should GET /cucuta/taxis?date=2018-10-22" time="0.001">
    </testcase>
    <testcase classname="Test API endpoints should GET /cucuta/taxis?date=2018-10-22&amp;days=5" name="Test API endpoints should GET /cucuta/taxis?date=2018-10-22&amp;days=5" time="0.001">
    </testcase>
    <testcase classname="Test API endpoints should GET /ibague" name="Test API endpoints should GET /ibague" time="0.001">
    </testcase>
    <testcase classname="Test API endpoints should return 404 for GET /ibague/nonExistingCategory" name="Test API endpoints should return 404 for GET /ibague/nonExistingCategory" time="0">
    </testcase>
    <testcase classname="Test API endpoints should GET /ibague/particulares" name="Test API endpoints should GET /ibague/particulares" time="0.001">
    </testcase>
    <testcase classname="Test API endpoints should GET /ibague/particulares?date=2018-10-22" name="Test API endpoints should GET /ibague/particulares?date=2018-10-22" time="0.001">
    </testcase>
    <testcase classname="Test API endpoints should GET /ibague/particulares?date=2018-10-22&amp;days=5" name="Test API endpoints should GET /ibague/particulares?date=2018-10-22&amp;days=5" time="0.001">
    </testcase>
    <testcase classname="Test API endpoints should return 404 for GET /ibague/nonExistingCategory" name="Test API endpoints should return 404 for GET /ibague/nonExistingCategory" time="0">
    </testcase>
    <testcase classname="Test API endpoints should GET /ibague/taxis" name="Test API endpoints should GET /ibague/taxis" time="0.001">
    </testcase>
    <testcase classname="Test API endpoints should GET /ibague/taxis?date=2018-10-22" name="Test API endpoints should GET /ibague/taxis?date=2018-10-22" time="0">
    </testcase>
    <testcase classname="Test API endpoints should GET /ibague/taxis?date=2018-10-22&amp;days=5" name="Test API endpoints should GET /ibague/taxis?date=2018-10-22&amp;days=5" time="0.001">
    </testcase>
    <testcase classname="Test API endpoints should return 404 for GET /ibague/nonExistingCategory" name="Test API endpoints should return 404 for GET /ibague/nonExistingCategory" time="0">
    </testcase>
    <testcase classname="Test API endpoints should GET /ibague/transporte-publico-colectivo" name="Test API endpoints should GET /ibague/transporte-publico-colectivo" time="0.001">
    </testcase>
    <testcase classname="Test API endpoints should GET /ibague/transporte-publico-colectivo?date=2018-10-22" name="Test API endpoints should GET /ibague/transporte-publico-colectivo?date=2018-10-22" time="0">
    </testcase>
    <testcase classname="Test API endpoints should GET /ibague/transporte-publico-colectivo?date=2018-10-22&amp;days=5" name="Test API endpoints should GET /ibague/transporte-publico-colectivo?date=2018-10-22&amp;days=5" time="0.001">
    </testcase>
    <testcase classname="Test API endpoints should GET /malambo" name="Test API endpoints should GET /malambo" time="0.001">
    </testcase>
    <testcase classname="Test API endpoints should return 404 for GET /malambo/nonExistingCategory" name="Test API endpoints should return 404 for GET /malambo/nonExistingCategory" time="0">
    </testcase>
    <testcase classname="Test API endpoints should GET /malambo/motocarros" name="Test API endpoints should GET /malambo/motocarros" time="0.001">
    </testcase>
    <testcase classname="Test API endpoints should GET /malambo/motocarros?date=2018-10-22" name="Test API endpoints should GET /malambo/motocarros?date=2018-10-22" time="0">
    </testcase>
    <testcase classname="Test API endpoints should GET /malambo/motocarros?date=2018-10-22&amp;days=5" name="Test API endpoints should GET /malambo/motocarros?date=2018-10-22&amp;days=5" time="0.001">
    </testcase>
    <testcase classname="Test API endpoints should return 404 for GET /malambo/nonExistingCategory" name="Test API endpoints should return 404 for GET /malambo/nonExistingCategory" time="0">
    </testcase>
    <testcase classname="Test API endpoints should GET /malambo/motos" name="Test API endpoints should GET /malambo/motos" time="0.001">
    </testcase>
    <testcase classname="Test API endpoints should GET /malambo/motos?date=2018-10-22" name="Test API endpoints should GET /malambo/motos?date=2018-10-22" time="0.001">
    </testcase>
    <testcase classname="Test API endpoints should GET /malambo/motos?date=2018-10-22&amp;days=5" name="Test API endpoints should GET /malambo/motos?date=2018-10-22&amp;days=5" time="0.001">
    </testcase>
    <testcase classname="Test API endpoints should GET /manizales" name="Test API endpoints should GET /manizales" time="0.001">
    </testcase>
    <testcase classname="Test API endpoints should return 404 for GET /manizales/nonExistingCategory" name="Test API endpoints should return 404 for GET /manizales/nonExistingCategory" time="0">
    </testcase>
    <testcase classname="Test API endpoints should GET /manizales/particulares" name="Test API endpoints should GET /manizales/particulares" time="0.001">
    </testcase>
    <testcase classname="Test API endpoints should GET /manizales/particulares?date=2018-10-22" name="Test API endpoints should GET /manizales/particulares?date=2018-10-22" time="0.001">
    </testcase>
    <testcase classname="Test API endpoints should GET /manizales/particulares?date=2018-10-22&amp;days=5" name="Test API endpoints should GET /manizales/particulares?date=2018-10-22&amp;days=5" time="0.001">
    </testcase>
    <testcase classname="Test API endpoints should return 404 for GET /manizales/nonExistingCategory" name="Test API endpoints should return 404 for GET /manizales/nonExistingCategory" time="0">
    </testcase>
    <testcase classname="Test API endpoints should GET /manizales/taxis" name="Test API endpoints should GET /manizales/taxis" time="0">
    </testcase>
    <testcase classname="Test API endpoints should GET /manizales/taxis?date=2018-10-22" name="Test API endpoints should GET /manizales/taxis?date=2018-10-22" time="0.001">
    </testcase>
    <testcase classname="Test API endpoints should GET /manizales/taxis?date=2018-10-22&amp;days=5" name="Test API endpoints should GET /manizales/taxis?date=2018-10-22&amp;days=5" time="0.001">
    </testcase>
    <testcase classname="Test API endpoints should return 404 for GET /manizales/nonExistingCategory" name="Test API endpoints should return 404 for GET /manizales/nonExistingCategory" time="0">
    </testcase>
    <testcase classname="Test API endpoints should GET /manizales/transporte-publico-colectivo" name="Test API endpoints should GET /manizales/transporte-publico-colectivo" time="0.002">
    </testcase>
    <testcase classname="Test API endpoints should GET /manizales/transporte-publico-colectivo?date=2018-10-22" name="Test API endpoints should GET /manizales/transporte-publico-colectivo?date=2018-10-22" time="0.001">
    </testcase>
    <testcase classname="Test API endpoints should GET /manizales/transporte-publico-colectivo?date=2018-10-22&amp;days=5" name="Test API endpoints should GET /manizales/transporte-publico-colectivo?date=2018-10-22&amp;days=5" time="0.004">
    </testcase>
    <testcase classname="Test API endpoints should GET /medellin" name="Test API endpoints should GET /medellin" time="0.001">
    </testcase>
    <testcase classname="Test API endpoints should return 404 for GET /medellin/nonExistingCategory" name="Test API endpoints should return 404 for GET /medellin/nonExistingCategory" time="0">
    </testcase>
    <testcase classname="Test API endpoints should GET /medellin/transporte-de-carga" name="Test API endpoints should GET /medellin/transporte-de-carga" time="0.001">
    </testcase>
    <testcase classname="Test API endpoints should GET /medellin/transporte-de-carga?date=2018-10-22" name="Test API endpoints should GET /medellin/transporte-de-carga?date=2018-10-22" time="0.001">
    </testcase>
    <testcase classname="Test API endpoints should GET /medellin/transporte-de-carga?date=2018-10-22&amp;days=5" name="Test API endpoints should GET /medellin/transporte-de-carga?date=2018-10-22&amp;days=5" time="0">
    </testcase>
    <testcase classname="Test API endpoints should return 404 for GET /medellin/nonExistingCategory" name="Test API endpoints should return 404 for GET /medellin/nonExistingCategory" time="0.001">
    </testcase>
    <testcase classname="Test API endpoints should GET /medellin/motos" name="Test API endpoints should GET /medellin/motos" time="0">
    </testcase>
    <testcase classname="Test API endpoints should GET /medellin/motos?date=2018-10-22" name="Test API endpoints should GET /medellin/motos?date=2018-10-22" time="0.002">
    </testcase>
    <testcase classname="Test API endpoints should GET /medellin/motos?date=2018-10-22&amp;days=5" name="Test API endpoints should GET /medellin/motos?date=2018-10-22&amp;days=5" time="0">
    </testcase>
    <testcase classname="Test API endpoints should return 404 for GET /medellin/nonExistingCategory" name="Test API endpoints should return 404 for GET /medellin/nonExistingCategory" time="0.001">
    </testcase>
    <testcase classname="Test API endpoints should GET /medellin/particulares" name="Test API endpoints should GET /medellin/particulares" time="0">
    </testcase>
    <testcase classname="Test API endpoints should GET /medellin/particulares?date=2018-10-22" name="Test API endpoints should GET /medellin/particulares?date=2018-10-22" time="0.001">
    </testcase>
    <testcase classname="Test API endpoints should GET /medellin/particulares?date=2018-10-22&amp;days=5" name="Test API endpoints should GET /medellin/particulares?date=2018-10-22&amp;days=5" time="0.001">
    </testcase>
    <testcase classname="Test API endpoints should return 404 for GET /medellin/nonExistingCategory" name="Test API endpoints should return 404 for GET /medellin/nonExistingCategory" time="0">
    </testcase>
    <testcase classname="Test API endpoints should GET /medellin/taxis" name="Test API endpoints should GET /medellin/taxis" time="0.001">
    </testcase>
    <testcase classname="Test API endpoints should GET /medellin/taxis?date=2018-10-22" name="Test API endpoints should GET /medellin/taxis?date=2018-10-22" time="0">
    </testcase>
    <testcase classname="Test API endpoints should GET /medellin/taxis?date=2018-10-22&amp;days=5" name="Test API endpoints should GET /medellin/taxis?date=2018-10-22&amp;days=5" time="0.001">
    </testcase>
    <testcase classname="Test API endpoints should GET /ocana" name="Test API endpoints should GET /ocana" time="0.001">
    </testcase>
    <testcase classname="Test API endpoints should return 404 for GET /ocana/nonExistingCategory" name="Test API endpoints should return 404 for GET /ocana/nonExistingCategory" time="0">
    </testcase>
    <testcase classname="Test API endpoints should GET /ocana/particulares" name="Test API endpoints should GET /ocana/particulares" time="0.001">
    </testcase>
    <testcase classname="Test API endpoints should GET /ocana/particulares?date=2018-10-22" name="Test API endpoints should GET /ocana/particulares?date=2018-10-22" time="0">
    </testcase>
    <testcase classname="Test API endpoints should GET /ocana/particulares?date=2018-10-22&amp;days=5" name="Test API endpoints should GET /ocana/particulares?date=2018-10-22&amp;days=5" time="0.001">
    </testcase>
    <testcase classname="Test API endpoints should GET /pamplona" name="Test API endpoints should GET /pamplona" time="0.001">
    </testcase>
    <testcase classname="Test API endpoints should return 404 for GET /pamplona/nonExistingCategory" name="Test API endpoints should return 404 for GET /pamplona/nonExistingCategory" time="0">
    </testcase>
    <testcase classname="Test API endpoints should GET /pamplona/motos" name="Test API endpoints should GET /pamplona/motos" time="0.001">
    </testcase>
    <testcase classname="Test API endpoints should GET /pamplona/motos?date=2018-10-22" name="Test API endpoints should GET /pamplona/motos?date=2018-10-22" time="0">
    </testcase>
    <testcase classname="Test API endpoints should GET /pamplona/motos?date=2018-10-22&amp;days=5" name="Test API endpoints should GET /pamplona/motos?date=2018-10-22&amp;days=5" time="0.001">
    </testcase>
    <testcase classname="Test API endpoints should return 404 for GET /pamplona/nonExistingCategory" name="Test API endpoints should return 404 for GET /pamplona/nonExistingCategory" time="0">
    </testcase>
    <testcase classname="Test API endpoints should GET /pamplona/particulares" name="Test API endpoints should GET /pamplona/particulares" time="0.001">
    </testcase>
    <testcase classname="Test API endpoints should GET /pamplona/particulares?date=2018-10-22" name="Test API endpoints should GET /pamplona/particulares?date=2018-10-22" time="0.001">
    </testcase>
    <testcase classname="Test API endpoints should GET /pamplona/particulares?date=2018-10-22&amp;days=5" name="Test API endpoints should GET /pamplona/particulares?date=2018-10-22&amp;days=5" time="0.001">
    </testcase>
    <testcase classname="Test API endpoints should GET /pasto" name="Test API endpoints should GET /pasto" time="0.001">
    </testcase>
    <testcase classname="Test API endpoints should return 404 for GET /pasto/nonExistingCategory" name="Test API endpoints should return 404 for GET /pasto/nonExistingCategory" time="0">
    </testcase>
    <testcase classname="Test API endpoints should GET /pasto/motos" name="Test API endpoints should GET /pasto/motos" time="0.001">
    </testcase>
    <testcase classname="Test API endpoints should GET /pasto/motos?date=2018-10-22" name="Test API endpoints should GET /pasto/motos?date=2018-10-22" time="0.001">
    </testcase>
    <testcase classname="Test API endpoints should GET /pasto/motos?date=2018-10-22&amp;days=5" name="Test API endpoints should GET /pasto/motos?date=2018-10-22&amp;days=5" time="0.001">
    </testcase>
    <testcase classname="Test API endpoints should return 404 for GET /pasto/nonExistingCategory" name="Test API endpoints should return 404 for GET /pasto/nonExistingCategory" time="0">
    </testcase>
    <testcase classname="Test API endpoints should GET /pasto/particulares" name="Test API endpoints should GET /pasto/particulares" time="0.001">
    </testcase>
    <testcase classname="Test API endpoints should GET /pasto/particulares?date=2018-10-22" name="Test API endpoints should GET /pasto/particulares?date=2018-10-22" time="0">
    </testcase>
    <testcase classname="Test API endpoints should GET /pasto/particulares?date=2018-10-22&amp;days=5" name="Test API endpoints should GET /pasto/particulares?date=2018-10-22&amp;days=5" time="0.001">
    </testcase>
    <testcase classname="Test API endpoints should GET /pereira" name="Test API endpoints should GET /pereira" time="0.001">
    </testcase>
    <testcase classname="Test API endpoints should return 404 for GET /pereira/nonExistingCategory" name="Test API endpoints should return 404 for GET /pereira/nonExistingCategory" time="0">
    </testcase>
    <testcase classname="Test API endpoints should GET /pereira/motos" name="Test API endpoints should GET /pereira/motos" time="0.001">
    </testcase>
    <testcase classname="Test API endpoints should GET /pereira/motos?date=2018-10-22" name="Test API endpoints should GET /pereira/motos?date=2018-10-22" time="0">
    </testcase>
    <testcase classname="Test API endpoints should GET /pereira/motos?date=2018-10-22&amp;days=5" name="Test API endpoints should GET /pereira/motos?date=2018-10-22&amp;days=5" time="0.001">
    </testcase>
    <testcase classname="Test API endpoints should return 404 for GET /pereira/nonExistingCategory" name="Test API endpoints should return 404 for GET /pereira/nonExistingCategory" time="0">
    </testcase>
    <testcase classname="Test API endpoints should GET /pereira/particulares" name="Test API endpoints should GET /pereira/particulares" time="0.001">
    </testcase>
    <testcase classname="Test API endpoints should GET /pereira/particulares?date=2018-10-22" name="Test API endpoints should GET /pereira/particulares?date=2018-10-22" time="0.001">
    </testcase>
    <testcase classname="Test API endpoints should GET /pereira/particulares?date=2018-10-22&amp;days=5" name="Test API endpoints should GET /pereira/particulares?date=2018-10-22&amp;days=5" time="0">
    </testcase>
    <testcase classname="Test API endpoints should GET /popayan" name="Test API endpoints should GET /popayan" time="0.001">
    </testcase>
    <testcase classname="Test API endpoints should return 404 for GET /popayan/nonExistingCategory" name="Test API endpoints should return 404 for GET /popayan/nonExistingCategory" time="0">
    </testcase>
    <testcase classname="Test API endpoints should GET /popayan/motos" name="Test API endpoints should GET /popayan/motos" time="0.002">
    </testcase>
    <testcase classname="Test API endpoints should GET /popayan/motos?date=2018-10-22" name="Test API endpoints should GET /popayan/motos?date=2018-10-22" time="0">
    </testcase>
    <testcase classname="Test API endpoints should GET /popayan/motos?date=2018-10-22&amp;days=5" name="Test API endpoints should GET /popayan/motos?date=2018-10-22&amp;days=5" time="0.001">
    </testcase>
    <testcase classname="Test API endpoints should return 404 for GET /popayan/nonExistingCategory" name="Test API endpoints should return 404 for GET /popayan/nonExistingCategory" time="0">
    </testcase>
    <testcase classname="Test API endpoints should GET /popayan/particulares" name="Test API endpoints should GET /popayan/particulares" time="0.002">
    </testcase>
    <testcase classname="Test API endpoints should GET /popayan/particulares?date=2018-10-22" name="Test API endpoints should GET /popayan/particulares?date=2018-10-22" time="0">
    </testcase>
    <testcase classname="Test API endpoints should GET /popayan/particulares?date=2018-10-22&amp;days=5" name="Test API endpoints should GET /popayan/particulares?date=2018-10-22&amp;days=5" time="0.001">
    </testcase>
    <testcase classname="Test API endpoints should return 404 for GET /popayan/nonExistingCategory" name="Test API endpoints should return 404 for GET /popayan/nonExistingCategory" time="0">
    </testcase>
    <testcase classname="Test API endpoints should GET /popayan/transporte-publico-colectivo" name="Test API endpoints should GET /popayan/transporte-publico-colectivo" time="0.001">
    </testcase>
    <testcase classname="Test API endpoints should GET /popayan/transporte-publico-colectivo?date=2018-10-22" name="Test API endpoints should GET /popayan/transporte-publico-colectivo?date=2018-10-22" time="0.001">
    </testcase>
    <testcase classname="Test API endpoints should GET /popayan/transporte-publico-colectivo?date=2018-10-22&amp;days=5" name="Test API endpoints should GET /popayan/transporte-publico-colectivo?date=2018-10-22&amp;days=5" time="0">
    </testcase>
    <testcase classname="Test API endpoints should GET /quibdo" name="Test API endpoints should GET /quibdo" time="0.001">
    </testcase>
    <testcase classname="Test API endpoints should return 404 for GET /quibdo/nonExistingCategory" name="Test API endpoints should return 404 for GET /quibdo/nonExistingCategory" time="0">
    </testcase>
    <testcase classname="Test API endpoints should GET /quibdo/motos" name="Test API endpoints should GET /quibdo/motos" time="0.001">
    </testcase>
    <testcase classname="Test API endpoints should GET /quibdo/motos?date=2018-10-22" name="Test API endpoints should GET /quibdo/motos?date=2018-10-22" time="0.001">
    </testcase>
    <testcase classname="Test API endpoints should GET /quibdo/motos?date=2018-10-22&amp;days=5" name="Test API endpoints should GET /quibdo/motos?date=2018-10-22&amp;days=5" time="0">
    </testcase>
    <testcase classname="Test API endpoints should return 404 for GET /quibdo/nonExistingCategory" name="Test API endpoints should return 404 for GET /quibdo/nonExistingCategory" time="0.001">
    </testcase>
    <testcase classname="Test API endpoints should GET /quibdo/particulares" name="Test API endpoints should GET /quibdo/particulares" time="0">
    </testcase>
    <testcase classname="Test API endpoints should GET /quibdo/particulares?date=2018-10-22" name="Test API endpoints should GET /quibdo/particulares?date=2018-10-22" time="0.001">
    </testcase>
    <testcase classname="Test API endpoints should GET /quibdo/particulares?date=2018-10-22&amp;days=5" name="Test API endpoints should GET /quibdo/particulares?date=2018-10-22&amp;days=5" time="0.001">
    </testcase>
    <testcase classname="Test API endpoints should GET /santa-marta" name="Test API endpoints should GET /santa-marta" time="0.001">
    </testcase>
    <testcase classname="Test API endpoints should return 404 for GET /santa-marta/nonExistingCategory" name="Test API endpoints should return 404 for GET /santa-marta/nonExistingCategory" time="0">
    </testcase>
    <testcase classname="Test API endpoints should GET /santa-marta/motos" name="Test API endpoints should GET /santa-marta/motos" time="0.001">
    </testcase>
    <testcase classname="Test API endpoints should GET /santa-marta/motos?date=2018-10-22" name="Test API endpoints should GET /santa-marta/motos?date=2018-10-22" time="0.001">
    </testcase>
    <testcase classname="Test API endpoints should GET /santa-marta/motos?date=2018-10-22&amp;days=5" name="Test API endpoints should GET /santa-marta/motos?date=2018-10-22&amp;days=5" time="0.001">
    </testcase>
    <testcase classname="Test API endpoints should return 404 for GET /santa-marta/nonExistingCategory" name="Test API endpoints should return 404 for GET /santa-marta/nonExistingCategory" time="0">
    </testcase>
    <testcase classname="Test API endpoints should GET /santa-marta/particulares" name="Test API endpoints should GET /santa-marta/particulares" time="0.001">
    </testcase>
    <testcase classname="Test API endpoints should GET /santa-marta/particulares?date=2018-10-22" name="Test API endpoints should GET /santa-marta/particulares?date=2018-10-22" time="0.001">
    </testcase>
    <testcase classname="Test API endpoints should GET /santa-marta/particulares?date=2018-10-22&amp;days=5" name="Test API endpoints should GET /santa-marta/particulares?date=2018-10-22&amp;days=5" time="0">
    </testcase>
    <testcase classname="Test API endpoints should return 404 for GET /santa-marta/nonExistingCategory" name="Test API endpoints should return 404 for GET /santa-marta/nonExistingCategory" time="0">
    </testcase>
    <testcase classname="Test API endpoints should GET /santa-marta/taxis" name="Test API endpoints should GET /santa-marta/taxis" time="0.001">
    </testcase>
    <testcase classname="Test API endpoints should GET /santa-marta/taxis?date=2018-10-22" name="Test API endpoints should GET /santa-marta/taxis?date=2018-10-22" time="0">
    </testcase>
    <testcase classname="Test API endpoints should GET /santa-marta/taxis?date=2018-10-22&amp;days=5" name="Test API endpoints should GET /santa-marta/taxis?date=2018-10-22&amp;days=5" time="0.001">
    </testcase>
    <testcase classname="Test API endpoints should GET /soledad" name="Test API endpoints should GET /soledad" time="0.001">
    </testcase>
    <testcase classname="Test API endpoints should return 404 for GET /soledad/nonExistingCategory" name="Test API endpoints should return 404 for GET /soledad/nonExistingCategory" time="0">
    </testcase>
    <testcase classname="Test API endpoints should GET /soledad/motocarros" name="Test API endpoints should GET /soledad/motocarros" time="0.001">
    </testcase>
    <testcase classname="Test API endpoints should GET /soledad/motocarros?date=2018-10-22" name="Test API endpoints should GET /soledad/motocarros?date=2018-10-22" time="0.001">
    </testcase>
    <testcase classname="Test API endpoints should GET /soledad/motocarros?date=2018-10-22&amp;days=5" name="Test API endpoints should GET /soledad/motocarros?date=2018-10-22&amp;days=5" time="0">
    </testcase>
    <testcase classname="Test API endpoints should return 404 for GET /soledad/nonExistingCategory" name="Test API endpoints should return 404 for GET /soledad/nonExistingCategory" time="0.001">
    </testcase>
    <testcase classname="Test API endpoints should GET /soledad/motos" name="Test API endpoints should GET /soledad/motos" time="0">
    </testcase>
    <testcase classname="Test API endpoints should GET /soledad/motos?date=2018-10-22" name="Test API endpoints should GET /soledad/motos?date=2018-10-22" time="0.001">
    </testcase>
    <testcase classname="Test API endpoints should GET /soledad/motos?date=2018-10-22&amp;days=5" name="Test API endpoints should GET /soledad/motos?date=2018-10-22&amp;days=5" time="0.001">
    </testcase>
    <testcase classname="Test API endpoints should GET /tunja" name="Test API endpoints should GET /tunja" time="0.001">
    </testcase>
    <testcase classname="Test API endpoints should return 404 for GET /tunja/nonExistingCategory" name="Test API endpoints should return 404 for GET /tunja/nonExistingCategory" time="0">
    </testcase>
    <testcase classname="Test API endpoints should GET /tunja/particulares" name="Test API endpoints should GET /tunja/particulares" time="0.001">
    </testcase>
    <testcase classname="Test API endpoints should GET /tunja/particulares?date=2018-10-22" name="Test API endpoints should GET /tunja/particulares?date=2018-10-22" time="0.001">
    </testcase>
    <testcase classname="Test API endpoints should GET /tunja/particulares?date=2018-10-22&amp;days=5" name="Test API endpoints should GET /tunja/particulares?date=2018-10-22&amp;days=5" time="0">
    </testcase>
    <testcase classname="Test API endpoints should return 404 for GET /tunja/nonExistingCategory" name="Test API endpoints should return 404 for GET /tunja/nonExistingCategory" time="0.001">
    </testcase>
    <testcase classname="Test API endpoints should GET /tunja/taxis" name="Test API endpoints should GET /tunja/taxis" time="0">
    </testcase>
    <testcase classname="Test API endpoints should GET /tunja/taxis?date=2018-10-22" name="Test API endpoints should GET /tunja/taxis?date=2018-10-22" time="0.001">
    </testcase>
    <testcase classname="Test API endpoints should GET /tunja/taxis?date=2018-10-22&amp;days=5" name="Test API endpoints should GET /tunja/taxis?date=2018-10-22&amp;days=5" time="0.001">
    </testcase>
    <testcase classname="Test API endpoints should GET /turbaco" name="Test API endpoints should GET /turbaco" time="0">
    </testcase>
    <testcase classname="Test API endpoints should return 404 for GET /turbaco/nonExistingCategory" name="Test API endpoints should return 404 for GET /turbaco/nonExistingCategory" time="0">
    </testcase>
    <testcase classname="Test API endpoints should GET /turbaco/motos" name="Test API endpoints should GET /turbaco/motos" time="0.001">
    </testcase>
    <testcase classname="Test API endpoints should GET /turbaco/motos?date=2018-10-22" name="Test API endpoints should GET /turbaco/motos?date=2018-10-22" time="0.001">
    </testcase>
    <testcase classname="Test API endpoints should GET /turbaco/motos?date=2018-10-22&amp;days=5" name="Test API endpoints should GET /turbaco/motos?date=2018-10-22&amp;days=5" time="0">
    </testcase>
    <testcase classname="Test API endpoints should GET /villavicencio" name="Test API endpoints should GET /villavicencio" time="0.001">
    </testcase>
    <testcase classname="Test API endpoints should return 404 for GET /villavicencio/nonExistingCategory" name="Test API endpoints should return 404 for GET /villavicencio/nonExistingCategory" time="0.001">
    </testcase>
    <testcase classname="Test API endpoints should GET /villavicencio/transporte-de-carga" name="Test API endpoints should GET /villavicencio/transporte-de-carga" time="0">
    </testcase>
    <testcase classname="Test API endpoints should GET /villavicencio/transporte-de-carga?date=2018-10-22" name="Test API endpoints should GET /villavicencio/transporte-de-carga?date=2018-10-22" time="0.001">
    </testcase>
    <testcase classname="Test API endpoints should GET /villavicencio/transporte-de-carga?date=2018-10-22&amp;days=5" name="Test API endpoints should GET /villavicencio/transporte-de-carga?date=2018-10-22&amp;days=5" time="0">
    </testcase>
    <testcase classname="Test API endpoints should return 404 for GET /villavicencio/nonExistingCategory" name="Test API endpoints should return 404 for GET /villavicencio/nonExistingCategory" time="0.001">
    </testcase>
    <testcase classname="Test API endpoints should GET /villavicencio/motos" name="Test API endpoints should GET /villavicencio/motos" time="0">
    </testcase>
    <testcase classname="Test API endpoints should GET /villavicencio/motos?date=2018-10-22" name="Test API endpoints should GET /villavicencio/motos?date=2018-10-22" time="0.001">
    </testcase>
    <testcase classname="Test API endpoints should GET /villavicencio/motos?date=2018-10-22&amp;days=5" name="Test API endpoints should GET /villavicencio/motos?date=2018-10-22&amp;days=5" time="0.001">
    </testcase>
    <testcase classname="Test API endpoints should return 404 for GET /villavicencio/nonExistingCategory" name="Test API endpoints should return 404 for GET /villavicencio/nonExistingCategory" time="0">
    </testcase>
    <testcase classname="Test API endpoints should GET /villavicencio/particulares" name="Test API endpoints should GET /villavicencio/particulares" time="0">
    </testcase>
    <testcase classname="Test API endpoints should GET /villavicencio/particulares?date=2018-10-22" name="Test API endpoints should GET /villavicencio/particulares?date=2018-10-22" time="0.001">
    </testcase>
    <testcase classname="Test API endpoints should GET /villavicencio/particulares?date=2018-10-22&amp;days=5" name="Test API endpoints should GET /villavicencio/particulares?date=2018-10-22&amp;days=5" time="0.001">
    </testcase>
    <testcase classname="Test API endpoints should return 404 for GET /villavicencio/nonExistingCategory" name="Test API endpoints should return 404 for GET /villavicencio/nonExistingCategory" time="0">
    </testcase>
    <testcase classname="Test API endpoints should GET /villavicencio/taxis" name="Test API endpoints should GET /villavicencio/taxis" time="0.001">
    </testcase>
    <testcase classname="Test API endpoints should GET /villavicencio/taxis?date=2018-10-22" name="Test API endpoints should GET /villavicencio/taxis?date=2018-10-22" time="0.001">
    </testcase>
    <testcase classname="Test API endpoints should GET /villavicencio/taxis?date=2018-10-22&amp;days=5" name="Test API endpoints should GET /villavicencio/taxis?date=2018-10-22&amp;days=5" time="0">
    </testcase>
  </testsuite>
</testsuites>